stm32f1xx_ll_usb.c:124:19:USB_CoreInit	16	static
stm32f1xx_ll_usb.c:147:19:USB_EnableGlobalInt	16	static
stm32f1xx_ll_usb.c:159:19:USB_DisableGlobalInt	16	static
stm32f1xx_ll_usb.c:175:19:USB_SetCurrentMode	16	static
stm32f1xx_ll_usb.c:200:19:USB_DevInit	24	static
stm32f1xx_ll_usb.c:299:19:USB_FlushTxFifo	24	static
stm32f1xx_ll_usb.c:322:19:USB_FlushRxFifo	24	static
stm32f1xx_ll_usb.c:350:19:USB_SetDevSpeed	16	static
stm32f1xx_ll_usb.c:367:9:USB_GetDevSpeed	24	static
stm32f1xx_ll_usb.c:392:19:USB_ActivateEndpoint	16	static
stm32f1xx_ll_usb.c:438:19:USB_DeactivateEndpoint	16	static
stm32f1xx_ll_usb.c:465:19:USB_EPStartXfer	24	static
stm32f1xx_ll_usb.c:574:19:USB_EP0StartXfer	16	static
stm32f1xx_ll_usb.c:649:19:USB_WritePacket	32	static
stm32f1xx_ll_usb.c:671:7:USB_ReadPacket	32	static
stm32f1xx_ll_usb.c:692:19:USB_EPSetStall	16	static
stm32f1xx_ll_usb.c:722:19:USB_EPClearStall	16	static
stm32f1xx_ll_usb.c:751:19:USB_StopDevice	24	static
stm32f1xx_ll_usb.c:782:20:USB_SetDevAddress	16	static
stm32f1xx_ll_usb.c:798:20:USB_DevConnect	16	static
stm32f1xx_ll_usb.c:814:20:USB_DevDisconnect	16	static
stm32f1xx_ll_usb.c:830:11:USB_ReadInterrupts	24	static
stm32f1xx_ll_usb.c:844:10:USB_ReadDevAllOutEpInterrupt	24	static
stm32f1xx_ll_usb.c:860:10:USB_ReadDevAllInEpInterrupt	24	static
stm32f1xx_ll_usb.c:878:10:USB_ReadDevOutEPInterrupt	24	static
stm32f1xx_ll_usb.c:896:10:USB_ReadDevInEPInterrupt	32	static
stm32f1xx_ll_usb.c:915:7:USB_ClearInterrupts	16	static
stm32f1xx_ll_usb.c:928:10:USB_GetMode	16	static
stm32f1xx_ll_usb.c:941:20:USB_ActivateSetup	16	static
stm32f1xx_ll_usb.c:963:19:USB_EP0_OutStart	16	static
stm32f1xx_ll_usb.c:984:19:USB_HostInit	24	static
stm32f1xx_ll_usb.c:1057:19:USB_InitFSLSPClkSel	16	static
stm32f1xx_ll_usb.c:1083:19:USB_ResetPort	24	static
stm32f1xx_ll_usb.c:1108:19:USB_DriveVbus	24	static
stm32f1xx_ll_usb.c:1137:10:USB_GetHostSpeed	24	static
stm32f1xx_ll_usb.c:1152:10:USB_GetCurrentFrame	16	static
stm32f1xx_ll_usb.c:1183:19:USB_HC_Init	16	static
stm32f1xx_ll_usb.c:1274:19:USB_HC_StartXfer	32	static
stm32f1xx_ll_usb.c:1362:10:USB_HC_ReadInterrupt	16	static
stm32f1xx_ll_usb.c:1377:19:USB_HC_Halt	24	static
stm32f1xx_ll_usb.c:1442:19:USB_DoPing	24	static
stm32f1xx_ll_usb.c:1466:19:USB_StopHost	32	static
stm32f1xx_ll_usb.c:1520:19:USB_ActivateRemoteWakeup	16	static
stm32f1xx_ll_usb.c:1537:19:USB_DeActivateRemoteWakeup	16	static
stm32f1xx_ll_usb.c:2290:26:USB_CoreReset	24	static
