stm32f1xx_hal_hcd.c:127:19:HAL_HCD_Init	56	static
stm32f1xx_hal_hcd.c:189:19:HAL_HCD_HC_Init	48	static
stm32f1xx_hal_hcd.c:228:19:HAL_HCD_HC_Halt	16	static
stm32f1xx_hal_hcd.c:243:19:HAL_HCD_DeInit	16	static
stm32f1xx_hal_hcd.c:268:14:HAL_HCD_MspInit	16	static
stm32f1xx_hal_hcd.c:282:14:HAL_HCD_MspDeInit	16	static
stm32f1xx_hal_hcd.c:333:19:HAL_HCD_HC_SubmitRequest	16	static
stm32f1xx_hal_hcd.c:457:6:HAL_HCD_IRQHandler	32	static
stm32f1xx_hal_hcd.c:561:13:HAL_HCD_SOF_Callback	16	static
stm32f1xx_hal_hcd.c:575:13:HAL_HCD_Connect_Callback	16	static
stm32f1xx_hal_hcd.c:589:13:HAL_HCD_Disconnect_Callback	16	static
stm32f1xx_hal_hcd.c:613:13:HAL_HCD_HC_NotifyURBChange_Callback	16	static
stm32f1xx_hal_hcd.c:648:19:HAL_HCD_Start	16	static
stm32f1xx_hal_hcd.c:663:19:HAL_HCD_Stop	16	static
stm32f1xx_hal_hcd.c:676:19:HAL_HCD_ResetPort	16	static
stm32f1xx_hal_hcd.c:705:18:HAL_HCD_GetState	16	static
stm32f1xx_hal_hcd.c:724:21:HAL_HCD_HC_GetURBState	16	static
stm32f1xx_hal_hcd.c:737:10:HAL_HCD_HC_GetXferCount	16	static
stm32f1xx_hal_hcd.c:759:21:HAL_HCD_HC_GetState	16	static
stm32f1xx_hal_hcd.c:769:10:HAL_HCD_GetCurrentFrame	16	static
stm32f1xx_hal_hcd.c:779:10:HAL_HCD_GetCurrentSpeed	16	static
stm32f1xx_hal_hcd.c:801:13:HCD_HC_IN_IRQHandler	32	static
stm32f1xx_hal_hcd.c:934:13:HCD_HC_OUT_IRQHandler	32	static
stm32f1xx_hal_hcd.c:1067:13:HCD_RXQLVL_IRQHandler	48	static
stm32f1xx_hal_hcd.c:1120:13:HCD_Port_IRQHandler	32	static
