stm32f1xx_hal_rtc.c:244:19:HAL_RTC_Init	24	static
stm32f1xx_hal_rtc.c:357:19:HAL_RTC_DeInit	16	static
stm32f1xx_hal_rtc.c:427:13:HAL_RTC_MspInit	16	static
stm32f1xx_hal_rtc.c:442:13:HAL_RTC_MspDeInit	16	static
stm32f1xx_hal_rtc.c:480:19:HAL_RTC_SetTime	40	static
stm32f1xx_hal_rtc.c:579:19:HAL_RTC_GetTime	40	static
stm32f1xx_hal_rtc.c:690:19:HAL_RTC_SetDate	40	static
stm32f1xx_hal_rtc.c:804:19:HAL_RTC_GetDate	32	static
stm32f1xx_hal_rtc.c:869:19:HAL_RTC_SetAlarm	48	static
stm32f1xx_hal_rtc.c:961:19:HAL_RTC_SetAlarm_IT	48	static
stm32f1xx_hal_rtc.c:1066:19:HAL_RTC_GetAlarm	32	static
stm32f1xx_hal_rtc.c:1111:19:HAL_RTC_DeactivateAlarm	16	static
stm32f1xx_hal_rtc.c:1181:6:HAL_RTC_AlarmIRQHandler	16	static
stm32f1xx_hal_rtc.c:1209:13:HAL_RTC_AlarmAEventCallback	16	static
stm32f1xx_hal_rtc.c:1225:19:HAL_RTC_PollForAlarmAEvent	24	static
stm32f1xx_hal_rtc.c:1280:21:HAL_RTC_GetState	16	static
stm32f1xx_hal_rtc.c:1313:19:HAL_RTC_WaitForSynchro	24	static
stm32f1xx_hal_rtc.c:1360:17:RTC_ReadTimeCounter	32	static
stm32f1xx_hal_rtc.c:1390:26:RTC_WriteTimeCounter	24	static
stm32f1xx_hal_rtc.c:1422:17:RTC_ReadAlarmCounter	24	static
stm32f1xx_hal_rtc.c:1439:26:RTC_WriteAlarmCounter	24	static
stm32f1xx_hal_rtc.c:1471:26:RTC_EnterInitMode	24	static
stm32f1xx_hal_rtc.c:1498:26:RTC_ExitInitMode	24	static
stm32f1xx_hal_rtc.c:1523:16:RTC_ByteToBcd2	24	static
stm32f1xx_hal_rtc.c:1541:16:RTC_Bcd2ToByte	24	static
stm32f1xx_hal_rtc.c:1555:13:RTC_DateUpdate	48	static
stm32f1xx_hal_rtc.c:1657:16:RTC_IsLeapYear	16	static
stm32f1xx_hal_rtc.c:1694:16:RTC_WeekDayNum	24	static
