main.c:118:5:main	112	static
main.c:245:6:SystemClock_Config	120	static
main.c:313:13:MX_RTC_Init	24	static
main.c:361:13:MX_SPI1_Init	8	static
main.c:385:13:MX_SPI2_Init	8	static
main.c:409:13:MX_SPI3_Init	8	static
main.c:433:13:MX_TIM3_Init	32	static
main.c:466:13:MX_USART1_UART_Init	8	static
main.c:485:13:MX_USART2_UART_Init	8	static
main.c:504:13:MX_USART3_UART_Init	8	static
main.c:525:13:MX_DMA_Init	16	static
main.c:553:13:MX_GPIO_Init	48	static
main.c:644:6:StartDefaultTask	56	static
main.c:690:6:HAL_TIM_PeriodElapsedCallback	16	static
main.c:710:6:_Error_Handler	16	static
