main.c:121:5:main	88	static
main.c:248:6:SystemClock_Config	120	static
main.c:316:13:MX_RTC_Init	24	static
main.c:364:13:MX_SPI1_Init	8	static
main.c:388:13:MX_SPI2_Init	8	static
main.c:413:13:MX_SPI3_Init	8	static
main.c:438:13:MX_TIM3_Init	8	static
main.c:469:13:MX_USART1_UART_Init	8	static
main.c:488:13:MX_USART2_UART_Init	8	static
main.c:508:13:MX_USART3_UART_Init	8	static
main.c:529:13:MX_DMA_Init	16	static
main.c:560:13:MX_GPIO_Init	48	static
main.c:649:6:HAL_GPIO_EXTI_Callback	16	static
main.c:657:6:HAL_SPI_RxCpltCallback	16	static
main.c:667:6:StartDefaultTask	56	static
main.c:713:6:HAL_TIM_PeriodElapsedCallback	16	static
main.c:735:6:_Error_Handler	16	static
