stm32f1xx_it.c:61:6:NMI_Handler	4	static
stm32f1xx_it.c:74:6:HardFault_Handler	4	static
stm32f1xx_it.c:92:6:MemManage_Handler	4	static
stm32f1xx_it.c:110:6:BusFault_Handler	4	static
stm32f1xx_it.c:128:6:UsageFault_Handler	4	static
stm32f1xx_it.c:146:6:DebugMon_Handler	4	static
stm32f1xx_it.c:159:6:SysTick_Handler	8	static
stm32f1xx_it.c:180:6:DMA1_Channel2_IRQHandler	8	static
stm32f1xx_it.c:194:6:DMA1_Channel3_IRQHandler	8	static
stm32f1xx_it.c:208:6:DMA1_Channel4_IRQHandler	8	static
stm32f1xx_it.c:222:6:DMA1_Channel5_IRQHandler	8	static
stm32f1xx_it.c:235:6:TIM3_IRQHandler	8	static
stm32f1xx_it.c:248:6:TIM7_IRQHandler	8	static
stm32f1xx_it.c:262:6:OTG_FS_IRQHandler	8	static
stm32f1xx_it.c:277:6:EXTI15_10_IRQHandler	8	static
