lcd_oled.c:12:13:oled_cs_set	8	static
lcd_oled.c:17:13:oled_cs_reset	8	static
lcd_oled.c:22:13:oled_scl_set	8	static
lcd_oled.c:27:13:oled_scl_reset	8	static
lcd_oled.c:32:13:oled_mosi_set	8	static
lcd_oled.c:37:13:oled_mosi_reset	8	static
lcd_oled.c:42:22:oled_miso_read	8	static
lcd_oled.c:47:16:oled_recv_data	16	static
lcd_oled.c:81:16:oled_wait	16	static
lcd_oled.c:94:13:oled_send_cmd	24	static
lcd_oled.c:121:13:oled_send_data	24	static
lcd_oled.c:149:6:oled_lcd_init	8	static
lcd_oled.c:167:6:oled_print_upper	24	static
lcd_oled.c:186:6:oled_print_lower_and_time	32	static
lcd_oled.c:215:6:oled_print_lower	24	static
lcd_oled.c:228:6:oled_clr_upper	16	static
lcd_oled.c:237:6:oled_clr_lower	16	static
lcd_oled.c:246:6:oled_clr_all	8	static
