Archive member included to satisfy reference by file (symbol)

c:/program files (x86)/atollic/truestudio for stm32 9.0.0/armtools/bin/../lib/gcc/arm-atollic-eabi/6.3.1/../../../../arm-atollic-eabi/lib/armv7-m\libc_nano.a(lib_a-atoi.o)
                              Middlewares\ioLibrary_wiznet\Internet\FTPClient\ftpc.o (atoi)
c:/program files (x86)/atollic/truestudio for stm32 9.0.0/armtools/bin/../lib/gcc/arm-atollic-eabi/6.3.1/../../../../arm-atollic-eabi/lib/armv7-m\libc_nano.a(lib_a-init.o)
                              startup\startup_stm32f107xc.o (__libc_init_array)
c:/program files (x86)/atollic/truestudio for stm32 9.0.0/armtools/bin/../lib/gcc/arm-atollic-eabi/6.3.1/../../../../arm-atollic-eabi/lib/armv7-m\libc_nano.a(lib_a-lcltime.o)
                              mpii_src\task_hr_handler.o (localtime)
c:/program files (x86)/atollic/truestudio for stm32 9.0.0/armtools/bin/../lib/gcc/arm-atollic-eabi/6.3.1/../../../../arm-atollic-eabi/lib/armv7-m\libc_nano.a(lib_a-lcltime_r.o)
                              c:/program files (x86)/atollic/truestudio for stm32 9.0.0/armtools/bin/../lib/gcc/arm-atollic-eabi/6.3.1/../../../../arm-atollic-eabi/lib/armv7-m\libc_nano.a(lib_a-lcltime.o) (localtime_r)
c:/program files (x86)/atollic/truestudio for stm32 9.0.0/armtools/bin/../lib/gcc/arm-atollic-eabi/6.3.1/../../../../arm-atollic-eabi/lib/armv7-m\libc_nano.a(lib_a-locale.o)
                              Middlewares\ioLibrary_wiznet\Internet\FTPServer\ftpd.o (__locale_ctype_ptr)
c:/program files (x86)/atollic/truestudio for stm32 9.0.0/armtools/bin/../lib/gcc/arm-atollic-eabi/6.3.1/../../../../arm-atollic-eabi/lib/armv7-m\libc_nano.a(lib_a-malloc.o)
                              Middlewares\ST\STM32_USB_Host_Library\Class\MSC\Src\usbh_msc.o (malloc)
c:/program files (x86)/atollic/truestudio for stm32 9.0.0/armtools/bin/../lib/gcc/arm-atollic-eabi/6.3.1/../../../../arm-atollic-eabi/lib/armv7-m\libc_nano.a(lib_a-mbtowc_r.o)
                              c:/program files (x86)/atollic/truestudio for stm32 9.0.0/armtools/bin/../lib/gcc/arm-atollic-eabi/6.3.1/../../../../arm-atollic-eabi/lib/armv7-m\libc_nano.a(lib_a-locale.o) (__ascii_mbtowc)
c:/program files (x86)/atollic/truestudio for stm32 9.0.0/armtools/bin/../lib/gcc/arm-atollic-eabi/6.3.1/../../../../arm-atollic-eabi/lib/armv7-m\libc_nano.a(lib_a-memcmp.o)
                              Middlewares\ioLibrary_wiznet\Internet\MQTT\MQTTPacket\src\MQTTConnectServer.o (memcmp)
c:/program files (x86)/atollic/truestudio for stm32 9.0.0/armtools/bin/../lib/gcc/arm-atollic-eabi/6.3.1/../../../../arm-atollic-eabi/lib/armv7-m\libc_nano.a(lib_a-memcpy-stub.o)
                              Middlewares\ST\STM32_USB_Host_Library\Class\MSC\Src\usbh_msc.o (memcpy)
c:/program files (x86)/atollic/truestudio for stm32 9.0.0/armtools/bin/../lib/gcc/arm-atollic-eabi/6.3.1/../../../../arm-atollic-eabi/lib/armv7-m\libc_nano.a(lib_a-memset.o)
                              Middlewares\ST\STM32_USB_Host_Library\Class\MSC\Src\usbh_msc.o (memset)
c:/program files (x86)/atollic/truestudio for stm32 9.0.0/armtools/bin/../lib/gcc/arm-atollic-eabi/6.3.1/../../../../arm-atollic-eabi/lib/armv7-m\libc_nano.a(lib_a-month_lengths.o)
                              c:/program files (x86)/atollic/truestudio for stm32 9.0.0/armtools/bin/../lib/gcc/arm-atollic-eabi/6.3.1/../../../../arm-atollic-eabi/lib/armv7-m\libc_nano.a(lib_a-lcltime_r.o) (__month_lengths)
c:/program files (x86)/atollic/truestudio for stm32 9.0.0/armtools/bin/../lib/gcc/arm-atollic-eabi/6.3.1/../../../../arm-atollic-eabi/lib/armv7-m\libc_nano.a(lib_a-nano-freer.o)
                              c:/program files (x86)/atollic/truestudio for stm32 9.0.0/armtools/bin/../lib/gcc/arm-atollic-eabi/6.3.1/../../../../arm-atollic-eabi/lib/armv7-m\libc_nano.a(lib_a-malloc.o) (_free_r)
c:/program files (x86)/atollic/truestudio for stm32 9.0.0/armtools/bin/../lib/gcc/arm-atollic-eabi/6.3.1/../../../../arm-atollic-eabi/lib/armv7-m\libc_nano.a(lib_a-nano-mallocr.o)
                              c:/program files (x86)/atollic/truestudio for stm32 9.0.0/armtools/bin/../lib/gcc/arm-atollic-eabi/6.3.1/../../../../arm-atollic-eabi/lib/armv7-m\libc_nano.a(lib_a-malloc.o) (_malloc_r)
c:/program files (x86)/atollic/truestudio for stm32 9.0.0/armtools/bin/../lib/gcc/arm-atollic-eabi/6.3.1/../../../../arm-atollic-eabi/lib/armv7-m\libc_nano.a(lib_a-printf.o)
                              Middlewares\ST\STM32_USB_Host_Library\Class\MSC\Src\usbh_msc.o (printf)
c:/program files (x86)/atollic/truestudio for stm32 9.0.0/armtools/bin/../lib/gcc/arm-atollic-eabi/6.3.1/../../../../arm-atollic-eabi/lib/armv7-m\libc_nano.a(lib_a-putchar.o)
                              Middlewares\ST\STM32_USB_Host_Library\Class\MSC\Src\usbh_msc.o (putchar)
c:/program files (x86)/atollic/truestudio for stm32 9.0.0/armtools/bin/../lib/gcc/arm-atollic-eabi/6.3.1/../../../../arm-atollic-eabi/lib/armv7-m\libc_nano.a(lib_a-puts.o)
[...]
Memory Configuration

Name             Origin             Length             Attributes
RAM              0x20000000         0x00010000         xrw
FLASH            0x08000000         0x00040000         xr
*default*        0x00000000         0xffffffff

Linker script and memory map

LOAD c:/program files (x86)/atollic/truestudio for stm32 9.0.0/armtools/bin/../lib/gcc/arm-atollic-eabi/6.3.1/armv7-m/crti.o
LOAD c:/program files (x86)/atollic/truestudio for stm32 9.0.0/armtools/bin/../lib/gcc/arm-atollic-eabi/6.3.1/armv7-m/crtbegin.o
LOAD Drivers\STM32F1xx_HAL_Driver\Src\stm32f1xx_hal.o
LOAD Drivers\STM32F1xx_HAL_Driver\Src\stm32f1xx_hal_cortex.o
LOAD Drivers\STM32F1xx_HAL_Driver\Src\stm32f1xx_hal_dma.o
LOAD Drivers\STM32F1xx_HAL_Driver\Src\stm32f1xx_hal_flash.o
LOAD Drivers\STM32F1xx_HAL_Driver\Src\stm32f1xx_hal_flash_ex.o
LOAD Drivers\STM32F1xx_HAL_Driver\Src\stm32f1xx_hal_gpio.o
LOAD Drivers\STM32F1xx_HAL_Driver\Src\stm32f1xx_hal_gpio_ex.o
LOAD Drivers\STM32F1xx_HAL_Driver\Src\stm32f1xx_hal_hcd.o
LOAD Drivers\STM32F1xx_HAL_Driver\Src\stm32f1xx_hal_pwr.o
LOAD Drivers\STM32F1xx_HAL_Driver\Src\stm32f1xx_hal_rcc.o
LOAD Drivers\STM32F1xx_HAL_Driver\Src\stm32f1xx_hal_rcc_ex.o
LOAD Drivers\STM32F1xx_HAL_Driver\Src\stm32f1xx_hal_rtc.o
LOAD Drivers\STM32F1xx_HAL_Driver\Src\stm32f1xx_hal_rtc_ex.o
LOAD Drivers\STM32F1xx_HAL_Driver\Src\stm32f1xx_hal_spi.o
LOAD Drivers\STM32F1xx_HAL_Driver\Src\stm32f1xx_hal_spi_ex.o
LOAD Drivers\STM32F1xx_HAL_Driver\Src\stm32f1xx_hal_tim.o
LOAD Drivers\STM32F1xx_HAL_Driver\Src\stm32f1xx_hal_tim_ex.o
LOAD Drivers\STM32F1xx_HAL_Driver\Src\stm32f1xx_hal_uart.o
LOAD Drivers\STM32F1xx_HAL_Driver\Src\stm32f1xx_ll_usb.o
LOAD Middlewares\ST\STM32_USB_Host_Library\Class\MSC\Src\usbh_msc.o
LOAD Middlewares\ST\STM32_USB_Host_Library\Class\MSC\Src\usbh_msc_bot.o
LOAD Middlewares\ST\STM32_USB_Host_Library\Class\MSC\Src\usbh_msc_scsi.o
LOAD Middlewares\ST\STM32_USB_Host_Library\Core\Src\usbh_core.o
LOAD Middlewares\ST\STM32_USB_Host_Library\Core\Src\usbh_ctlreq.o
LOAD Middlewares\ST\STM32_USB_Host_Library\Core\Src\usbh_ioreq.o
LOAD Middlewares\ST\STM32_USB_Host_Library\Core\Src\usbh_pipes.o
LOAD Middlewares\Third_Party\FatFs\src\drivers\usbh_diskio.o
LOAD Middlewares\Third_Party\FatFs\src\ff.o
LOAD Middlewares\Third_Party\FatFs\src\ff_gen_drv.o
LOAD Middlewares\Third_Party\FatFs\src\option\syscall.o
LOAD Middlewares\Third_Party\FreeRTOS\Source\CMSIS_RTOS\cmsis_os.o
LOAD Middlewares\Third_Party\FreeRTOS\Source\croutine.o
LOAD Middlewares\Third_Party\FreeRTOS\Source\event_groups.o
LOAD Middlewares\Third_Party\FreeRTOS\Source\list.o
LOAD Middlewares\Third_Party\FreeRTOS\Source\portable\GCC\ARM_CM3\port.o
LOAD Middlewares\Third_Party\FreeRTOS\Source\portable\MemMang\heap_3.o
LOAD Middlewares\Third_Party\FreeRTOS\Source\queue.o
LOAD Middlewares\Third_Party\FreeRTOS\Source\tasks.o
LOAD Middlewares\Third_Party\FreeRTOS\Source\timers.o
LOAD Middlewares\ioLibrary_wiznet\Application\loopback\loopback.o
LOAD Middlewares\ioLibrary_wiznet\Ethernet\W5100\w5100.o
LOAD Middlewares\ioLibrary_wiznet\Ethernet\W5200\w5200.o
LOAD Middlewares\ioLibrary_wiznet\Ethernet\W5300\w5300.o
LOAD Middlewares\ioLibrary_wiznet\Ethernet\W5500\w5500.o
LOAD Middlewares\ioLibrary_wiznet\Ethernet\socket.o
LOAD Middlewares\ioLibrary_wiznet\Ethernet\wizchip_conf.o
LOAD Middlewares\ioLibrary_wiznet\Internet\DHCP\dhcp.o
LOAD Middlewares\ioLibrary_wiznet\Internet\DNS\dns.o
LOAD Middlewares\ioLibrary_wiznet\Internet\FTPClient\ftpc.o
LOAD Middlewares\ioLibrary_wiznet\Internet\FTPServer\ftpd.o
LOAD Middlewares\ioLibrary_wiznet\Internet\MQTT\MQTTClient.o
LOAD Middlewares\ioLibrary_wiznet\Internet\MQTT\MQTTPacket\src\MQTTConnectClient.o
LOAD Middlewares\ioLibrary_wiznet\Internet\MQTT\MQTTPacket\src\MQTTConnectServer.o
LOAD Middlewares\ioLibrary_wiznet\Internet\MQTT\MQTTPacket\src\MQTTDeserializePublish.o
LOAD Middlewares\ioLibrary_wiznet\Internet\MQTT\MQTTPacket\src\MQTTFormat.o
LOAD Middlewares\ioLibrary_wiznet\Internet\MQTT\MQTTPacket\src\MQTTPacket.o
LOAD Middlewares\ioLibrary_wiznet\Internet\MQTT\MQTTPacket\src\MQTTSerializePublish.o
LOAD Middlewares\ioLibrary_wiznet\Internet\MQTT\MQTTPacket\src\MQTTSubscribeClient.o
LOAD Middlewares\ioLibrary_wiznet\Internet\MQTT\MQTTPacket\src\MQTTSubscribeServer.o
LOAD Middlewares\ioLibrary_wiznet\Internet\MQTT\MQTTPacket\src\MQTTUnsubscribeClient.o
LOAD Middlewares\ioLibrary_wiznet\Internet\MQTT\MQTTPacket\src\MQTTUnsubscribeServer.o
LOAD Middlewares\ioLibrary_wiznet\Internet\MQTT\mqtt_interface.o
LOAD Middlewares\ioLibrary_wiznet\Internet\SNMP\snmp.o
LOAD Middlewares\ioLibrary_wiznet\Internet\SNMP\snmp_custom.o
LOAD Middlewares\ioLibrary_wiznet\Internet\SNTP\sntp.o
LOAD Middlewares\ioLibrary_wiznet\Internet\TFTP\netutil.o
LOAD Middlewares\ioLibrary_wiznet\Internet\TFTP\tftp.o
LOAD Middlewares\ioLibrary_wiznet\Internet\httpServer\httpParser.o
LOAD Middlewares\ioLibrary_wiznet\Internet\httpServer\httpServer.o
LOAD Middlewares\ioLibrary_wiznet\Internet\httpServer\httpUtil.o
LOAD Middlewares\shvabmodbus\shv_mb_rtu.o
LOAD Middlewares\shvabmodbus\shv_mb_tcp.o
LOAD Middlewares\shvabmodbus\shv_mb_w5500_port.o
LOAD Middlewares\shvabmodbus\shv_modbus_misc.o
LOAD Middlewares\shvabmodbus\shv_modbus_regmap.o
LOAD Middlewares\shvabmodbus\shv_modbus_uart1_port.o
LOAD Src\fatfs.o
LOAD Src\freertos.o
LOAD Src\main.o
LOAD Src\stm32f1xx_hal_msp.o
LOAD Src\stm32f1xx_hal_timebase_TIM.o
LOAD Src\stm32f1xx_it.o
LOAD Src\system_stm32f1xx.o
LOAD Src\usb_host.o
LOAD Src\usbh_conf.o
LOAD Src\usbh_platform.o
LOAD mpii_src\archive.o
LOAD mpii_src\eeprom.o
LOAD mpii_src\lcd_oled.o
LOAD mpii_src\spi_comm_madc.o
LOAD mpii_src\spi_w5500.o
LOAD mpii_src\task_hr_handler.o
LOAD mpii_src\task_oled.o
LOAD mpii_src\usbh_diskio.o
LOAD mpii_src\write_to_usb.o
LOAD startup\startup_stm32f107xc.o
                0x00000080                malloc_getpagesize_P = 0x80
START GROUP
LOAD c:/program files (x86)/atollic/truestudio for stm32 9.0.0/armtools/bin/../lib/gcc/arm-atollic-eabi/6.3.1/../../../../arm-atollic-eabi/lib/armv7-m\libc_nano.a
LOAD c:/program files (x86)/atollic/truestudio for stm32 9.0.0/armtools/bin/../lib/gcc/arm-atollic-eabi/6.3.1/../../../../arm-atollic-eabi/lib/armv7-m\libm.a
END GROUP
START GROUP
LOAD c:/program files (x86)/atollic/truestudio for stm32 9.0.0/armtools/bin/../lib/gcc/arm-atollic-eabi/6.3.1/armv7-m\libgcc.a
LOAD c:/program files (x86)/atollic/truestudio for stm32 9.0.0/armtools/bin/../lib/gcc/arm-atollic-eabi/6.3.1/../../../../arm-atollic-eabi/lib/armv7-m\libc_nano.a
END GROUP
START GROUP
LOAD c:/program files (x86)/atollic/truestudio for stm32 9.0.0/armtools/bin/../lib/gcc/arm-atollic-eabi/6.3.1/armv7-m\libgcc.a
LOAD c:/program files (x86)/atollic/truestudio for stm32 9.0.0/armtools/bin/../lib/gcc/arm-atollic-eabi/6.3.1/../../../../arm-atollic-eabi/lib/armv7-m\libc_nano.a
LOAD c:/program files (x86)/atollic/truestudio for stm32 9.0.0/armtools/bin/../lib/gcc/arm-atollic-eabi/6.3.1/../../../../arm-atollic-eabi/lib/armv7-m\libnosys.a
END GROUP
START GROUP
LOAD c:/program files (x86)/atollic/truestudio for stm32 9.0.0/armtools/bin/../lib/gcc/arm-atollic-eabi/6.3.1/armv7-m\libgcc.a
LOAD c:/program files (x86)/atollic/truestudio for stm32 9.0.0/armtools/bin/../lib/gcc/arm-atollic-eabi/6.3.1/../../../../arm-atollic-eabi/lib/armv7-m\libc_nano.a
LOAD c:/program files (x86)/atollic/truestudio for stm32 9.0.0/armtools/bin/../lib/gcc/arm-atollic-eabi/6.3.1/../../../../arm-atollic-eabi/lib/armv7-m\libnosys.a
END GROUP
LOAD c:/program files (x86)/atollic/truestudio for stm32 9.0.0/armtools/bin/../lib/gcc/arm-atollic-eabi/6.3.1/armv7-m/crtend.o
LOAD c:/program files (x86)/atollic/truestudio for stm32 9.0.0/armtools/bin/../lib/gcc/arm-atollic-eabi/6.3.1/armv7-m/crtn.o
                0x20010000                _estack = 0x20010000
                0x00000200                _Min_Heap_Size = 0x200
                0x00000400                _Min_Stack_Size = 0x400

.isr_vector     0x08000000      0x1e4
                0x08000000                . = ALIGN (0x4)
 *(.isr_vector)
 .isr_vector    0x08000000      0x1e4 startup\startup_stm32f107xc.o
                0x08000000                g_pfnVectors
                0x080001e4                . = ALIGN (0x4)

.text           0x080001f0    0x152cc
                0x080001f0                . = ALIGN (0x4)
 *(.text)
 .text          0x080001f0       0x40 c:/program files (x86)/atollic/truestudio for stm32 9.0.0/armtools/bin/../lib/gcc/arm-atollic-eabi/6.3.1/armv7-m/crtbegin.o
 .text          0x08000230       0x14 c:/program files (x86)/atollic/truestudio for stm32 9.0.0/armtools/bin/../lib/gcc/arm-atollic-eabi/6.3.1/../../../../arm-atollic-eabi/lib/armv7-m\libc_nano.a(lib_a-strcmp.o)
                0x08000230                strcmp
 .text          0x08000244       0x10 c:/program files (x86)/atollic/truestudio for stm32 9.0.0/armtools/bin/../lib/gcc/arm-atollic-eabi/6.3.1/../../../../arm-atollic-eabi/lib/armv7-m\libc_nano.a(lib_a-strlen.o)
                0x08000244                strlen
 .text          0x08000254       0x40 c:/program files (x86)/atollic/truestudio for stm32 9.0.0/armtools/bin/../lib/gcc/arm-atollic-eabi/6.3.1/armv7-m\libgcc.a(_arm_fixunssfsi.o)
                0x08000254                __fixunssfsi
                0x08000254                __aeabi_f2uiz
 *(.text*)
 .text.HAL_Init
                0x08000294       0x2c Drivers\STM32F1xx_HAL_Driver\Src\stm32f1xx_hal.o
                0x08000294                HAL_Init
 .text.HAL_IncTick
                0x080002c0       0x1c Drivers\STM32F1xx_HAL_Driver\Src\stm32f1xx_hal.o
                0x080002c0                HAL_IncTick
 .text.HAL_GetTick
                0x080002dc       0x14 Drivers\STM32F1xx_HAL_Driver\Src\stm32f1xx_hal.o
                0x080002dc                HAL_GetTick
 .text.HAL_Delay
                0x080002f0       0x3a Drivers\STM32F1xx_HAL_Driver\Src\stm32f1xx_hal.o
                0x080002f0                HAL_Delay
 *fill*         0x0800032a        0x2 
 .text.NVIC_SetPriorityGrouping
                0x0800032c       0x48 Drivers\STM32F1xx_HAL_Driver\Src\stm32f1xx_hal_cortex.o
 .text.NVIC_GetPriorityGrouping
                0x08000374       0x1c Drivers\STM32F1xx_HAL_Driver\Src\stm32f1xx_hal_cortex.o
 .text.NVIC_EnableIRQ
                0x08000390       0x30 Drivers\STM32F1xx_HAL_Driver\Src\stm32f1xx_hal_cortex.o
 .text.NVIC_SetPriority
                0x080003c0       0x54 Drivers\STM32F1xx_HAL_Driver\Src\stm32f1xx_hal_cortex.o
 .text.NVIC_EncodePriority
                0x08000414       0x60 Drivers\STM32F1xx_HAL_Driver\Src\stm32f1xx_hal_cortex.o
 .text.SysTick_Config
                0x08000474       0x44 Drivers\STM32F1xx_HAL_Driver\Src\stm32f1xx_hal_cortex.o
 .text.HAL_NVIC_SetPriorityGrouping
                0x080004b8       0x16 Drivers\STM32F1xx_HAL_Driver\Src\stm32f1xx_hal_cortex.o
                0x080004b8                HAL_NVIC_SetPriorityGrouping
 .text.HAL_NVIC_SetPriority
                0x080004ce       0x38 Drivers\STM32F1xx_HAL_Driver\Src\stm32f1xx_hal_cortex.o
                0x080004ce                HAL_NVIC_SetPriority
 .text.HAL_NVIC_EnableIRQ
                0x08000506       0x1c Drivers\STM32F1xx_HAL_Driver\Src\stm32f1xx_hal_cortex.o
                0x08000506                HAL_NVIC_EnableIRQ
 .text.HAL_SYSTICK_Config
                0x08000522       0x18 Drivers\STM32F1xx_HAL_Driver\Src\stm32f1xx_hal_cortex.o
                0x08000522                HAL_SYSTICK_Config
 *fill*         0x0800053a        0x2 
 .text.HAL_SYSTICK_CLKSourceConfig
                0x0800053c       0x38 Drivers\STM32F1xx_HAL_Driver\Src\stm32f1xx_hal_cortex.o
                0x0800053c                HAL_SYSTICK_CLKSourceConfig
 .text.HAL_DMA_Init
                0x08000574      0x104 Drivers\STM32F1xx_HAL_Driver\Src\stm32f1xx_hal_dma.o
                0x08000574                HAL_DMA_Init
 .text.HAL_DMA_Start_IT
                0x08000678       0xbe Drivers\STM32F1xx_HAL_Driver\Src\stm32f1xx_hal_dma.o
                0x08000678                HAL_DMA_Start_IT
 .text.HAL_DMA_Abort
                0x08000736       0x58 Drivers\STM32F1xx_HAL_Driver\Src\stm32f1xx_hal_dma.o
                0x08000736                HAL_DMA_Abort
 *fill*         0x0800078e        0x2 
 .text.HAL_DMA_IRQHandler
                0x08000790      0x4d0 Drivers\STM32F1xx_HAL_Driver\Src\stm32f1xx_hal_dma.o
                0x08000790                HAL_DMA_IRQHandler
 .text.DMA_SetConfig
                0x08000c60       0x5a Drivers\STM32F1xx_HAL_Driver\Src\stm32f1xx_hal_dma.o
 *fill*         0x08000cba        0x2 
 .text.HAL_GPIO_Init
                0x08000cbc      0x2bc Drivers\STM32F1xx_HAL_Driver\Src\stm32f1xx_hal_gpio.o
                0x08000cbc                HAL_GPIO_Init
 .text.HAL_GPIO_ReadPin
                0x08000f78       0x2e Drivers\STM32F1xx_HAL_Driver\Src\stm32f1xx_hal_gpio.o
                0x08000f78                HAL_GPIO_ReadPin
 .text.HAL_GPIO_WritePin
                0x08000fa6       0x30 Drivers\STM32F1xx_HAL_Driver\Src\stm32f1xx_hal_gpio.o
                0x08000fa6                HAL_GPIO_WritePin
 .text.HAL_HCD_Init
                0x08000fd6       0x9c Drivers\STM32F1xx_HAL_Driver\Src\stm32f1xx_hal_hcd.o
                0x08000fd6                HAL_HCD_Init
 .text.HAL_HCD_HC_Init
                0x08001072      0x110 Drivers\STM32F1xx_HAL_Driver\Src\stm32f1xx_hal_hcd.o
                0x08001072                HAL_HCD_HC_Init
 .text.HAL_HCD_HC_Halt
                0x08001182       0x42 Drivers\STM32F1xx_HAL_Driver\Src\stm32f1xx_hal_hcd.o
                0x08001182                HAL_HCD_HC_Halt
 .text.HAL_HCD_HC_SubmitRequest
                0x080011c4      0x340 Drivers\STM32F1xx_HAL_Driver\Src\stm32f1xx_hal_hcd.o
                0x080011c4                HAL_HCD_HC_SubmitRequest
 .text.HAL_HCD_IRQHandler
                0x08001504      0x204 Drivers\STM32F1xx_HAL_Driver\Src\stm32f1xx_hal_hcd.o
                0x08001504                HAL_HCD_IRQHandler
 .text.HAL_HCD_Start
                0x08001708       0x46 Drivers\STM32F1xx_HAL_Driver\Src\stm32f1xx_hal_hcd.o
                0x08001708                HAL_HCD_Start
 .text.HAL_HCD_Stop
                0x0800174e       0x3a Drivers\STM32F1xx_HAL_Driver\Src\stm32f1xx_hal_hcd.o
                0x0800174e                HAL_HCD_Stop
 .text.HAL_HCD_ResetPort
                0x08001788       0x1c Drivers\STM32F1xx_HAL_Driver\Src\stm32f1xx_hal_hcd.o
                0x08001788                HAL_HCD_ResetPort
 .text.HAL_HCD_HC_GetURBState
                0x080017a4       0x28 Drivers\STM32F1xx_HAL_Driver\Src\stm32f1xx_hal_hcd.o
                0x080017a4                HAL_HCD_HC_GetURBState
 .text.HAL_HCD_HC_GetXferCount
                0x080017cc       0x28 Drivers\STM32F1xx_HAL_Driver\Src\stm32f1xx_hal_hcd.o
                0x080017cc                HAL_HCD_HC_GetXferCount
 .text.HAL_HCD_GetCurrentFrame
                0x080017f4       0x1c Drivers\STM32F1xx_HAL_Driver\Src\stm32f1xx_hal_hcd.o
                0x080017f4                HAL_HCD_GetCurrentFrame
 .text.HAL_HCD_GetCurrentSpeed
                0x08001810       0x1c Drivers\STM32F1xx_HAL_Driver\Src\stm32f1xx_hal_hcd.o
                0x08001810                HAL_HCD_GetCurrentSpeed
 .text.HCD_HC_IN_IRQHandler
                0x0800182c      0x642 Drivers\STM32F1xx_HAL_Driver\Src\stm32f1xx_hal_hcd.o
 .text.HCD_HC_OUT_IRQHandler
                0x08001e6e      0x678 Drivers\STM32F1xx_HAL_Driver\Src\stm32f1xx_hal_hcd.o
 *fill*         0x080024e6        0x2 
 .text.HCD_RXQLVL_IRQHandler
                0x080024e8      0x16c Drivers\STM32F1xx_HAL_Driver\Src\stm32f1xx_hal_hcd.o
 .text.HCD_Port_IRQHandler
                0x08002654       0xfa Drivers\STM32F1xx_HAL_Driver\Src\stm32f1xx_hal_hcd.o
 *fill*         0x0800274e        0x2 
 .text.HAL_PWR_EnableBkUpAccess
                0x08002750       0x18 Drivers\STM32F1xx_HAL_Driver\Src\stm32f1xx_hal_pwr.o
                0x08002750                HAL_PWR_EnableBkUpAccess
 .text.HAL_RCC_OscConfig
                0x08002768      0x5f4 Drivers\STM32F1xx_HAL_Driver\Src\stm32f1xx_hal_rcc.o
                0x08002768                HAL_RCC_OscConfig
 .text.HAL_RCC_ClockConfig
                0x08002d5c      0x1e8 Drivers\STM32F1xx_HAL_Driver\Src\stm32f1xx_hal_rcc.o
                0x08002d5c                HAL_RCC_ClockConfig
 .text.HAL_RCC_GetSysClockFreq
                0x08002f44      0x12c Drivers\STM32F1xx_HAL_Driver\Src\stm32f1xx_hal_rcc.o
                0x08002f44                HAL_RCC_GetSysClockFreq
 .text.HAL_RCC_GetHCLKFreq
                0x08003070       0x14 Drivers\STM32F1xx_HAL_Driver\Src\stm32f1xx_hal_rcc.o
                0x08003070                HAL_RCC_GetHCLKFreq
 .text.HAL_RCC_GetPCLK1Freq
                0x08003084       0x28 Drivers\STM32F1xx_HAL_Driver\Src\stm32f1xx_hal_rcc.o
                0x08003084                HAL_RCC_GetPCLK1Freq
 .text.HAL_RCC_GetPCLK2Freq
                0x080030ac       0x28 Drivers\STM32F1xx_HAL_Driver\Src\stm32f1xx_hal_rcc.o
                0x080030ac                HAL_RCC_GetPCLK2Freq
 .text.HAL_RCC_GetClockConfig
                0x080030d4       0x60 Drivers\STM32F1xx_HAL_Driver\Src\stm32f1xx_hal_rcc.o
                0x080030d4                HAL_RCC_GetClockConfig
 .text.RCC_Delay
                0x08003134       0x3c Drivers\STM32F1xx_HAL_Driver\Src\stm32f1xx_hal_rcc.o
 .text.HAL_RCCEx_PeriphCLKConfig
                0x08003170      0x264 Drivers\STM32F1xx_HAL_Driver\Src\stm32f1xx_hal_rcc_ex.o
                0x08003170                HAL_RCCEx_PeriphCLKConfig
 .text.HAL_RCCEx_GetPeriphCLKFreq
                0x080033d4      0x2cc Drivers\STM32F1xx_HAL_Driver\Src\stm32f1xx_hal_rcc_ex.o
                0x080033d4                HAL_RCCEx_GetPeriphCLKFreq
 .text.HAL_RTC_Init
                0x080036a0      0x12c Drivers\STM32F1xx_HAL_Driver\Src\stm32f1xx_hal_rtc.o
                0x080036a0                HAL_RTC_Init
 .text.HAL_RTC_SetTime
                0x080037cc      0x12e Drivers\STM32F1xx_HAL_Driver\Src\stm32f1xx_hal_rtc.o
                0x080037cc                HAL_RTC_SetTime
 *fill*         0x080038fa        0x2 
 .text.HAL_RTC_GetTime
                0x080038fc      0x1b0 Drivers\STM32F1xx_HAL_Driver\Src\stm32f1xx_hal_rtc.o
                0x080038fc                HAL_RTC_GetTime
 .text.HAL_RTC_SetDate
                0x08003aac      0x16c Drivers\STM32F1xx_HAL_Driver\Src\stm32f1xx_hal_rtc.o
                0x08003aac                HAL_RTC_SetDate
 .text.HAL_RTC_GetDate
                0x08003c18       0xa8 Drivers\STM32F1xx_HAL_Driver\Src\stm32f1xx_hal_rtc.o
                0x08003c18                HAL_RTC_GetDate
 .text.HAL_RTC_WaitForSynchro
                0x08003cc0       0x5a Drivers\STM32F1xx_HAL_Driver\Src\stm32f1xx_hal_rtc.o
                0x08003cc0                HAL_RTC_WaitForSynchro
 .text.RTC_ReadTimeCounter
                0x08003d1a       0x60 Drivers\STM32F1xx_HAL_Driver\Src\stm32f1xx_hal_rtc.o
 .text.RTC_WriteTimeCounter
                0x08003d7a       0x4e Drivers\STM32F1xx_HAL_Driver\Src\stm32f1xx_hal_rtc.o
 .text.RTC_ReadAlarmCounter
                0x08003dc8       0x32 Drivers\STM32F1xx_HAL_Driver\Src\stm32f1xx_hal_rtc.o
 .text.RTC_WriteAlarmCounter
                0x08003dfa       0x4e Drivers\STM32F1xx_HAL_Driver\Src\stm32f1xx_hal_rtc.o
 .text.RTC_EnterInitMode
                0x08003e48       0x50 Drivers\STM32F1xx_HAL_Driver\Src\stm32f1xx_hal_rtc.o
 .text.RTC_ExitInitMode
                0x08003e98       0x50 Drivers\STM32F1xx_HAL_Driver\Src\stm32f1xx_hal_rtc.o
 .text.RTC_ByteToBcd2
                0x08003ee8       0x3a Drivers\STM32F1xx_HAL_Driver\Src\stm32f1xx_hal_rtc.o
 .text.RTC_Bcd2ToByte
                0x08003f22       0x3a Drivers\STM32F1xx_HAL_Driver\Src\stm32f1xx_hal_rtc.o
 .text.RTC_DateUpdate
                0x08003f5c      0x164 Drivers\STM32F1xx_HAL_Driver\Src\stm32f1xx_hal_rtc.o
 .text.RTC_IsLeapYear
                0x080040c0       0x64 Drivers\STM32F1xx_HAL_Driver\Src\stm32f1xx_hal_rtc.o
 .text.RTC_WeekDayNum
                0x08004124       0xf0 Drivers\STM32F1xx_HAL_Driver\Src\stm32f1xx_hal_rtc.o
 .text.HAL_RTCEx_BKUPWrite
                0x08004214       0x34 Drivers\STM32F1xx_HAL_Driver\Src\stm32f1xx_hal_rtc_ex.o
                0x08004214                HAL_RTCEx_BKUPWrite
 .text.HAL_RTCEx_BKUPRead
                0x08004248       0x38 Drivers\STM32F1xx_HAL_Driver\Src\stm32f1xx_hal_rtc_ex.o
                0x08004248                HAL_RTCEx_BKUPRead
 .text.HAL_SPI_TransmitReceive
                0x08004280      0x33e Drivers\STM32F1xx_HAL_Driver\Src\stm32f1xx_hal_spi.o
                0x08004280                HAL_SPI_TransmitReceive
 .text.SPI_WaitFlagStateUntilTimeout
                0x080045be       0xd2 Drivers\STM32F1xx_HAL_Driver\Src\stm32f1xx_hal_spi.o
 .text.SPI_CheckFlag_BSY
                0x08004690       0x3c Drivers\STM32F1xx_HAL_Driver\Src\stm32f1xx_hal_spi.o
 .text.HAL_SPI_Init
                0x080046cc       0xc8 Drivers\STM32F1xx_HAL_Driver\Src\stm32f1xx_hal_spi_ex.o
                0x080046cc                HAL_SPI_Init
 .text.HAL_TIM_Base_Init
                0x08004794       0x56 Drivers\STM32F1xx_HAL_Driver\Src\stm32f1xx_hal_tim.o
                0x08004794                HAL_TIM_Base_Init
 .text.HAL_TIM_Base_Start_IT
                0x080047ea       0x34 Drivers\STM32F1xx_HAL_Driver\Src\stm32f1xx_hal_tim.o
                0x080047ea                HAL_TIM_Base_Start_IT
 .text.HAL_TIM_IRQHandler
                0x0800481e      0x210 Drivers\STM32F1xx_HAL_Driver\Src\stm32f1xx_hal_tim.o
                0x0800481e                HAL_TIM_IRQHandler
 .text.HAL_TIM_OC_DelayElapsedCallback
                0x08004a2e       0x12 Drivers\STM32F1xx_HAL_Driver\Src\stm32f1xx_hal_tim.o
                0x08004a2e                HAL_TIM_OC_DelayElapsedCallback
 .text.HAL_TIM_IC_CaptureCallback
                0x08004a40       0x12 Drivers\STM32F1xx_HAL_Driver\Src\stm32f1xx_hal_tim.o
                0x08004a40                HAL_TIM_IC_CaptureCallback
 .text.HAL_TIM_PWM_PulseFinishedCallback
                0x08004a52       0x12 Drivers\STM32F1xx_HAL_Driver\Src\stm32f1xx_hal_tim.o
                0x08004a52                HAL_TIM_PWM_PulseFinishedCallback
 .text.HAL_TIM_TriggerCallback
                0x08004a64       0x12 Drivers\STM32F1xx_HAL_Driver\Src\stm32f1xx_hal_tim.o
                0x08004a64                HAL_TIM_TriggerCallback
 *fill*         0x08004a76        0x2 
 .text.TIM_Base_SetConfig
                0x08004a78       0xe0 Drivers\STM32F1xx_HAL_Driver\Src\stm32f1xx_hal_tim.o
                0x08004a78                TIM_Base_SetConfig
 .text.HAL_TIMEx_CommutationCallback
                0x08004b58       0x12 Drivers\STM32F1xx_HAL_Driver\Src\stm32f1xx_hal_tim_ex.o
                0x08004b58                HAL_TIMEx_CommutationCallback
 .text.HAL_TIMEx_BreakCallback
                0x08004b6a       0x12 Drivers\STM32F1xx_HAL_Driver\Src\stm32f1xx_hal_tim_ex.o
                0x08004b6a                HAL_TIMEx_BreakCallback
 .text.HAL_UART_Init
                0x08004b7c       0x9a Drivers\STM32F1xx_HAL_Driver\Src\stm32f1xx_hal_uart.o
                0x08004b7c                HAL_UART_Init
 .text.HAL_UART_Transmit
                0x08004c16      0x130 Drivers\STM32F1xx_HAL_Driver\Src\stm32f1xx_hal_uart.o
                0x08004c16                HAL_UART_Transmit
 *fill*         0x08004d46        0x2 
 .text.HAL_UART_Receive_DMA
                0x08004d48      0x100 Drivers\STM32F1xx_HAL_Driver\Src\stm32f1xx_hal_uart.o
                0x08004d48                HAL_UART_Receive_DMA
 .text.HAL_UART_DMAStop
                0x08004e48       0xb6 Drivers\STM32F1xx_HAL_Driver\Src\stm32f1xx_hal_uart.o
                0x08004e48                HAL_UART_DMAStop
 .text.HAL_UART_RxCpltCallback
                0x08004efe       0x12 Drivers\STM32F1xx_HAL_Driver\Src\stm32f1xx_hal_uart.o
                0x08004efe                HAL_UART_RxCpltCallback
 .text.HAL_UART_RxHalfCpltCallback
                0x08004f10       0x12 Drivers\STM32F1xx_HAL_Driver\Src\stm32f1xx_hal_uart.o
                0x08004f10                HAL_UART_RxHalfCpltCallback
 .text.HAL_UART_ErrorCallback
                0x08004f22       0x12 Drivers\STM32F1xx_HAL_Driver\Src\stm32f1xx_hal_uart.o
                0x08004f22                HAL_UART_ErrorCallback
 .text.UART_DMAReceiveCplt
                0x08004f34       0x68 Drivers\STM32F1xx_HAL_Driver\Src\stm32f1xx_hal_uart.o
 .text.UART_DMARxHalfCplt
                0x08004f9c       0x1c Drivers\STM32F1xx_HAL_Driver\Src\stm32f1xx_hal_uart.o
 .text.UART_DMAError
                0x08004fb8       0x94 Drivers\STM32F1xx_HAL_Driver\Src\stm32f1xx_hal_uart.o
 .text.UART_WaitOnFlagUntilTimeout
                0x0800504c       0x94 Drivers\STM32F1xx_HAL_Driver\Src\stm32f1xx_hal_uart.o
 .text.UART_EndTxTransfer
                0x080050e0       0x2a Drivers\STM32F1xx_HAL_Driver\Src\stm32f1xx_hal_uart.o
 .text.UART_EndRxTransfer
                0x0800510a       0x3a Drivers\STM32F1xx_HAL_Driver\Src\stm32f1xx_hal_uart.o
 .text.UART_SetConfig
                0x08005144      0x230 Drivers\STM32F1xx_HAL_Driver\Src\stm32f1xx_hal_uart.o
 .text.USB_CoreInit
                0x08005374       0x3c Drivers\STM32F1xx_HAL_Driver\Src\stm32f1xx_ll_usb.o
                0x08005374                USB_CoreInit
 .text.USB_EnableGlobalInt
                0x080053b0       0x20 Drivers\STM32F1xx_HAL_Driver\Src\stm32f1xx_ll_usb.o
                0x080053b0                USB_EnableGlobalInt
 .text.USB_DisableGlobalInt
                0x080053d0       0x20 Drivers\STM32F1xx_HAL_Driver\Src\stm32f1xx_ll_usb.o
                0x080053d0                USB_DisableGlobalInt
 .text.USB_SetCurrentMode
                0x080053f0       0x4e Drivers\STM32F1xx_HAL_Driver\Src\stm32f1xx_ll_usb.o
                0x080053f0                USB_SetCurrentMode
 *fill*         0x0800543e        0x2 
 .text.USB_FlushTxFifo
                0x08005440       0x48 Drivers\STM32F1xx_HAL_Driver\Src\stm32f1xx_ll_usb.o
                0x08005440                USB_FlushTxFifo
 .text.USB_FlushRxFifo
                0x08005488       0x40 Drivers\STM32F1xx_HAL_Driver\Src\stm32f1xx_ll_usb.o
                0x08005488                USB_FlushRxFifo
 .text.USB_WritePacket
                0x080054c8       0x66 Drivers\STM32F1xx_HAL_Driver\Src\stm32f1xx_ll_usb.o
                0x080054c8                USB_WritePacket
 .text.USB_ReadPacket
                0x0800552e       0x52 Drivers\STM32F1xx_HAL_Driver\Src\stm32f1xx_ll_usb.o
                0x0800552e                USB_ReadPacket
 .text.USB_ReadInterrupts
                0x08005580       0x28 Drivers\STM32F1xx_HAL_Driver\Src\stm32f1xx_ll_usb.o
                0x08005580                USB_ReadInterrupts
 .text.USB_GetMode
                0x080055a8       0x1a Drivers\STM32F1xx_HAL_Driver\Src\stm32f1xx_ll_usb.o
                0x080055a8                USB_GetMode
 *fill*         0x080055c2        0x2 
 .text.USB_HostInit
                0x080055c4      0x12c Drivers\STM32F1xx_HAL_Driver\Src\stm32f1xx_ll_usb.o
                0x080055c4                USB_HostInit
 .text.USB_InitFSLSPClkSel
                0x080056f0       0x72 Drivers\STM32F1xx_HAL_Driver\Src\stm32f1xx_ll_usb.o
                0x080056f0                USB_InitFSLSPClkSel
 .text.USB_ResetPort
                0x08005762       0x4e Drivers\STM32F1xx_HAL_Driver\Src\stm32f1xx_ll_usb.o
                0x08005762                USB_ResetPort
 .text.USB_DriveVbus
                0x080057b0       0x70 Drivers\STM32F1xx_HAL_Driver\Src\stm32f1xx_ll_usb.o
                0x080057b0                USB_DriveVbus
 .text.USB_GetHostSpeed
                0x08005820       0x28 Drivers\STM32F1xx_HAL_Driver\Src\stm32f1xx_ll_usb.o
                0x08005820                USB_GetHostSpeed
 .text.USB_GetCurrentFrame
                0x08005848       0x1c Drivers\STM32F1xx_HAL_Driver\Src\stm32f1xx_ll_usb.o
                0x08005848                USB_GetCurrentFrame
 .text.USB_HC_Init
                0x08005864      0x1c8 Drivers\STM32F1xx_HAL_Driver\Src\stm32f1xx_ll_usb.o
                0x08005864                USB_HC_Init
 .text.USB_HC_StartXfer
                0x08005a2c      0x1ec Drivers\STM32F1xx_HAL_Driver\Src\stm32f1xx_ll_usb.o
                0x08005a2c                USB_HC_StartXfer
 .text.USB_HC_ReadInterrupt
                0x08005c18       0x1c Drivers\STM32F1xx_HAL_Driver\Src\stm32f1xx_ll_usb.o
                0x08005c18                USB_HC_ReadInterrupt
 .text.USB_HC_Halt
                0x08005c34      0x212 Drivers\STM32F1xx_HAL_Driver\Src\stm32f1xx_ll_usb.o
                0x08005c34                USB_HC_Halt
 .text.USB_StopHost
                0x08005e46      0x10c Drivers\STM32F1xx_HAL_Driver\Src\stm32f1xx_ll_usb.o
                0x08005e46                USB_StopHost
 *fill*         0x08005f52        0x2 
 .text.USB_CoreReset
                0x08005f54       0x64 Drivers\STM32F1xx_HAL_Driver\Src\stm32f1xx_ll_usb.o
 .text.USBH_MSC_InterfaceInit
                0x08005fb8      0x278 Middlewares\ST\STM32_USB_Host_Library\Class\MSC\Src\usbh_msc.o
 .text.USBH_MSC_InterfaceDeInit
                0x08006230       0x8c Middlewares\ST\STM32_USB_Host_Library\Class\MSC\Src\usbh_msc.o
 .text.USBH_MSC_ClassRequest
                0x080062bc       0xd4 Middlewares\ST\STM32_USB_Host_Library\Class\MSC\Src\usbh_msc.o
 .text.USBH_MSC_Process
                0x08006390      0x724 Middlewares\ST\STM32_USB_Host_Library\Class\MSC\Src\usbh_msc.o
 .text.USBH_MSC_SOFProcess
                0x08006ab4       0x14 Middlewares\ST\STM32_USB_Host_Library\Class\MSC\Src\usbh_msc.o
 .text.USBH_MSC_RdWrProcess
                0x08006ac8      0x234 Middlewares\ST\STM32_USB_Host_Library\Class\MSC\Src\usbh_msc.o
 .text.USBH_MSC_UnitIsReady
                0x08006cfc       0x48 Middlewares\ST\STM32_USB_Host_Library\Class\MSC\Src\usbh_msc.o
                0x08006cfc                USBH_MSC_UnitIsReady
 .text.USBH_MSC_GetLUNInfo
                0x08006d44       0x48 Middlewares\ST\STM32_USB_Host_Library\Class\MSC\Src\usbh_msc.o
                0x08006d44                USBH_MSC_GetLUNInfo
 .text.USBH_MSC_Read
                0x08006d8c       0xd2 Middlewares\ST\STM32_USB_Host_Library\Class\MSC\Src\usbh_msc.o
                0x08006d8c                USBH_MSC_Read
 .text.USBH_MSC_Write
                0x08006e5e       0xd2 Middlewares\ST\STM32_USB_Host_Library\Class\MSC\Src\usbh_msc.o
                0x08006e5e                USBH_MSC_Write
 .text.USBH_MSC_BOT_REQ_Reset
                0x08006f30       0x3a Middlewares\ST\STM32_USB_Host_Library\Class\MSC\Src\usbh_msc_bot.o
                0x08006f30                USBH_MSC_BOT_REQ_Reset
 .text.USBH_MSC_BOT_REQ_GetMaxLUN
                0x08006f6a       0x3c Middlewares\ST\STM32_USB_Host_Library\Class\MSC\Src\usbh_msc_bot.o
                0x08006f6a                USBH_MSC_BOT_REQ_GetMaxLUN
 *fill*         0x08006fa6        0x2 
 .text.USBH_MSC_BOT_Init
                0x08006fa8       0x44 Middlewares\ST\STM32_USB_Host_Library\Class\MSC\Src\usbh_msc_bot.o
                0x08006fa8                USBH_MSC_BOT_Init
 .text.USBH_MSC_BOT_Process
                0x08006fec      0x444 Middlewares\ST\STM32_USB_Host_Library\Class\MSC\Src\usbh_msc_bot.o
                0x08006fec                USBH_MSC_BOT_Process
 .text.USBH_MSC_BOT_Abort
                0x08007430       0x58 Middlewares\ST\STM32_USB_Host_Library\Class\MSC\Src\usbh_msc_bot.o
 .text.USBH_MSC_DecodeCSW
                0x08007488       0x88 Middlewares\ST\STM32_USB_Host_Library\Class\MSC\Src\usbh_msc_bot.o
 .text.USBH_MSC_SCSI_TestUnitReady
                0x08007510       0x86 Middlewares\ST\STM32_USB_Host_Library\Class\MSC\Src\usbh_msc_scsi.o
                0x08007510                USBH_MSC_SCSI_TestUnitReady
 .text.USBH_MSC_SCSI_ReadCapacity
                0x08007596       0xf8 Middlewares\ST\STM32_USB_Host_Library\Class\MSC\Src\usbh_msc_scsi.o
                0x08007596                USBH_MSC_SCSI_ReadCapacity
 .text.USBH_MSC_SCSI_Inquiry
                0x0800768e      0x144 Middlewares\ST\STM32_USB_Host_Library\Class\MSC\Src\usbh_msc_scsi.o
                0x0800768e                USBH_MSC_SCSI_Inquiry
 .text.USBH_MSC_SCSI_RequestSense
                0x080077d2       0xf2 Middlewares\ST\STM32_USB_Host_Library\Class\MSC\Src\usbh_msc_scsi.o
                0x080077d2                USBH_MSC_SCSI_RequestSense
 .text.USBH_MSC_SCSI_Write
                0x080078c4       0xcc Middlewares\ST\STM32_USB_Host_Library\Class\MSC\Src\usbh_msc_scsi.o
                0x080078c4                USBH_MSC_SCSI_Write
 .text.USBH_MSC_SCSI_Read
                0x08007990       0xcc Middlewares\ST\STM32_USB_Host_Library\Class\MSC\Src\usbh_msc_scsi.o
                0x08007990                USBH_MSC_SCSI_Read
 .text.USBH_Init
                0x08007a5c       0xbc Middlewares\ST\STM32_USB_Host_Library\Core\Src\usbh_core.o
                0x08007a5c                USBH_Init
 .text.DeInitStateMachine
                0x08007b18       0x92 Middlewares\ST\STM32_USB_Host_Library\Core\Src\usbh_core.o
 *fill*         0x08007baa        0x2 
 .text.USBH_RegisterClass
                0x08007bac       0x80 Middlewares\ST\STM32_USB_Host_Library\Core\Src\usbh_core.o
                0x08007bac                USBH_RegisterClass
 .text.USBH_SelectInterface
                0x08007c2c       0xd0 Middlewares\ST\STM32_USB_Host_Library\Core\Src\usbh_core.o
                0x08007c2c                USBH_SelectInterface
 .text.USBH_FindInterface
                0x08007cfc       0x94 Middlewares\ST\STM32_USB_Host_Library\Core\Src\usbh_core.o
                0x08007cfc                USBH_FindInterface
 .text.USBH_Start
                0x08007d90       0x20 Middlewares\ST\STM32_USB_Host_Library\Core\Src\usbh_core.o
                0x08007d90                USBH_Start
 .text.USBH_Process
                0x08007db0      0x394 Middlewares\ST\STM32_USB_Host_Library\Core\Src\usbh_core.o
                0x08007db0                USBH_Process
 .text.USBH_HandleEnum
                0x08008144      0x338 Middlewares\ST\STM32_USB_Host_Library\Core\Src\usbh_core.o
 .text.USBH_LL_SetTimer
                0x0800847c       0x1c Middlewares\ST\STM32_USB_Host_Library\Core\Src\usbh_core.o
                0x0800847c                USBH_LL_SetTimer
 .text.USBH_LL_IncTimer
                0x08008498       0x24 Middlewares\ST\STM32_USB_Host_Library\Core\Src\usbh_core.o
                0x08008498                USBH_LL_IncTimer
 .text.USBH_HandleSof
                0x080084bc       0x30 Middlewares\ST\STM32_USB_Host_Library\Core\Src\usbh_core.o
 .text.USBH_LL_Connect
                0x080084ec       0x5c Middlewares\ST\STM32_USB_Host_Library\Core\Src\usbh_core.o
                0x080084ec                USBH_LL_Connect
 .text.USBH_LL_Disconnect
                0x08008548       0x7c Middlewares\ST\STM32_USB_Host_Library\Core\Src\usbh_core.o
                0x08008548                USBH_LL_Disconnect
 .text.USBH_Process_OS
                0x080085c4       0x2a Middlewares\ST\STM32_USB_Host_Library\Core\Src\usbh_core.o
 .text.USBH_LL_NotifyURBChange
                0x080085ee       0x22 Middlewares\ST\STM32_USB_Host_Library\Core\Src\usbh_core.o
                0x080085ee                USBH_LL_NotifyURBChange
 .text.USBH_Get_DevDesc
                0x08008610       0x50 Middlewares\ST\STM32_USB_Host_Library\Core\Src\usbh_ctlreq.o
                0x08008610                USBH_Get_DevDesc
 .text.USBH_Get_CfgDesc
                0x08008660       0x48 Middlewares\ST\STM32_USB_Host_Library\Core\Src\usbh_ctlreq.o
                0x08008660                USBH_Get_CfgDesc
 .text.USBH_Get_StringDesc
                0x080086a8       0x56 Middlewares\ST\STM32_USB_Host_Library\Core\Src\usbh_ctlreq.o
                0x080086a8                USBH_Get_StringDesc
 .text.USBH_GetDescriptor
                0x080086fe       0x6a Middlewares\ST\STM32_USB_Host_Library\Core\Src\usbh_ctlreq.o
                0x080086fe                USBH_GetDescriptor
 .text.USBH_SetAddress
                0x08008768       0x48 Middlewares\ST\STM32_USB_Host_Library\Core\Src\usbh_ctlreq.o
                0x08008768                USBH_SetAddress
 .text.USBH_SetCfg
                0x080087b0       0x46 Middlewares\ST\STM32_USB_Host_Library\Core\Src\usbh_ctlreq.o
                0x080087b0                USBH_SetCfg
 .text.USBH_ClrFeature
                0x080087f6       0x48 Middlewares\ST\STM32_USB_Host_Library\Core\Src\usbh_ctlreq.o
                0x080087f6                USBH_ClrFeature
 .text.USBH_ParseDevDesc
                0x0800883e       0xde Middlewares\ST\STM32_USB_Host_Library\Core\Src\usbh_ctlreq.o
 .text.USBH_ParseCfgDesc
                0x0800891c      0x14c Middlewares\ST\STM32_USB_Host_Library\Core\Src\usbh_ctlreq.o
 .text.USBH_ParseInterfaceDesc
                0x08008a68       0x5c Middlewares\ST\STM32_USB_Host_Library\Core\Src\usbh_ctlreq.o
 .text.USBH_ParseEPDesc
                0x08008ac4       0x58 Middlewares\ST\STM32_USB_Host_Library\Core\Src\usbh_ctlreq.o
 .text.USBH_ParseStringDesc
                0x08008b1c       0x64 Middlewares\ST\STM32_USB_Host_Library\Core\Src\usbh_ctlreq.o
 .text.USBH_GetNextDesc
                0x08008b80       0x34 Middlewares\ST\STM32_USB_Host_Library\Core\Src\usbh_ctlreq.o
                0x08008b80                USBH_GetNextDesc
 .text.USBH_CtlReq
                0x08008bb4       0x8c Middlewares\ST\STM32_USB_Host_Library\Core\Src\usbh_ctlreq.o
                0x08008bb4                USBH_CtlReq
 .text.USBH_HandleControl
                0x08008c40      0x3dc Middlewares\ST\STM32_USB_Host_Library\Core\Src\usbh_ctlreq.o
 .text.USBH_CtlSendSetup
                0x0800901c       0x34 Middlewares\ST\STM32_USB_Host_Library\Core\Src\usbh_ioreq.o
                0x0800901c                USBH_CtlSendSetup
 .text.USBH_CtlSendData
                0x08009050       0x4a Middlewares\ST\STM32_USB_Host_Library\Core\Src\usbh_ioreq.o
                0x08009050                USBH_CtlSendData
 .text.USBH_CtlReceiveData
                0x0800909a       0x3c Middlewares\ST\STM32_USB_Host_Library\Core\Src\usbh_ioreq.o
                0x0800909a                USBH_CtlReceiveData
 .text.USBH_BulkSendData
                0x080090d6       0x4a Middlewares\ST\STM32_USB_Host_Library\Core\Src\usbh_ioreq.o
                0x080090d6                USBH_BulkSendData
 .text.USBH_BulkReceiveData
                0x08009120       0x3c Middlewares\ST\STM32_USB_Host_Library\Core\Src\usbh_ioreq.o
                0x08009120                USBH_BulkReceiveData
 .text.USBH_OpenPipe
                0x0800915c       0x3e Middlewares\ST\STM32_USB_Host_Library\Core\Src\usbh_pipes.o
                0x0800915c                USBH_OpenPipe
 .text.USBH_ClosePipe
                0x0800919a       0x20 Middlewares\ST\STM32_USB_Host_Library\Core\Src\usbh_pipes.o
                0x0800919a                USBH_ClosePipe
 .text.USBH_AllocPipe
                0x080091ba       0x40 Middlewares\ST\STM32_USB_Host_Library\Core\Src\usbh_pipes.o
                0x080091ba                USBH_AllocPipe
 .text.USBH_FreePipe
                0x080091fa       0x3c Middlewares\ST\STM32_USB_Host_Library\Core\Src\usbh_pipes.o
                0x080091fa                USBH_FreePipe
 .text.USBH_GetFreePipe
                0x08009236       0x46 Middlewares\ST\STM32_USB_Host_Library\Core\Src\usbh_pipes.o
 .text.USBH_initialize
                0x0800927c       0x16 Middlewares\Third_Party\FatFs\src\drivers\usbh_diskio.o
                0x0800927c                USBH_initialize
 *fill*         0x08009292        0x2 
 .text.USBH_status
                0x08009294       0x38 Middlewares\Third_Party\FatFs\src\drivers\usbh_diskio.o
                0x08009294                USBH_status
 .text.USBH_read
                0x080092cc       0xa8 Middlewares\Third_Party\FatFs\src\drivers\usbh_diskio.o
                0x080092cc                USBH_read
 .text.USBH_write
                0x08009374       0xd4 Middlewares\Third_Party\FatFs\src\drivers\usbh_diskio.o
                0x08009374                USBH_write
 .text.USBH_ioctl
                0x08009448       0xd4 Middlewares\Third_Party\FatFs\src\drivers\usbh_diskio.o
                0x08009448                USBH_ioctl
 .text.mem_cpy  0x0800951c       0x3a Middlewares\Third_Party\FatFs\src\ff.o
 .text.mem_set  0x08009556       0x32 Middlewares\Third_Party\FatFs\src\ff.o
 .text.mem_cmp  0x08009588       0x4c Middlewares\Third_Party\FatFs\src\ff.o
 .text.chk_chr  0x080095d4       0x34 Middlewares\Third_Party\FatFs\src\ff.o
 .text.chk_lock
                0x08009608       0xd8 Middlewares\Third_Party\FatFs\src\ff.o
 .text.enq_lock
                0x080096e0       0x48 Middlewares\Third_Party\FatFs\src\ff.o
 .text.inc_lock
                0x08009728      0x16c Middlewares\Third_Party\FatFs\src\ff.o
 .text.dec_lock
                0x08009894       0x88 Middlewares\Third_Party\FatFs\src\ff.o
 .text.clear_lock
                0x0800991c       0x50 Middlewares\Third_Party\FatFs\src\ff.o
 .text.sync_window
                0x0800996c       0x92 Middlewares\Third_Party\FatFs\src\ff.o
 .text.move_window
                0x080099fe       0x5c Middlewares\Third_Party\FatFs\src\ff.o
 .text.sync_fs  0x08009a5a      0x15a Middlewares\Third_Party\FatFs\src\ff.o
 .text.clust2sect
                0x08009bb4       0x42 Middlewares\Third_Party\FatFs\src\ff.o
                0x08009bb4                clust2sect
 .text.get_fat  0x08009bf6      0x16e Middlewares\Third_Party\FatFs\src\ff.o
                0x08009bf6                get_fat
 .text.put_fat  0x08009d64      0x216 Middlewares\Third_Party\FatFs\src\ff.o
                0x08009d64                put_fat
 .text.remove_chain
                0x08009f7a       0xb4 Middlewares\Third_Party\FatFs\src\ff.o
 .text.create_chain
                0x0800a02e      0x13a Middlewares\Third_Party\FatFs\src\ff.o
 .text.clmt_clust
                0x0800a168       0x68 Middlewares\Third_Party\FatFs\src\ff.o
 .text.dir_sdi  0x0800a1d0      0x128 Middlewares\Third_Party\FatFs\src\ff.o
 .text.dir_next
                0x0800a2f8      0x1ee Middlewares\Third_Party\FatFs\src\ff.o
 .text.dir_alloc
                0x0800a4e6       0x94 Middlewares\Third_Party\FatFs\src\ff.o
 .text.ld_clust
                0x0800a57a       0x5a Middlewares\Third_Party\FatFs\src\ff.o
 .text.st_clust
                0x0800a5d4       0x4c Middlewares\Third_Party\FatFs\src\ff.o
 .text.dir_find
                0x0800a620       0x9e Middlewares\Third_Party\FatFs\src\ff.o
 .text.dir_register
                0x0800a6be       0x72 Middlewares\Third_Party\FatFs\src\ff.o
 .text.create_name
                0x0800a730      0x180 Middlewares\Third_Party\FatFs\src\ff.o
 .text.follow_path
                0x0800a8b0       0xdc Middlewares\Third_Party\FatFs\src\ff.o
 .text.get_ldnumber
                0x0800a98c       0x86 Middlewares\Third_Party\FatFs\src\ff.o
 *fill*         0x0800aa12        0x2 
 .text.check_fs
                0x0800aa14       0xd4 Middlewares\Third_Party\FatFs\src\ff.o
 .text.find_volume
                0x0800aae8      0x594 Middlewares\Third_Party\FatFs\src\ff.o
 .text.validate
                0x0800b07c       0x66 Middlewares\Third_Party\FatFs\src\ff.o
 *fill*         0x0800b0e2        0x2 
 .text.f_mount  0x0800b0e4       0x90 Middlewares\Third_Party\FatFs\src\ff.o
                0x0800b0e4                f_mount
 .text.f_open   0x0800b174      0x416 Middlewares\Third_Party\FatFs\src\ff.o
                0x0800b174                f_open
 .text.f_write  0x0800b58a      0x35a Middlewares\Third_Party\FatFs\src\ff.o
                0x0800b58a                f_write
 .text.f_sync   0x0800b8e4      0x174 Middlewares\Third_Party\FatFs\src\ff.o
                0x0800b8e4                f_sync
 .text.f_close  0x0800ba58       0x50 Middlewares\Third_Party\FatFs\src\ff.o
                0x0800ba58                f_close
 .text.putc_bfd
                0x0800baa8       0x7a Middlewares\Third_Party\FatFs\src\ff.o
 *fill*         0x0800bb22        0x2 
 .text.f_printf
                0x0800bb24      0x434 Middlewares\Third_Party\FatFs\src\ff.o
                0x0800bb24                f_printf
 .text.FATFS_LinkDriverEx
                0x0800bf58       0x94 Middlewares\Third_Party\FatFs\src\ff_gen_drv.o
                0x0800bf58                FATFS_LinkDriverEx
 .text.FATFS_LinkDriver
                0x0800bfec       0x1e Middlewares\Third_Party\FatFs\src\ff_gen_drv.o
                0x0800bfec                FATFS_LinkDriver
 .text.makeFreeRtosPriority
                0x0800c00a       0x2e Middlewares\Third_Party\FreeRTOS\Source\CMSIS_RTOS\cmsis_os.o
 .text.inHandlerMode
                0x0800c038       0x22 Middlewares\Third_Party\FreeRTOS\Source\CMSIS_RTOS\cmsis_os.o
 .text.osKernelStart
                0x0800c05a        0xe Middlewares\Third_Party\FreeRTOS\Source\CMSIS_RTOS\cmsis_os.o
                0x0800c05a                osKernelStart
 .text.osThreadCreate
                0x0800c068       0x4e Middlewares\Third_Party\FreeRTOS\Source\CMSIS_RTOS\cmsis_os.o
                0x0800c068                osThreadCreate
 .text.osDelay  0x0800c0b6       0x28 Middlewares\Third_Party\FreeRTOS\Source\CMSIS_RTOS\cmsis_os.o
                0x0800c0b6                osDelay
 .text.osMessageCreate
                0x0800c0de       0x24 Middlewares\Third_Party\FreeRTOS\Source\CMSIS_RTOS\cmsis_os.o
                0x0800c0de                osMessageCreate
 *fill*         0x0800c102        0x2 
 .text.osMessagePut
                0x0800c104       0x80 Middlewares\Third_Party\FreeRTOS\Source\CMSIS_RTOS\cmsis_os.o
                0x0800c104                osMessagePut
 .text.osMessageGet
                0x0800c184       0xe8 Middlewares\Third_Party\FreeRTOS\Source\CMSIS_RTOS\cmsis_os.o
                0x0800c184                osMessageGet
 .text.osSystickHandler
                0x0800c26c       0x16 Middlewares\Third_Party\FreeRTOS\Source\CMSIS_RTOS\cmsis_os.o
                0x0800c26c                osSystickHandler
 .text.vListInitialise
                0x0800c282       0x3e Middlewares\Third_Party\FreeRTOS\Source\list.o
                0x0800c282                vListInitialise
 .text.vListInitialiseItem
                0x0800c2c0       0x18 Middlewares\Third_Party\FreeRTOS\Source\list.o
                0x0800c2c0                vListInitialiseItem
 .text.vListInsertEnd
                0x0800c2d8       0x46 Middlewares\Third_Party\FreeRTOS\Source\list.o
                0x0800c2d8                vListInsertEnd
 .text.vListInsert
                0x0800c31e       0x70 Middlewares\Third_Party\FreeRTOS\Source\list.o
                0x0800c31e                vListInsert
 .text.uxListRemove
                0x0800c38e       0x52 Middlewares\Third_Party\FreeRTOS\Source\list.o
                0x0800c38e                uxListRemove
 .text.pxPortInitialiseStack
                0x0800c3e0       0x58 Middlewares\Third_Party\FreeRTOS\Source\portable\GCC\ARM_CM3\port.o
                0x0800c3e0                pxPortInitialiseStack
 .text.prvTaskExitError
                0x0800c438       0x3c Middlewares\Third_Party\FreeRTOS\Source\portable\GCC\ARM_CM3\port.o
 *fill*         0x0800c474        0xc 
 .text.SVC_Handler
                0x0800c480       0x28 Middlewares\Third_Party\FreeRTOS\Source\portable\GCC\ARM_CM3\port.o
                0x0800c480                SVC_Handler
 .text.prvPortStartFirstTask
                0x0800c4a8       0x20 Middlewares\Third_Party\FreeRTOS\Source\portable\GCC\ARM_CM3\port.o
 .text.xPortStartScheduler
                0x0800c4c8       0xbc Middlewares\Third_Party\FreeRTOS\Source\portable\GCC\ARM_CM3\port.o
                0x0800c4c8                xPortStartScheduler
 .text.vPortEnterCritical
                0x0800c584       0x5c Middlewares\Third_Party\FreeRTOS\Source\portable\GCC\ARM_CM3\port.o
                0x0800c584                vPortEnterCritical
 .text.vPortExitCritical
                0x0800c5e0       0x4c Middlewares\Third_Party\FreeRTOS\Source\portable\GCC\ARM_CM3\port.o
                0x0800c5e0                vPortExitCritical
 *fill*         0x0800c62c        0x4 
 .text.PendSV_Handler
                0x0800c630       0x48 Middlewares\Third_Party\FreeRTOS\Source\portable\GCC\ARM_CM3\port.o
                0x0800c630                PendSV_Handler
 .text.xPortSysTickHandler
                0x0800c678       0x40 Middlewares\Third_Party\FreeRTOS\Source\portable\GCC\ARM_CM3\port.o
                0x0800c678                xPortSysTickHandler
 .text.vPortSetupTimerInterrupt
                0x0800c6b8       0x34 Middlewares\Third_Party\FreeRTOS\Source\portable\GCC\ARM_CM3\port.o
                0x0800c6b8                vPortSetupTimerInterrupt
 .text.vPortValidateInterruptPriority
                0x0800c6ec       0x78 Middlewares\Third_Party\FreeRTOS\Source\portable\GCC\ARM_CM3\port.o
                0x0800c6ec                vPortValidateInterruptPriority
 .text.pvPortMalloc
                0x0800c764       0x24 Middlewares\Third_Party\FreeRTOS\Source\portable\MemMang\heap_3.o
                0x0800c764                pvPortMalloc
 .text.vPortFree
                0x0800c788       0x24 Middlewares\Third_Party\FreeRTOS\Source\portable\MemMang\heap_3.o
                0x0800c788                vPortFree
 .text.xQueueGenericReset
                0x0800c7ac       0xd0 Middlewares\Third_Party\FreeRTOS\Source\queue.o
                0x0800c7ac                xQueueGenericReset
 .text.xQueueGenericCreate
                0x0800c87c       0x72 Middlewares\Third_Party\FreeRTOS\Source\queue.o
                0x0800c87c                xQueueGenericCreate
 .text.prvInitialiseNewQueue
                0x0800c8ee       0x3e Middlewares\Third_Party\FreeRTOS\Source\queue.o
 .text.xQueueGenericSend
                0x0800c92c      0x1f4 Middlewares\Third_Party\FreeRTOS\Source\queue.o
                0x0800c92c                xQueueGenericSend
 .text.xQueueGenericSendFromISR
                0x0800cb20      0x128 Middlewares\Third_Party\FreeRTOS\Source\queue.o
                0x0800cb20                xQueueGenericSendFromISR
 .text.xQueueGenericReceive
                0x0800cc48      0x224 Middlewares\Third_Party\FreeRTOS\Source\queue.o
                0x0800cc48                xQueueGenericReceive
 .text.xQueueReceiveFromISR
                0x0800ce6c       0xfa Middlewares\Third_Party\FreeRTOS\Source\queue.o
                0x0800ce6c                xQueueReceiveFromISR
 .text.prvCopyDataToQueue
                0x0800cf66       0xd4 Middlewares\Third_Party\FreeRTOS\Source\queue.o
 .text.prvCopyDataFromQueue
                0x0800d03a       0x4c Middlewares\Third_Party\FreeRTOS\Source\queue.o
 .text.prvUnlockQueue
                0x0800d086       0xa4 Middlewares\Third_Party\FreeRTOS\Source\queue.o
 .text.prvIsQueueEmpty
                0x0800d12a       0x2c Middlewares\Third_Party\FreeRTOS\Source\queue.o
 .text.prvIsQueueFull
                0x0800d156       0x30 Middlewares\Third_Party\FreeRTOS\Source\queue.o
 .text.xTaskCreate
                0x0800d186       0x82 Middlewares\Third_Party\FreeRTOS\Source\tasks.o
                0x0800d186                xTaskCreate
 .text.prvInitialiseNewTask
                0x0800d208       0xfc Middlewares\Third_Party\FreeRTOS\Source\tasks.o
 .text.prvAddNewTaskToReadyList
                0x0800d304       0xd4 Middlewares\Third_Party\FreeRTOS\Source\tasks.o
 .text.vTaskDelete
                0x0800d3d8      0x11c Middlewares\Third_Party\FreeRTOS\Source\tasks.o
                0x0800d3d8                vTaskDelete
 .text.vTaskDelay
                0x0800d4f4       0x68 Middlewares\Third_Party\FreeRTOS\Source\tasks.o
                0x0800d4f4                vTaskDelay
 .text.vTaskStartScheduler
                0x0800d55c       0x8c Middlewares\Third_Party\FreeRTOS\Source\tasks.o
                0x0800d55c                vTaskStartScheduler
 .text.vTaskSuspendAll
                0x0800d5e8       0x1c Middlewares\Third_Party\FreeRTOS\Source\tasks.o
                0x0800d5e8                vTaskSuspendAll
 .text.xTaskResumeAll
                0x0800d604      0x138 Middlewares\Third_Party\FreeRTOS\Source\tasks.o
                0x0800d604                xTaskResumeAll
 .text.xTaskIncrementTick
                0x0800d73c      0x178 Middlewares\Third_Party\FreeRTOS\Source\tasks.o
                0x0800d73c                xTaskIncrementTick
 .text.vTaskSwitchContext
                0x0800d8b4       0xb4 Middlewares\Third_Party\FreeRTOS\Source\tasks.o
                0x0800d8b4                vTaskSwitchContext
 .text.vTaskPlaceOnEventList
                0x0800d968       0x48 Middlewares\Third_Party\FreeRTOS\Source\tasks.o
                0x0800d968                vTaskPlaceOnEventList
 .text.xTaskRemoveFromEventList
                0x0800d9b0       0xc4 Middlewares\Third_Party\FreeRTOS\Source\tasks.o
                0x0800d9b0                xTaskRemoveFromEventList
 .text.vTaskSetTimeOutState
                0x0800da74       0x44 Middlewares\Third_Party\FreeRTOS\Source\tasks.o
                0x0800da74                vTaskSetTimeOutState
 .text.xTaskCheckForTimeOut
                0x0800dab8       0xbc Middlewares\Third_Party\FreeRTOS\Source\tasks.o
                0x0800dab8                xTaskCheckForTimeOut
 .text.vTaskMissedYield
                0x0800db74       0x18 Middlewares\Third_Party\FreeRTOS\Source\tasks.o
                0x0800db74                vTaskMissedYield
 .text.prvIdleTask
                0x0800db8c       0x30 Middlewares\Third_Party\FreeRTOS\Source\tasks.o
 .text.prvInitialiseTaskLists
                0x0800dbbc       0x80 Middlewares\Third_Party\FreeRTOS\Source\tasks.o
 .text.prvCheckTasksWaitingTermination
                0x0800dc3c       0x78 Middlewares\Third_Party\FreeRTOS\Source\tasks.o
 .text.prvDeleteTCB
                0x0800dcb4       0x20 Middlewares\Third_Party\FreeRTOS\Source\tasks.o
 .text.prvResetNextTaskUnblockTime
                0x0800dcd4       0x48 Middlewares\Third_Party\FreeRTOS\Source\tasks.o
 .text.xTaskGetSchedulerState
                0x0800dd1c       0x3c Middlewares\Third_Party\FreeRTOS\Source\tasks.o
                0x0800dd1c                xTaskGetSchedulerState
 .text.vTaskPriorityInherit
                0x0800dd58       0xec Middlewares\Third_Party\FreeRTOS\Source\tasks.o
                0x0800dd58                vTaskPriorityInherit
 .text.xTaskPriorityDisinherit
                0x0800de44      0x108 Middlewares\Third_Party\FreeRTOS\Source\tasks.o
                0x0800de44                xTaskPriorityDisinherit
 .text.pvTaskIncrementMutexHeldCount
                0x0800df4c       0x28 Middlewares\Third_Party\FreeRTOS\Source\tasks.o
                0x0800df4c                pvTaskIncrementMutexHeldCount
 .text.prvAddCurrentTaskToDelayedList
                0x0800df74       0xcc Middlewares\Third_Party\FreeRTOS\Source\tasks.o
 .text.WIZCHIP_READ
                0x0800e040       0x98 Middlewares\ioLibrary_wiznet\Ethernet\W5500\w5500.o
                0x0800e040                WIZCHIP_READ
 .text.WIZCHIP_WRITE
                0x0800e0d8       0x9c Middlewares\ioLibrary_wiznet\Ethernet\W5500\w5500.o
                0x0800e0d8                WIZCHIP_WRITE
 .text.WIZCHIP_READ_BUF
                0x0800e174       0xc0 Middlewares\ioLibrary_wiznet\Ethernet\W5500\w5500.o
                0x0800e174                WIZCHIP_READ_BUF
 .text.WIZCHIP_WRITE_BUF
                0x0800e234       0xc0 Middlewares\ioLibrary_wiznet\Ethernet\W5500\w5500.o
                0x0800e234                WIZCHIP_WRITE_BUF
 .text.getSn_TX_FSR
                0x0800e2f4       0x96 Middlewares\ioLibrary_wiznet\Ethernet\W5500\w5500.o
                0x0800e2f4                getSn_TX_FSR
 .text.getSn_RX_RSR
                0x0800e38a       0x96 Middlewares\ioLibrary_wiznet\Ethernet\W5500\w5500.o
                0x0800e38a                getSn_RX_RSR
 .text.wiz_send_data
                0x0800e420       0xb8 Middlewares\ioLibrary_wiznet\Ethernet\W5500\w5500.o
                0x0800e420                wiz_send_data
 .text.wiz_recv_data
                0x0800e4d8       0xb8 Middlewares\ioLibrary_wiznet\Ethernet\W5500\w5500.o
                0x0800e4d8                wiz_recv_data
 .text.socket   0x0800e590      0x224 Middlewares\ioLibrary_wiznet\Ethernet\socket.o
                0x0800e590                socket
 .text.close    0x0800e7b4       0xdc Middlewares\ioLibrary_wiznet\Ethernet\socket.o
                0x0800e7b4                close
 .text.listen   0x0800e890       0xb2 Middlewares\ioLibrary_wiznet\Ethernet\socket.o
                0x0800e890                listen
 *fill*         0x0800e942        0x2 
 .text.send     0x0800e944      0x1f4 Middlewares\ioLibrary_wiznet\Ethernet\socket.o
                0x0800e944                send
 .text.recv     0x0800eb38      0x16c Middlewares\ioLibrary_wiznet\Ethernet\socket.o
                0x0800eb38                recv
 .text.wizchip_cris_enter
                0x0800eca4        0xc Middlewares\ioLibrary_wiznet\Ethernet\wizchip_conf.o
                0x0800eca4                wizchip_cris_enter
 .text.wizchip_cris_exit
                0x0800ecb0        0xc Middlewares\ioLibrary_wiznet\Ethernet\wizchip_conf.o
                0x0800ecb0                wizchip_cris_exit
 .text.wizchip_cs_select
                0x0800ecbc        0xc Middlewares\ioLibrary_wiznet\Ethernet\wizchip_conf.o
                0x0800ecbc                wizchip_cs_select
 .text.wizchip_cs_deselect
                0x0800ecc8        0xc Middlewares\ioLibrary_wiznet\Ethernet\wizchip_conf.o
                0x0800ecc8                wizchip_cs_deselect
 .text.wizchip_bus_readdata
                0x0800ecd4       0x18 Middlewares\ioLibrary_wiznet\Ethernet\wizchip_conf.o
                0x0800ecd4                wizchip_bus_readdata
 .text.wizchip_bus_writedata
                0x0800ecec       0x1c Middlewares\ioLibrary_wiznet\Ethernet\wizchip_conf.o
                0x0800ecec                wizchip_bus_writedata
 .text.wizchip_spi_readbyte
                0x0800ed08        0xe Middlewares\ioLibrary_wiznet\Ethernet\wizchip_conf.o
                0x0800ed08                wizchip_spi_readbyte
 .text.wizchip_spi_writebyte
                0x0800ed16       0x14 Middlewares\ioLibrary_wiznet\Ethernet\wizchip_conf.o
                0x0800ed16                wizchip_spi_writebyte
 *fill*         0x0800ed2a        0x2 
 .text.reg_wizchip_cs_cbfunc
                0x0800ed2c       0x48 Middlewares\ioLibrary_wiznet\Ethernet\wizchip_conf.o
                0x0800ed2c                reg_wizchip_cs_cbfunc
 .text.reg_wizchip_spi_cbfunc
                0x0800ed74       0x54 Middlewares\ioLibrary_wiznet\Ethernet\wizchip_conf.o
                0x0800ed74                reg_wizchip_spi_cbfunc
 .text.wizchip_sw_reset
                0x0800edc8       0x98 Middlewares\ioLibrary_wiznet\Ethernet\wizchip_conf.o
                0x0800edc8                wizchip_sw_reset
 .text.wizchip_init
                0x0800ee60      0x118 Middlewares\ioLibrary_wiznet\Ethernet\wizchip_conf.o
                0x0800ee60                wizchip_init
 .text.wizchip_setnetinfo
                0x0800ef78       0x80 Middlewares\ioLibrary_wiznet\Ethernet\wizchip_conf.o
                0x0800ef78                wizchip_setnetinfo
 .text.wizchip_getnetinfo
                0x0800eff8       0x80 Middlewares\ioLibrary_wiznet\Ethernet\wizchip_conf.o
                0x0800eff8                wizchip_getnetinfo
 .text.s_read_hr
                0x0800f078       0xa0 Middlewares\shvabmodbus\shv_mb_rtu.o
                0x0800f078                s_read_hr
 .text.s_write_hr
                0x0800f118       0xc8 Middlewares\shvabmodbus\shv_mb_rtu.o
                0x0800f118                s_write_hr
 .text.s_exception_handler
                0x0800f1e0       0x48 Middlewares\shvabmodbus\shv_mb_rtu.o
                0x0800f1e0                s_exception_handler
 .text.s_check_crc16
                0x0800f228       0x68 Middlewares\shvabmodbus\shv_mb_rtu.o
 .text.s_modbus_rt_func_03_read_hr
                0x0800f290      0x15c Middlewares\shvabmodbus\shv_mb_rtu.o
 .text.s_modbus_rt_func_06_write_sreg
                0x0800f3ec      0x134 Middlewares\shvabmodbus\shv_mb_rtu.o
 .text.s_modbus_rt_func_16_write_mregs
                0x0800f520      0x178 Middlewares\shvabmodbus\shv_mb_rtu.o
 .text.modbus_rt_process_request
                0x0800f698       0xac Middlewares\shvabmodbus\shv_mb_rtu.o
                0x0800f698                modbus_rt_process_request
 .text.s_read_hr
                0x0800f744       0xa0 Middlewares\shvabmodbus\shv_mb_tcp.o
 .text.s_write_hr
                0x0800f7e4       0xc8 Middlewares\shvabmodbus\shv_mb_tcp.o
 .text.s_exception_handler
                0x0800f8ac       0x48 Middlewares\shvabmodbus\shv_mb_tcp.o
 .text.s_modbus_tcp_func_03_read_hr
                0x0800f8f4      0x184 Middlewares\shvabmodbus\shv_mb_tcp.o
 .text.s_modbus_tcp_func_06_write_sreg
                0x0800fa78      0x194 Middlewares\shvabmodbus\shv_mb_tcp.o
 .text.s_modbus_tcp_func_16_write_mregs
                0x0800fc0c      0x1a8 Middlewares\shvabmodbus\shv_mb_tcp.o
 .text.modbus_tcp_process_request
                0x0800fdb4       0x98 Middlewares\shvabmodbus\shv_mb_tcp.o
                0x0800fdb4                modbus_tcp_process_request
 .text.eth_send_tcp_data
                0x0800fe4c       0x22 Middlewares\shvabmodbus\shv_mb_w5500_port.o
                0x0800fe4c                eth_send_tcp_data
 *fill*         0x0800fe6e        0x2 
 .text.modbus_init_w5500
                0x0800fe70       0xd8 Middlewares\shvabmodbus\shv_mb_w5500_port.o
                0x0800fe70                modbus_init_w5500
 .text.modbus_reinit_w5500
                0x0800ff48       0x34 Middlewares\shvabmodbus\shv_mb_w5500_port.o
                0x0800ff48                modbus_reinit_w5500
 .text.vEthTask
                0x0800ff7c       0xdc Middlewares\shvabmodbus\shv_mb_w5500_port.o
                0x0800ff7c                vEthTask
 .text.modbus_init_registers
                0x08010058      0x138 Middlewares\shvabmodbus\shv_modbus_regmap.o
                0x08010058                modbus_init_registers
 .text.init_uart1
                0x08010190       0x24 Middlewares\shvabmodbus\shv_modbus_uart1_port.o
                0x08010190                init_uart1
 .text.reinit_uart1
                0x080101b4       0x1c Middlewares\shvabmodbus\shv_modbus_uart1_port.o
                0x080101b4                reinit_uart1
 .text.reload_dma
                0x080101d0       0x20 Middlewares\shvabmodbus\shv_modbus_uart1_port.o
                0x080101d0                reload_dma
 .text.TIM3_Update_Handler
                0x080101f0       0x90 Middlewares\shvabmodbus\shv_modbus_uart1_port.o
                0x080101f0                TIM3_Update_Handler
 .text.MX_FATFS_Init
                0x08010280       0x24 Src\fatfs.o
                0x08010280                MX_FATFS_Init
 .text.main     0x080102a4      0x1d0 Src\main.o
                0x080102a4                main
 .text.SystemClock_Config
                0x08010474       0xf4 Src\main.o
                0x08010474                SystemClock_Config
 .text.MX_RTC_Init
                0x08010568       0xa0 Src\main.o
 .text.MX_SPI1_Init
                0x08010608       0x78 Src\main.o
 .text.MX_SPI2_Init
                0x08010680       0x74 Src\main.o
 .text.MX_SPI3_Init
                0x080106f4       0x78 Src\main.o
 .text.MX_TIM3_Init
                0x0801076c       0x70 Src\main.o
 .text.MX_USART1_UART_Init
                0x080107dc       0x5c Src\main.o
 .text.MX_USART2_UART_Init
                0x08010838       0x5c Src\main.o
 .text.MX_USART3_UART_Init
                0x08010894       0x5c Src\main.o
 .text.MX_DMA_Init
                0x080108f0       0x6c Src\main.o
 .text.MX_GPIO_Init
                0x0801095c      0x1c0 Src\main.o
 .text.StartDefaultTask
                0x08010b1c       0x74 Src\main.o
                0x08010b1c                StartDefaultTask
 .text.HAL_TIM_PeriodElapsedCallback
                0x08010b90       0x34 Src\main.o
                0x08010b90                HAL_TIM_PeriodElapsedCallback
 .text._Error_Handler
                0x08010bc4        0xc Src\main.o
                0x08010bc4                _Error_Handler
 .text.HAL_MspInit
                0x08010bd0       0xa0 Src\stm32f1xx_hal_msp.o
                0x08010bd0                HAL_MspInit
 .text.HAL_RTC_MspInit
                0x08010c70       0x48 Src\stm32f1xx_hal_msp.o
                0x08010c70                HAL_RTC_MspInit
 .text.HAL_SPI_MspInit
                0x08010cb8      0x24c Src\stm32f1xx_hal_msp.o
                0x08010cb8                HAL_SPI_MspInit
 .text.HAL_TIM_Base_MspInit
                0x08010f04       0x3c Src\stm32f1xx_hal_msp.o
                0x08010f04                HAL_TIM_Base_MspInit
 .text.HAL_UART_MspInit
                0x08010f40      0x1b0 Src\stm32f1xx_hal_msp.o
                0x08010f40                HAL_UART_MspInit
 .text.HAL_InitTick
                0x080110f0       0xb0 Src\stm32f1xx_hal_timebase_TIM.o
                0x080110f0                HAL_InitTick
 .text.NMI_Handler
                0x080111a0        0xc Src\stm32f1xx_it.o
                0x080111a0                NMI_Handler
 .text.HardFault_Handler
                0x080111ac        0x6 Src\stm32f1xx_it.o
                0x080111ac                HardFault_Handler
 .text.MemManage_Handler
                0x080111b2        0x6 Src\stm32f1xx_it.o
                0x080111b2                MemManage_Handler
 .text.BusFault_Handler
                0x080111b8        0x6 Src\stm32f1xx_it.o
                0x080111b8                BusFault_Handler
 .text.UsageFault_Handler
                0x080111be        0x6 Src\stm32f1xx_it.o
                0x080111be                UsageFault_Handler
 .text.DebugMon_Handler
                0x080111c4        0xc Src\stm32f1xx_it.o
                0x080111c4                DebugMon_Handler
 .text.SysTick_Handler
                0x080111d0        0xc Src\stm32f1xx_it.o
                0x080111d0                SysTick_Handler
 .text.DMA1_Channel2_IRQHandler
                0x080111dc       0x14 Src\stm32f1xx_it.o
                0x080111dc                DMA1_Channel2_IRQHandler
 .text.DMA1_Channel3_IRQHandler
                0x080111f0       0x14 Src\stm32f1xx_it.o
                0x080111f0                DMA1_Channel3_IRQHandler
 .text.DMA1_Channel4_IRQHandler
                0x08011204       0x14 Src\stm32f1xx_it.o
                0x08011204                DMA1_Channel4_IRQHandler
 .text.DMA1_Channel5_IRQHandler
                0x08011218       0x14 Src\stm32f1xx_it.o
                0x08011218                DMA1_Channel5_IRQHandler
 .text.TIM3_IRQHandler
                0x0801122c       0x14 Src\stm32f1xx_it.o
                0x0801122c                TIM3_IRQHandler
 .text.TIM7_IRQHandler
                0x08011240       0x14 Src\stm32f1xx_it.o
                0x08011240                TIM7_IRQHandler
 .text.OTG_FS_IRQHandler
                0x08011254       0x2c Src\stm32f1xx_it.o
                0x08011254                OTG_FS_IRQHandler
 .text.SystemInit
                0x08011280       0x7c Src\system_stm32f1xx.o
                0x08011280                SystemInit
 .text.MX_USB_HOST_Init
                0x080112fc       0x2c Src\usb_host.o
                0x080112fc                MX_USB_HOST_Init
 .text.USBH_UserProcess
                0x08011328       0xb0 Src\usb_host.o
 .text.HAL_HCD_MspInit
                0x080113d8       0x64 Src\usbh_conf.o
                0x080113d8                HAL_HCD_MspInit
 .text.HAL_HCD_SOF_Callback
                0x0801143c       0x1c Src\usbh_conf.o
                0x0801143c                HAL_HCD_SOF_Callback
 .text.HAL_HCD_Connect_Callback
                0x08011458       0x1c Src\usbh_conf.o
                0x08011458                HAL_HCD_Connect_Callback
 .text.HAL_HCD_Disconnect_Callback
                0x08011474       0x1c Src\usbh_conf.o
                0x08011474                HAL_HCD_Disconnect_Callback
 .text.HAL_HCD_HC_NotifyURBChange_Callback
                0x08011490       0x24 Src\usbh_conf.o
                0x08011490                HAL_HCD_HC_NotifyURBChange_Callback
 .text.USBH_LL_Init
                0x080114b4       0x74 Src\usbh_conf.o
                0x080114b4                USBH_LL_Init
 .text.USBH_LL_Start
                0x08011528       0x64 Src\usbh_conf.o
                0x08011528                USBH_LL_Start
 .text.USBH_LL_Stop
                0x0801158c       0x64 Src\usbh_conf.o
                0x0801158c                USBH_LL_Stop
 .text.USBH_LL_GetSpeed
                0x080115f0       0x4a Src\usbh_conf.o
                0x080115f0                USBH_LL_GetSpeed
 *fill*         0x0801163a        0x2 
 .text.USBH_LL_ResetPort
                0x0801163c       0x64 Src\usbh_conf.o
                0x0801163c                USBH_LL_ResetPort
 .text.USBH_LL_GetLastXferSize
                0x080116a0       0x26 Src\usbh_conf.o
                0x080116a0                USBH_LL_GetLastXferSize
 *fill*         0x080116c6        0x2 
 .text.USBH_LL_OpenPipe
                0x080116c8       0x8c Src\usbh_conf.o
                0x080116c8                USBH_LL_OpenPipe
 .text.USBH_LL_ClosePipe
                0x08011754       0x6c Src\usbh_conf.o
                0x08011754                USBH_LL_ClosePipe
 .text.USBH_LL_SubmitURB
                0x080117c0       0x90 Src\usbh_conf.o
                0x080117c0                USBH_LL_SubmitURB
 .text.USBH_LL_GetURBState
                0x08011850       0x26 Src\usbh_conf.o
                0x08011850                USBH_LL_GetURBState
 .text.USBH_LL_DriverVBUS
                0x08011876       0x2e Src\usbh_conf.o
                0x08011876                USBH_LL_DriverVBUS
 .text.USBH_LL_SetToggle
                0x080118a4       0x64 Src\usbh_conf.o
                0x080118a4                USBH_LL_SetToggle
 .text.USBH_LL_GetToggle
                0x08011908       0x64 Src\usbh_conf.o
                0x08011908                USBH_LL_GetToggle
 .text.USBH_Delay
                0x0801196c       0x16 Src\usbh_conf.o
                0x0801196c                USBH_Delay
 *fill*         0x08011982        0x2 
 .text.MX_DriverVbusFS
                0x08011984       0x38 Src\usbh_platform.o
                0x08011984                MX_DriverVbusFS
 .text.archive_get_pack_offset
                0x080119bc       0x2c mpii_src\archive.o
                0x080119bc                archive_get_pack_offset
 .text.archive_get_data
                0x080119e8       0x64 mpii_src\archive.o
                0x080119e8                archive_get_data
 .text.archive_read_settings
                0x08011a4c       0x64 mpii_src\archive.o
                0x08011a4c                archive_read_settings
 .text.s_eeprom_select
                0x08011ab0       0x68 mpii_src\eeprom.o
 .text.s_get_selected_eeprom
                0x08011b18       0x50 mpii_src\eeprom.o
 .text.s_eeprom_timeout_handler
                0x08011b68       0x58 mpii_src\eeprom.o
 .text.s_eeprom_clear_timeout_error
                0x08011bc0       0x58 mpii_src\eeprom.o
 .text.s_eeprom_send_byte
                0x08011c18       0x44 mpii_src\eeprom.o
 .text.s_eeprom_read_byte
                0x08011c5c       0x10 mpii_src\eeprom.o
 .text.eeprom_read_page
                0x08011c6c       0x8c mpii_src\eeprom.o
                0x08011c6c                eeprom_read_page
 .text.oled_cs_set
                0x08011cf8       0x18 mpii_src\lcd_oled.o
 .text.oled_cs_reset
                0x08011d10       0x18 mpii_src\lcd_oled.o
 .text.oled_scl_set
                0x08011d28       0x18 mpii_src\lcd_oled.o
 .text.oled_scl_reset
                0x08011d40       0x18 mpii_src\lcd_oled.o
 .text.oled_mosi_set
                0x08011d58       0x18 mpii_src\lcd_oled.o
 .text.oled_mosi_reset
                0x08011d70       0x18 mpii_src\lcd_oled.o
 .text.oled_send_cmd
                0x08011d88       0x60 mpii_src\lcd_oled.o
 .text.oled_send_data
                0x08011de8       0x66 mpii_src\lcd_oled.o
 .text.oled_lcd_init
                0x08011e4e       0x3e mpii_src\lcd_oled.o
                0x08011e4e                oled_lcd_init
 .text.oled_print_upper
                0x08011e8c       0x6a mpii_src\lcd_oled.o
                0x08011e8c                oled_print_upper
 *fill*         0x08011ef6        0x2 
 .text.oled_print_lower_and_time
                0x08011ef8       0xbc mpii_src\lcd_oled.o
                0x08011ef8                oled_print_lower_and_time
 .text.oled_print_lower
                0x08011fb4       0x46 mpii_src\lcd_oled.o
                0x08011fb4                oled_print_lower
 .text.oled_clr_all
                0x08011ffa        0xe mpii_src\lcd_oled.o
                0x08011ffa                oled_clr_all
 .text.s_w5500_init
                0x08012008       0x5c mpii_src\spi_w5500.o
 .text.s_w5500_deselect_chip
                0x08012064       0x18 mpii_src\spi_w5500.o
 .text.s_w5500_select_chip
                0x0801207c       0x18 mpii_src\spi_w5500.o
 .text.s_w5500_send_byte
                0x08012094       0x2c mpii_src\spi_w5500.o
 .text.s_w5500_read_byte
                0x080120c0       0x10 mpii_src\spi_w5500.o
 .text.w5500_init
                0x080120d0       0x6c mpii_src\spi_w5500.o
                0x080120d0                w5500_init
 .text.reg_check_time
                0x0801213c       0xac mpii_src\task_hr_handler.o
 .text.reg_check_ip
                0x080121e8      0x1dc mpii_src\task_hr_handler.o
 .text.reg_check_rtu_addr
                0x080123c4       0x3c mpii_src\task_hr_handler.o
 .text.task_hr_handler
                0x08012400       0x1e mpii_src\task_hr_handler.o
                0x08012400                task_hr_handler
 *fill*         0x0801241e        0x2 
 .text.s_display_data
                0x08012420      0x3c8 mpii_src\task_oled.o
 .text.task_oled
                0x080127e8      0x14c mpii_src\task_oled.o
                0x080127e8                task_oled
 .text.disk_initialize
                0x08012934       0x16 mpii_src\usbh_diskio.o
                0x08012934                disk_initialize
 *fill*         0x0801294a        0x2 
 .text.disk_status
                0x0801294c       0x38 mpii_src\usbh_diskio.o
                0x0801294c                disk_status
 .text.disk_read
                0x08012984      0x134 mpii_src\usbh_diskio.o
                0x08012984                disk_read
 .text.disk_write
                0x08012ab8      0x158 mpii_src\usbh_diskio.o
                0x08012ab8                disk_write
 .text.disk_ioctl
                0x08012c10       0xd4 mpii_src\usbh_diskio.o
                0x08012c10                disk_ioctl
 .text.get_fattime
                0x08012ce4        0xe mpii_src\usbh_diskio.o
                0x08012ce4                get_fattime
 *fill*         0x08012cf2        0x2 
 .text.write_to_usb
                0x08012cf4      0x1b8 mpii_src\write_to_usb.o
 .text.usb_write_archive_task
                0x08012eac       0x2c mpii_src\write_to_usb.o
                0x08012eac                usb_write_archive_task
 .text.Reset_Handler
                0x08012ed8       0x48 startup\startup_stm32f107xc.o
                0x08012ed8                Reset_Handler
 .text.Default_Handler
                0x08012f20        0x2 startup\startup_stm32f107xc.o
                0x08012f20                RTC_Alarm_IRQHandler
                0x08012f20                EXTI2_IRQHandler
                0x08012f20                TIM1_CC_IRQHandler
                0x08012f20                TIM6_IRQHandler
                0x08012f20                PVD_IRQHandler
                0x08012f20                CAN2_RX1_IRQHandler
                0x08012f20                EXTI3_IRQHandler
                0x08012f20                EXTI0_IRQHandler
                0x08012f20                I2C2_EV_IRQHandler
                0x08012f20                CAN1_RX0_IRQHandler
                0x08012f20                CAN2_SCE_IRQHandler
                0x08012f20                ADC1_2_IRQHandler
                0x08012f20                SPI1_IRQHandler
                0x08012f20                TAMPER_IRQHandler
                0x08012f20                CAN2_RX0_IRQHandler
                0x08012f20                DMA2_Channel2_IRQHandler
                0x08012f20                USART3_IRQHandler
                0x08012f20                RTC_IRQHandler
                0x08012f20                DMA1_Channel7_IRQHandler
                0x08012f20                CAN1_RX1_IRQHandler
                0x08012f20                UART5_IRQHandler
                0x08012f20                TIM4_IRQHandler
                0x08012f20                DMA2_Channel1_IRQHandler
                0x08012f20                I2C1_EV_IRQHandler
                0x08012f20                DMA1_Channel6_IRQHandler
                0x08012f20                UART4_IRQHandler
                0x08012f20                DMA2_Channel4_IRQHandler
                0x08012f20                RCC_IRQHandler
                0x08012f20                TIM1_TRG_COM_IRQHandler
                0x08012f20                DMA1_Channel1_IRQHandler
                0x08012f20                Default_Handler
                0x08012f20                EXTI15_10_IRQHandler
                0x08012f20                CAN2_TX_IRQHandler
                0x08012f20                TIM5_IRQHandler
                0x08012f20                EXTI9_5_IRQHandler
                0x08012f20                ETH_WKUP_IRQHandler
                0x08012f20                SPI2_IRQHandler
                0x08012f20                CAN1_TX_IRQHandler
                0x08012f20                DMA2_Channel5_IRQHandler
                0x08012f20                EXTI4_IRQHandler
                0x08012f20                ETH_IRQHandler
                0x08012f20                TIM1_UP_IRQHandler
                0x08012f20                WWDG_IRQHandler
                0x08012f20                TIM2_IRQHandler
                0x08012f20                OTG_FS_WKUP_IRQHandler
                0x08012f20                TIM1_BRK_IRQHandler
                0x08012f20                EXTI1_IRQHandler
                0x08012f20                USART2_IRQHandler
                0x08012f20                I2C2_ER_IRQHandler
                0x08012f20                CAN1_SCE_IRQHandler
                0x08012f20                FLASH_IRQHandler
                0x08012f20                USART1_IRQHandler
                0x08012f20                SPI3_IRQHandler
                0x08012f20                I2C1_ER_IRQHandler
                0x08012f20                DMA2_Channel3_IRQHandler
 *fill*         0x08012f22        0x2 
 .text.__libc_init_array
                0x08012f24       0x48 c:/program files (x86)/atollic/truestudio for stm32 9.0.0/armtools/bin/../lib/gcc/arm-atollic-eabi/6.3.1/../../../../arm-atollic-eabi/lib/armv7-m\libc_nano.a(lib_a-init.o)
                0x08012f24                __libc_init_array
 .text.localtime
                0x08012f6c       0x24 c:/program files (x86)/atollic/truestudio for stm32 9.0.0/armtools/bin/../lib/gcc/arm-atollic-eabi/6.3.1/../../../../arm-atollic-eabi/lib/armv7-m\libc_nano.a(lib_a-lcltime.o)
                0x08012f6c                localtime
 .text.localtime_r
                0x08012f90      0x1c8 c:/program files (x86)/atollic/truestudio for stm32 9.0.0/armtools/bin/../lib/gcc/arm-atollic-eabi/6.3.1/../../../../arm-atollic-eabi/lib/armv7-m\libc_nano.a(lib_a-lcltime_r.o)
                0x08012f90                localtime_r
 .text.__locale_ctype_ptr_l
                0x08013158        0x6 c:/program files (x86)/atollic/truestudio for stm32 9.0.0/armtools/bin/../lib/gcc/arm-atollic-eabi/6.3.1/../../../../arm-atollic-eabi/lib/armv7-m\libc_nano.a(lib_a-locale.o)
                0x08013158                __locale_ctype_ptr_l
 *fill*         0x0801315e        0x2 
 .text.__locale_ctype_ptr
                0x08013160       0x1c c:/program files (x86)/atollic/truestudio for stm32 9.0.0/armtools/bin/../lib/gcc/arm-atollic-eabi/6.3.1/../../../../arm-atollic-eabi/lib/armv7-m\libc_nano.a(lib_a-locale.o)
                0x08013160                __locale_ctype_ptr
 .text.malloc   0x0801317c       0x10 c:/program files (x86)/atollic/truestudio for stm32 9.0.0/armtools/bin/../lib/gcc/arm-atollic-eabi/6.3.1/../../../../arm-atollic-eabi/lib/armv7-m\libc_nano.a(lib_a-malloc.o)
                0x0801317c                malloc
 .text.free     0x0801318c       0x10 c:/program files (x86)/atollic/truestudio for stm32 9.0.0/armtools/bin/../lib/gcc/arm-atollic-eabi/6.3.1/../../../../arm-atollic-eabi/lib/armv7-m\libc_nano.a(lib_a-malloc.o)
                0x0801318c                free
 .text.__ascii_mbtowc
                0x0801319c       0x24 c:/program files (x86)/atollic/truestudio for stm32 9.0.0/armtools/bin/../lib/gcc/arm-atollic-eabi/6.3.1/../../../../arm-atollic-eabi/lib/armv7-m\libc_nano.a(lib_a-mbtowc_r.o)
                0x0801319c                __ascii_mbtowc
 .text.memcpy   0x080131c0       0x16 c:/program files (x86)/atollic/truestudio for stm32 9.0.0/armtools/bin/../lib/gcc/arm-atollic-eabi/6.3.1/../../../../arm-atollic-eabi/lib/armv7-m\libc_nano.a(lib_a-memcpy-stub.o)
                0x080131c0                memcpy
 .text.memset   0x080131d6       0x10 c:/program files (x86)/atollic/truestudio for stm32 9.0.0/armtools/bin/../lib/gcc/arm-atollic-eabi/6.3.1/../../../../arm-atollic-eabi/lib/armv7-m\libc_nano.a(lib_a-memset.o)
                0x080131d6                memset
 *fill*         0x080131e6        0x2 
 .text._free_r  0x080131e8       0x98 c:/program files (x86)/atollic/truestudio for stm32 9.0.0/armtools/bin/../lib/gcc/arm-atollic-eabi/6.3.1/../../../../arm-atollic-eabi/lib/armv7-m\libc_nano.a(lib_a-nano-freer.o)
                0x080131e8                _free_r
 .text._malloc_r
                0x08013280       0xbc c:/program files (x86)/atollic/truestudio for stm32 9.0.0/armtools/bin/../lib/gcc/arm-atollic-eabi/6.3.1/../../../../arm-atollic-eabi/lib/armv7-m\libc_nano.a(lib_a-nano-mallocr.o)
                0x08013280                _malloc_r
 .text.printf   0x0801333c       0x30 c:/program files (x86)/atollic/truestudio for stm32 9.0.0/armtools/bin/../lib/gcc/arm-atollic-eabi/6.3.1/../../../../arm-atollic-eabi/lib/armv7-m\libc_nano.a(lib_a-printf.o)
                0x0801333c                iprintf
                0x0801333c                printf
 .text.putchar  0x0801336c       0x28 c:/program files (x86)/atollic/truestudio for stm32 9.0.0/armtools/bin/../lib/gcc/arm-atollic-eabi/6.3.1/../../../../arm-atollic-eabi/lib/armv7-m\libc_nano.a(lib_a-putchar.o)
                0x0801336c                putchar
 .text._sbrk_r  0x08013394       0x20 c:/program files (x86)/atollic/truestudio for stm32 9.0.0/armtools/bin/../lib/gcc/arm-atollic-eabi/6.3.1/../../../../arm-atollic-eabi/lib/armv7-m\libc_nano.a(lib_a-sbrkr.o)
                0x08013394                _sbrk_r
 .text.sprintf  0x080133b4       0x48 c:/program files (x86)/atollic/truestudio for stm32 9.0.0/armtools/bin/../lib/gcc/arm-atollic-eabi/6.3.1/../../../../arm-atollic-eabi/lib/armv7-m\libc_nano.a(lib_a-sprintf.o)
                0x080133b4                siprintf
                0x080133b4                sprintf
 .text.sscanf   0x080133fc       0x54 c:/program files (x86)/atollic/truestudio for stm32 9.0.0/armtools/bin/../lib/gcc/arm-atollic-eabi/6.3.1/../../../../arm-atollic-eabi/lib/armv7-m\libc_nano.a(lib_a-sscanf.o)
                0x080133fc                siscanf
                0x080133fc                sscanf
 .text.__sread  0x08013450       0x22 c:/program files (x86)/atollic/truestudio for stm32 9.0.0/armtools/bin/../lib/gcc/arm-atollic-eabi/6.3.1/../../../../arm-atollic-eabi/lib/armv7-m\libc_nano.a(lib_a-stdio.o)
                0x08013450                __sread
 .text.__seofread
                0x08013472        0x4 c:/program files (x86)/atollic/truestudio for stm32 9.0.0/armtools/bin/../lib/gcc/arm-atollic-eabi/6.3.1/../../../../arm-atollic-eabi/lib/armv7-m\libc_nano.a(lib_a-stdio.o)
                0x08013472                __seofread
 .text.__swrite
                0x08013476       0x38 c:/program files (x86)/atollic/truestudio for stm32 9.0.0/armtools/bin/../lib/gcc/arm-atollic-eabi/6.3.1/../../../../arm-atollic-eabi/lib/armv7-m\libc_nano.a(lib_a-stdio.o)
                0x08013476                __swrite
 .text.__sseek  0x080134ae       0x24 c:/program files (x86)/atollic/truestudio for stm32 9.0.0/armtools/bin/../lib/gcc/arm-atollic-eabi/6.3.1/../../../../arm-atollic-eabi/lib/armv7-m\libc_nano.a(lib_a-stdio.o)
                0x080134ae                __sseek
 .text.__sclose
                0x080134d2        0x8 c:/program files (x86)/atollic/truestudio for stm32 9.0.0/armtools/bin/../lib/gcc/arm-atollic-eabi/6.3.1/../../../../arm-atollic-eabi/lib/armv7-m\libc_nano.a(lib_a-stdio.o)
                0x080134d2                __sclose
 .text.strcpy   0x080134da       0x10 c:/program files (x86)/atollic/truestudio for stm32 9.0.0/armtools/bin/../lib/gcc/arm-atollic-eabi/6.3.1/../../../../arm-atollic-eabi/lib/armv7-m\libc_nano.a(lib_a-strcpy.o)
                0x080134da                strcpy
 .text.strncmp  0x080134ea       0x24 c:/program files (x86)/atollic/truestudio for stm32 9.0.0/armtools/bin/../lib/gcc/arm-atollic-eabi/6.3.1/../../../../arm-atollic-eabi/lib/armv7-m\libc_nano.a(lib_a-strncmp.o)
                0x080134ea                strncmp
 .text._strtol_l.isra.0
                0x0801350e      0x100 c:/program files (x86)/atollic/truestudio for stm32 9.0.0/armtools/bin/../lib/gcc/arm-atollic-eabi/6.3.1/../../../../arm-atollic-eabi/lib/armv7-m\libc_nano.a(lib_a-strtol.o)
 *fill*         0x0801360e        0x2 
 .text._strtol_r
                0x08013610       0x24 c:/program files (x86)/atollic/truestudio for stm32 9.0.0/armtools/bin/../lib/gcc/arm-atollic-eabi/6.3.1/../../../../arm-atollic-eabi/lib/armv7-m\libc_nano.a(lib_a-strtol.o)
                0x08013610                _strtol_r
 .text.__tzcalc_limits
                0x08013634      0x150 c:/program files (x86)/atollic/truestudio for stm32 9.0.0/armtools/bin/../lib/gcc/arm-atollic-eabi/6.3.1/../../../../arm-atollic-eabi/lib/armv7-m\libc_nano.a(lib_a-tzcalc_limits.o)
                0x08013634                __tzcalc_limits
 .text.__tz_lock
                0x08013784        0x2 c:/program files (x86)/atollic/truestudio for stm32 9.0.0/armtools/bin/../lib/gcc/arm-atollic-eabi/6.3.1/../../../../arm-atollic-eabi/lib/armv7-m\libc_nano.a(lib_a-tzlock.o)
                0x08013784                __tz_lock
 .text.__tz_unlock
                0x08013786        0x2 c:/program files (x86)/atollic/truestudio for stm32 9.0.0/armtools/bin/../lib/gcc/arm-atollic-eabi/6.3.1/../../../../arm-atollic-eabi/lib/armv7-m\libc_nano.a(lib_a-tzlock.o)
                0x08013786                __tz_unlock
 .text._tzset_unlocked
                0x08013788        0xc c:/program files (x86)/atollic/truestudio for stm32 9.0.0/armtools/bin/../lib/gcc/arm-atollic-eabi/6.3.1/../../../../arm-atollic-eabi/lib/armv7-m\libc_nano.a(lib_a-tzset.o)
                0x08013788                _tzset_unlocked
 .text._tzset_unlocked_r
                0x08013794      0x304 c:/program files (x86)/atollic/truestudio for stm32 9.0.0/armtools/bin/../lib/gcc/arm-atollic-eabi/6.3.1/../../../../arm-atollic-eabi/lib/armv7-m\libc_nano.a(lib_a-tzset_r.o)
                0x08013794                _tzset_unlocked_r
 .text.__swbuf_r
                0x08013a98       0xa4 c:/program files (x86)/atollic/truestudio for stm32 9.0.0/armtools/bin/../lib/gcc/arm-atollic-eabi/6.3.1/../../../../arm-atollic-eabi/lib/armv7-m\libc_nano.a(lib_a-wbuf.o)
                0x08013a98                __swbuf_r
 .text.__ascii_wctomb
                0x08013b3c       0x1a c:/program files (x86)/atollic/truestudio for stm32 9.0.0/armtools/bin/../lib/gcc/arm-atollic-eabi/6.3.1/../../../../arm-atollic-eabi/lib/armv7-m\libc_nano.a(lib_a-wctomb_r.o)
                0x08013b3c                __ascii_wctomb
 *fill*         0x08013b56        0x2 
 .text._write_r
                0x08013b58       0x24 c:/program files (x86)/atollic/truestudio for stm32 9.0.0/armtools/bin/../lib/gcc/arm-atollic-eabi/6.3.1/../../../../arm-atollic-eabi/lib/armv7-m\libc_nano.a(lib_a-writer.o)
                0x08013b58                _write_r
 .text.__swsetup_r
                0x08013b7c       0xdc c:/program files (x86)/atollic/truestudio for stm32 9.0.0/armtools/bin/../lib/gcc/arm-atollic-eabi/6.3.1/../../../../arm-atollic-eabi/lib/armv7-m\libc_nano.a(lib_a-wsetup.o)
                0x08013b7c                __swsetup_r
 .text._close_r
                0x08013c58       0x20 c:/program files (x86)/atollic/truestudio for stm32 9.0.0/armtools/bin/../lib/gcc/arm-atollic-eabi/6.3.1/../../../../arm-atollic-eabi/lib/armv7-m\libc_nano.a(lib_a-closer.o)
                0x08013c58                _close_r
 .text.__sflush_r
                0x08013c78      0x110 c:/program files (x86)/atollic/truestudio for stm32 9.0.0/armtools/bin/../lib/gcc/arm-atollic-eabi/6.3.1/../../../../arm-atollic-eabi/lib/armv7-m\libc_nano.a(lib_a-fflush.o)
                0x08013c78                __sflush_r
 .text._fflush_r
                0x08013d88       0x54 c:/program files (x86)/atollic/truestudio for stm32 9.0.0/armtools/bin/../lib/gcc/arm-atollic-eabi/6.3.1/../../../../arm-atollic-eabi/lib/armv7-m\libc_nano.a(lib_a-fflush.o)
                0x08013d88                _fflush_r
 .text._cleanup_r
                0x08013ddc        0xc c:/program files (x86)/atollic/truestudio for stm32 9.0.0/armtools/bin/../lib/gcc/arm-atollic-eabi/6.3.1/../../../../arm-atollic-eabi/lib/armv7-m\libc_nano.a(lib_a-findfp.o)
                0x08013ddc                _cleanup_r
 .text.std.isra.0
                0x08013de8       0x48 c:/program files (x86)/atollic/truestudio for stm32 9.0.0/armtools/bin/../lib/gcc/arm-atollic-eabi/6.3.1/../../../../arm-atollic-eabi/lib/armv7-m\libc_nano.a(lib_a-findfp.o)
 .text.__sfmoreglue
                0x08013e30       0x2c c:/program files (x86)/atollic/truestudio for stm32 9.0.0/armtools/bin/../lib/gcc/arm-atollic-eabi/6.3.1/../../../../arm-atollic-eabi/lib/armv7-m\libc_nano.a(lib_a-findfp.o)
                0x08013e30                __sfmoreglue
 .text.__sinit  0x08013e5c       0x60 c:/program files (x86)/atollic/truestudio for stm32 9.0.0/armtools/bin/../lib/gcc/arm-atollic-eabi/6.3.1/../../../../arm-atollic-eabi/lib/armv7-m\libc_nano.a(lib_a-findfp.o)
                0x08013e5c                __sinit
 .text.__sfp    0x08013ebc       0x78 c:/program files (x86)/atollic/truestudio for stm32 9.0.0/armtools/bin/../lib/gcc/arm-atollic-eabi/6.3.1/../../../../arm-atollic-eabi/lib/armv7-m\libc_nano.a(lib_a-findfp.o)
                0x08013ebc                __sfp
 .text._fwalk_reent
                0x08013f34       0x3c c:/program files (x86)/atollic/truestudio for stm32 9.0.0/armtools/bin/../lib/gcc/arm-atollic-eabi/6.3.1/../../../../arm-atollic-eabi/lib/armv7-m\libc_nano.a(lib_a-fwalk.o)
                0x08013f34                _fwalk_reent
 .text._findenv_r
                0x08013f70       0x80 c:/program files (x86)/atollic/truestudio for stm32 9.0.0/armtools/bin/../lib/gcc/arm-atollic-eabi/6.3.1/../../../../arm-atollic-eabi/lib/armv7-m\libc_nano.a(lib_a-getenv_r.o)
                0x08013f70                _findenv_r
 .text._getenv_r
                0x08013ff0        0xe c:/program files (x86)/atollic/truestudio for stm32 9.0.0/armtools/bin/../lib/gcc/arm-atollic-eabi/6.3.1/../../../../arm-atollic-eabi/lib/armv7-m\libc_nano.a(lib_a-getenv_r.o)
                0x08013ff0                _getenv_r
 *fill*         0x08013ffe        0x2 
 .text.__gettzinfo
                0x08014000        0x8 c:/program files (x86)/atollic/truestudio for stm32 9.0.0/armtools/bin/../lib/gcc/arm-atollic-eabi/6.3.1/../../../../arm-atollic-eabi/lib/armv7-m\libc_nano.a(lib_a-gettzinfo.o)
                0x08014000                __gettzinfo
 .text.gmtime_r
                0x08014008      0x130 c:/program files (x86)/atollic/truestudio for stm32 9.0.0/armtools/bin/../lib/gcc/arm-atollic-eabi/6.3.1/../../../../arm-atollic-eabi/lib/armv7-m\libc_nano.a(lib_a-gmtime_r.o)
                0x08014008                gmtime_r
 .text._lseek_r
                0x08014138       0x24 c:/program files (x86)/atollic/truestudio for stm32 9.0.0/armtools/bin/../lib/gcc/arm-atollic-eabi/6.3.1/../../../../arm-atollic-eabi/lib/armv7-m\libc_nano.a(lib_a-lseekr.o)
                0x08014138                _lseek_r
 .text.__swhatbuf_r
                0x0801415c       0x48 c:/program files (x86)/atollic/truestudio for stm32 9.0.0/armtools/bin/../lib/gcc/arm-atollic-eabi/6.3.1/../../../../arm-atollic-eabi/lib/armv7-m\libc_nano.a(lib_a-makebuf.o)
                0x0801415c                __swhatbuf_r
 .text.__smakebuf_r
                0x080141a4       0x80 c:/program files (x86)/atollic/truestudio for stm32 9.0.0/armtools/bin/../lib/gcc/arm-atollic-eabi/6.3.1/../../../../arm-atollic-eabi/lib/armv7-m\libc_nano.a(lib_a-makebuf.o)
                0x080141a4                __smakebuf_r
 .text.__malloc_lock
                0x08014224        0x2 c:/program files (x86)/atollic/truestudio for stm32 9.0.0/armtools/bin/../lib/gcc/arm-atollic-eabi/6.3.1/../../../../arm-atollic-eabi/lib/armv7-m\libc_nano.a(lib_a-mlock.o)
                0x08014224                __malloc_lock
 .text.__malloc_unlock
                0x08014226        0x2 c:/program files (x86)/atollic/truestudio for stm32 9.0.0/armtools/bin/../lib/gcc/arm-atollic-eabi/6.3.1/../../../../arm-atollic-eabi/lib/armv7-m\libc_nano.a(lib_a-mlock.o)
                0x08014226                __malloc_unlock
 .text.__ssputs_r
                0x08014228       0xb6 c:/program files (x86)/atollic/truestudio for stm32 9.0.0/armtools/bin/../lib/gcc/arm-atollic-eabi/6.3.1/../../../../arm-atollic-eabi/lib/armv7-m\libc_nano.a(lib_a-nano-svfprintf.o)
                0x08014228                __ssputs_r
 *fill*         0x080142de        0x2 
 .text._svfprintf_r
                0x080142e0      0x1e8 c:/program files (x86)/atollic/truestudio for stm32 9.0.0/armtools/bin/../lib/gcc/arm-atollic-eabi/6.3.1/../../../../arm-atollic-eabi/lib/armv7-m\libc_nano.a(lib_a-nano-svfprintf.o)
                0x080142e0                _svfiprintf_r
                0x080142e0                _svfprintf_r
 .text._sungetc_r
                0x080144c8       0x7a c:/program files (x86)/atollic/truestudio for stm32 9.0.0/armtools/bin/../lib/gcc/arm-atollic-eabi/6.3.1/../../../../arm-atollic-eabi/lib/armv7-m\libc_nano.a(lib_a-nano-svfscanf.o)
                0x080144c8                _sungetc_r