Archive member included to satisfy reference by file (symbol)

c:/program files (x86)/atollic/truestudio for stm32 9.0.0/armtools/bin/../lib/gcc/arm-atollic-eabi/6.3.1/../../../../arm-atollic-eabi/lib/armv7-m\libc_nano.a(lib_a-atoi.o)
                              Middlewares\ioLibrary_wiznet\Internet\FTPClient\ftpc.o (atoi)
c:/program files (x86)/atollic/truestudio for stm32 9.0.0/armtools/bin/../lib/gcc/arm-atollic-eabi/6.3.1/../../../../arm-atollic-eabi/lib/armv7-m\libc_nano.a(lib_a-init.o)
                              startup\startup_stm32f107xc.o (__libc_init_array)
c:/program files (x86)/atollic/truestudio for stm32 9.0.0/armtools/bin/../lib/gcc/arm-atollic-eabi/6.3.1/../../../../arm-atollic-eabi/lib/armv7-m\libc_nano.a(lib_a-lcltime.o)
                              mpii_src\task_hr_handler.o (localtime)
c:/program files (x86)/atollic/truestudio for stm32 9.0.0/armtools/bin/../lib/gcc/arm-atollic-eabi/6.3.1/../../../../arm-atollic-eabi/lib/armv7-m\libc_nano.a(lib_a-lcltime_r.o)
                              c:/program files (x86)/atollic/truestudio for stm32 9.0.0/armtools/bin/../lib/gcc/arm-atollic-eabi/6.3.1/../../../../arm-atollic-eabi/lib/armv7-m\libc_nano.a(lib_a-lcltime.o) (localtime_r)
c:/program files (x86)/atollic/truestudio for stm32 9.0.0/armtools/bin/../lib/gcc/arm-atollic-eabi/6.3.1/../../../../arm-atollic-eabi/lib/armv7-m\libc_nano.a(lib_a-locale.o)
                              Middlewares\ioLibrary_wiznet\Internet\FTPServer\ftpd.o (__locale_ctype_ptr)
c:/program files (x86)/atollic/truestudio for stm32 9.0.0/armtools/bin/../lib/gcc/arm-atollic-eabi/6.3.1/../../../../arm-atollic-eabi/lib/armv7-m\libc_nano.a(lib_a-malloc.o)
                              Middlewares\ST\STM32_USB_Host_Library\Class\MSC\Src\usbh_msc.o (malloc)
c:/program files (x86)/atollic/truestudio for stm32 9.0.0/armtools/bin/../lib/gcc/arm-atollic-eabi/6.3.1/../../../../arm-atollic-eabi/lib/armv7-m\libc_nano.a(lib_a-mbtowc_r.o)
                              c:/program files (x86)/atollic/truestudio for stm32 9.0.0/armtools/bin/../lib/gcc/arm-atollic-eabi/6.3.1/../../../../arm-atollic-eabi/lib/armv7-m\libc_nano.a(lib_a-locale.o) (__ascii_mbtowc)
c:/program files (x86)/atollic/truestudio for stm32 9.0.0/armtools/bin/../lib/gcc/arm-atollic-eabi/6.3.1/../../../../arm-atollic-eabi/lib/armv7-m\libc_nano.a(lib_a-memcmp.o)
                              Middlewares\ioLibrary_wiznet\Internet\MQTT\MQTTPacket\src\MQTTConnectServer.o (memcmp)
c:/program files (x86)/atollic/truestudio for stm32 9.0.0/armtools/bin/../lib/gcc/arm-atollic-eabi/6.3.1/../../../../arm-atollic-eabi/lib/armv7-m\libc_nano.a(lib_a-memcpy-stub.o)
                              Middlewares\ST\STM32_USB_Host_Library\Class\MSC\Src\usbh_msc.o (memcpy)
c:/program files (x86)/atollic/truestudio for stm32 9.0.0/armtools/bin/../lib/gcc/arm-atollic-eabi/6.3.1/../../../../arm-atollic-eabi/lib/armv7-m\libc_nano.a(lib_a-memset.o)
                              Middlewares\ST\STM32_USB_Host_Library\Class\MSC\Src\usbh_msc.o (memset)
c:/program files (x86)/atollic/truestudio for stm32 9.0.0/armtools/bin/../lib/gcc/arm-atollic-eabi/6.3.1/../../../../arm-atollic-eabi/lib/armv7-m\libc_nano.a(lib_a-month_lengths.o)
                              c:/program files (x86)/atollic/truestudio for stm32 9.0.0/armtools/bin/../lib/gcc/arm-atollic-eabi/6.3.1/../../../../arm-atollic-eabi/lib/armv7-m\libc_nano.a(lib_a-lcltime_r.o) (__month_lengths)
c:/program files (x86)/atollic/truestudio for stm32 9.0.0/armtools/bin/../lib/gcc/arm-atollic-eabi/6.3.1/../../../../arm-atollic-eabi/lib/armv7-m\libc_nano.a(lib_a-nano-freer.o)
                              c:/program files (x86)/atollic/truestudio for stm32 9.0.0/armtools/bin/../lib/gcc/arm-atollic-eabi/6.3.1/../../../../arm-atollic-eabi/lib/armv7-m\libc_nano.a(lib_a-malloc.o) (_free_r)
c:/program files (x86)/atollic/truestudio for stm32 9.0.0/armtools/bin/../lib/gcc/arm-atollic-eabi/6.3.1/../../../../arm-atollic-eabi/lib/armv7-m\libc_nano.a(lib_a-nano-mallocr.o)
                              c:/program files (x86)/atollic/truestudio for stm32 9.0.0/armtools/bin/../lib/gcc/arm-atollic-eabi/6.3.1/../../../../arm-atollic-eabi/lib/armv7-m\libc_nano.a(lib_a-malloc.o) (_malloc_r)
c:/program files (x86)/atollic/truestudio for stm32 9.0.0/armtools/bin/../lib/gcc/arm-atollic-eabi/6.3.1/../../../../arm-atollic-eabi/lib/armv7-m\libc_nano.a(lib_a-printf.o)
                              Middlewares\ST\STM32_USB_Host_Library\Class\MSC\Src\usbh_msc.o (printf)
c:/program files (x86)/atollic/truestudio for stm32 9.0.0/armtools/bin/../lib/gcc/arm-atollic-eabi/6.3.1/../../../../arm-atollic-eabi/lib/armv7-m\libc_nano.a(lib_a-putchar.o)
                              Middlewares\ST\STM32_USB_Host_Library\Class\MSC\Src\usbh_msc.o (putchar)
c:/program files (x86)/atollic/truestudio for stm32 9.0.0/armtools/bin/../lib/gcc/arm-atollic-eabi/6.3.1/../../../../arm-atollic-eabi/lib/armv7-m\libc_nano.a(lib_a-puts.o)
[...]
Memory Configuration

Name             Origin             Length             Attributes
RAM              0x20000000         0x00010000         xrw
FLASH            0x08000000         0x00040000         xr
*default*        0x00000000         0xffffffff

Linker script and memory map

LOAD c:/program files (x86)/atollic/truestudio for stm32 9.0.0/armtools/bin/../lib/gcc/arm-atollic-eabi/6.3.1/armv7-m/crti.o
LOAD c:/program files (x86)/atollic/truestudio for stm32 9.0.0/armtools/bin/../lib/gcc/arm-atollic-eabi/6.3.1/armv7-m/crtbegin.o
LOAD Drivers\STM32F1xx_HAL_Driver\Src\stm32f1xx_hal.o
LOAD Drivers\STM32F1xx_HAL_Driver\Src\stm32f1xx_hal_cortex.o
LOAD Drivers\STM32F1xx_HAL_Driver\Src\stm32f1xx_hal_dma.o
LOAD Drivers\STM32F1xx_HAL_Driver\Src\stm32f1xx_hal_flash.o
LOAD Drivers\STM32F1xx_HAL_Driver\Src\stm32f1xx_hal_flash_ex.o
LOAD Drivers\STM32F1xx_HAL_Driver\Src\stm32f1xx_hal_gpio.o
LOAD Drivers\STM32F1xx_HAL_Driver\Src\stm32f1xx_hal_gpio_ex.o
LOAD Drivers\STM32F1xx_HAL_Driver\Src\stm32f1xx_hal_hcd.o
LOAD Drivers\STM32F1xx_HAL_Driver\Src\stm32f1xx_hal_pwr.o
LOAD Drivers\STM32F1xx_HAL_Driver\Src\stm32f1xx_hal_rcc.o
LOAD Drivers\STM32F1xx_HAL_Driver\Src\stm32f1xx_hal_rcc_ex.o
LOAD Drivers\STM32F1xx_HAL_Driver\Src\stm32f1xx_hal_rtc.o
LOAD Drivers\STM32F1xx_HAL_Driver\Src\stm32f1xx_hal_rtc_ex.o
LOAD Drivers\STM32F1xx_HAL_Driver\Src\stm32f1xx_hal_spi.o
LOAD Drivers\STM32F1xx_HAL_Driver\Src\stm32f1xx_hal_spi_ex.o
LOAD Drivers\STM32F1xx_HAL_Driver\Src\stm32f1xx_hal_tim.o
LOAD Drivers\STM32F1xx_HAL_Driver\Src\stm32f1xx_hal_tim_ex.o
LOAD Drivers\STM32F1xx_HAL_Driver\Src\stm32f1xx_hal_uart.o
LOAD Drivers\STM32F1xx_HAL_Driver\Src\stm32f1xx_ll_usb.o
LOAD Middlewares\ST\STM32_USB_Host_Library\Class\MSC\Src\usbh_msc.o
LOAD Middlewares\ST\STM32_USB_Host_Library\Class\MSC\Src\usbh_msc_bot.o
LOAD Middlewares\ST\STM32_USB_Host_Library\Class\MSC\Src\usbh_msc_scsi.o
LOAD Middlewares\ST\STM32_USB_Host_Library\Core\Src\usbh_core.o
LOAD Middlewares\ST\STM32_USB_Host_Library\Core\Src\usbh_ctlreq.o
LOAD Middlewares\ST\STM32_USB_Host_Library\Core\Src\usbh_ioreq.o
LOAD Middlewares\ST\STM32_USB_Host_Library\Core\Src\usbh_pipes.o
LOAD Middlewares\Third_Party\FatFs\src\drivers\usbh_diskio.o
LOAD Middlewares\Third_Party\FatFs\src\ff.o
LOAD Middlewares\Third_Party\FatFs\src\ff_gen_drv.o
LOAD Middlewares\Third_Party\FatFs\src\option\syscall.o
LOAD Middlewares\Third_Party\FreeRTOS\Source\CMSIS_RTOS\cmsis_os.o
LOAD Middlewares\Third_Party\FreeRTOS\Source\croutine.o
LOAD Middlewares\Third_Party\FreeRTOS\Source\event_groups.o
LOAD Middlewares\Third_Party\FreeRTOS\Source\list.o
LOAD Middlewares\Third_Party\FreeRTOS\Source\portable\GCC\ARM_CM3\port.o
LOAD Middlewares\Third_Party\FreeRTOS\Source\portable\MemMang\heap_3.o
LOAD Middlewares\Third_Party\FreeRTOS\Source\queue.o
LOAD Middlewares\Third_Party\FreeRTOS\Source\tasks.o
LOAD Middlewares\Third_Party\FreeRTOS\Source\timers.o
LOAD Middlewares\ioLibrary_wiznet\Application\loopback\loopback.o
LOAD Middlewares\ioLibrary_wiznet\Ethernet\W5100\w5100.o
LOAD Middlewares\ioLibrary_wiznet\Ethernet\W5200\w5200.o
LOAD Middlewares\ioLibrary_wiznet\Ethernet\W5300\w5300.o
LOAD Middlewares\ioLibrary_wiznet\Ethernet\W5500\w5500.o
LOAD Middlewares\ioLibrary_wiznet\Ethernet\socket.o
LOAD Middlewares\ioLibrary_wiznet\Ethernet\wizchip_conf.o
LOAD Middlewares\ioLibrary_wiznet\Internet\DHCP\dhcp.o
LOAD Middlewares\ioLibrary_wiznet\Internet\DNS\dns.o
LOAD Middlewares\ioLibrary_wiznet\Internet\FTPClient\ftpc.o
LOAD Middlewares\ioLibrary_wiznet\Internet\FTPServer\ftpd.o
LOAD Middlewares\ioLibrary_wiznet\Internet\MQTT\MQTTClient.o
LOAD Middlewares\ioLibrary_wiznet\Internet\MQTT\MQTTPacket\src\MQTTConnectClient.o
LOAD Middlewares\ioLibrary_wiznet\Internet\MQTT\MQTTPacket\src\MQTTConnectServer.o
LOAD Middlewares\ioLibrary_wiznet\Internet\MQTT\MQTTPacket\src\MQTTDeserializePublish.o
LOAD Middlewares\ioLibrary_wiznet\Internet\MQTT\MQTTPacket\src\MQTTFormat.o
LOAD Middlewares\ioLibrary_wiznet\Internet\MQTT\MQTTPacket\src\MQTTPacket.o
LOAD Middlewares\ioLibrary_wiznet\Internet\MQTT\MQTTPacket\src\MQTTSerializePublish.o
LOAD Middlewares\ioLibrary_wiznet\Internet\MQTT\MQTTPacket\src\MQTTSubscribeClient.o
LOAD Middlewares\ioLibrary_wiznet\Internet\MQTT\MQTTPacket\src\MQTTSubscribeServer.o
LOAD Middlewares\ioLibrary_wiznet\Internet\MQTT\MQTTPacket\src\MQTTUnsubscribeClient.o
LOAD Middlewares\ioLibrary_wiznet\Internet\MQTT\MQTTPacket\src\MQTTUnsubscribeServer.o
LOAD Middlewares\ioLibrary_wiznet\Internet\MQTT\mqtt_interface.o
LOAD Middlewares\ioLibrary_wiznet\Internet\SNMP\snmp.o
LOAD Middlewares\ioLibrary_wiznet\Internet\SNMP\snmp_custom.o
LOAD Middlewares\ioLibrary_wiznet\Internet\SNTP\sntp.o
LOAD Middlewares\ioLibrary_wiznet\Internet\TFTP\netutil.o
LOAD Middlewares\ioLibrary_wiznet\Internet\TFTP\tftp.o
LOAD Middlewares\ioLibrary_wiznet\Internet\httpServer\httpParser.o
LOAD Middlewares\ioLibrary_wiznet\Internet\httpServer\httpServer.o
LOAD Middlewares\ioLibrary_wiznet\Internet\httpServer\httpUtil.o
LOAD Middlewares\shvabmodbus\shv_mb_rtu.o
LOAD Middlewares\shvabmodbus\shv_mb_tcp.o
LOAD Middlewares\shvabmodbus\shv_mb_w5500_port.o
LOAD Middlewares\shvabmodbus\shv_modbus_misc.o
LOAD Middlewares\shvabmodbus\shv_modbus_regmap.o
LOAD Middlewares\shvabmodbus\shv_modbus_uart1_port.o
LOAD Src\fatfs.o
LOAD Src\freertos.o
LOAD Src\main.o
LOAD Src\stm32f1xx_hal_msp.o
LOAD Src\stm32f1xx_hal_timebase_TIM.o
LOAD Src\stm32f1xx_it.o
LOAD Src\system_stm32f1xx.o
LOAD Src\usb_host.o
LOAD Src\usbh_conf.o
LOAD Src\usbh_platform.o
LOAD mpii_src\archive.o
LOAD mpii_src\eeprom.o
LOAD mpii_src\lcd_oled.o
LOAD mpii_src\spi_comm_madc.o
LOAD mpii_src\spi_w5500.o
LOAD mpii_src\task_hr_handler.o
LOAD mpii_src\task_oled.o
LOAD mpii_src\usbh_diskio.o
LOAD mpii_src\write_to_usb.o
LOAD startup\startup_stm32f107xc.o
                0x00000080                malloc_getpagesize_P = 0x80
START GROUP
LOAD c:/program files (x86)/atollic/truestudio for stm32 9.0.0/armtools/bin/../lib/gcc/arm-atollic-eabi/6.3.1/../../../../arm-atollic-eabi/lib/armv7-m\libc_nano.a
LOAD c:/program files (x86)/atollic/truestudio for stm32 9.0.0/armtools/bin/../lib/gcc/arm-atollic-eabi/6.3.1/../../../../arm-atollic-eabi/lib/armv7-m\libm.a
END GROUP
START GROUP
LOAD c:/program files (x86)/atollic/truestudio for stm32 9.0.0/armtools/bin/../lib/gcc/arm-atollic-eabi/6.3.1/armv7-m\libgcc.a
LOAD c:/program files (x86)/atollic/truestudio for stm32 9.0.0/armtools/bin/../lib/gcc/arm-atollic-eabi/6.3.1/../../../../arm-atollic-eabi/lib/armv7-m\libc_nano.a
END GROUP
START GROUP
LOAD c:/program files (x86)/atollic/truestudio for stm32 9.0.0/armtools/bin/../lib/gcc/arm-atollic-eabi/6.3.1/armv7-m\libgcc.a
LOAD c:/program files (x86)/atollic/truestudio for stm32 9.0.0/armtools/bin/../lib/gcc/arm-atollic-eabi/6.3.1/../../../../arm-atollic-eabi/lib/armv7-m\libc_nano.a
LOAD c:/program files (x86)/atollic/truestudio for stm32 9.0.0/armtools/bin/../lib/gcc/arm-atollic-eabi/6.3.1/../../../../arm-atollic-eabi/lib/armv7-m\libnosys.a
END GROUP
START GROUP
LOAD c:/program files (x86)/atollic/truestudio for stm32 9.0.0/armtools/bin/../lib/gcc/arm-atollic-eabi/6.3.1/armv7-m\libgcc.a
LOAD c:/program files (x86)/atollic/truestudio for stm32 9.0.0/armtools/bin/../lib/gcc/arm-atollic-eabi/6.3.1/../../../../arm-atollic-eabi/lib/armv7-m\libc_nano.a
LOAD c:/program files (x86)/atollic/truestudio for stm32 9.0.0/armtools/bin/../lib/gcc/arm-atollic-eabi/6.3.1/../../../../arm-atollic-eabi/lib/armv7-m\libnosys.a
END GROUP
LOAD c:/program files (x86)/atollic/truestudio for stm32 9.0.0/armtools/bin/../lib/gcc/arm-atollic-eabi/6.3.1/armv7-m/crtend.o
LOAD c:/program files (x86)/atollic/truestudio for stm32 9.0.0/armtools/bin/../lib/gcc/arm-atollic-eabi/6.3.1/armv7-m/crtn.o
                0x20010000                _estack = 0x20010000
                0x00000200                _Min_Heap_Size = 0x200
                0x00000400                _Min_Stack_Size = 0x400

.isr_vector     0x08000000      0x1e4
                0x08000000                . = ALIGN (0x4)
 *(.isr_vector)
 .isr_vector    0x08000000      0x1e4 startup\startup_stm32f107xc.o
                0x08000000                g_pfnVectors
                0x080001e4                . = ALIGN (0x4)

.text           0x080001f0    0x169a0
                0x080001f0                . = ALIGN (0x4)
 *(.text)
 .text          0x080001f0       0x40 c:/program files (x86)/atollic/truestudio for stm32 9.0.0/armtools/bin/../lib/gcc/arm-atollic-eabi/6.3.1/armv7-m/crtbegin.o
 .text          0x08000230       0x14 c:/program files (x86)/atollic/truestudio for stm32 9.0.0/armtools/bin/../lib/gcc/arm-atollic-eabi/6.3.1/../../../../arm-atollic-eabi/lib/armv7-m\libc_nano.a(lib_a-strcmp.o)
                0x08000230                strcmp
 .text          0x08000244       0x10 c:/program files (x86)/atollic/truestudio for stm32 9.0.0/armtools/bin/../lib/gcc/arm-atollic-eabi/6.3.1/../../../../arm-atollic-eabi/lib/armv7-m\libc_nano.a(lib_a-strlen.o)
                0x08000244                strlen
 .text          0x08000254      0x370 c:/program files (x86)/atollic/truestudio for stm32 9.0.0/armtools/bin/../lib/gcc/arm-atollic-eabi/6.3.1/armv7-m\libgcc.a(_arm_addsubdf3.o)
                0x08000254                __aeabi_drsub
                0x0800025c                __aeabi_dsub
                0x0800025c                __subdf3
                0x08000260                __aeabi_dadd
                0x08000260                __adddf3
                0x080004d8                __floatunsidf
                0x080004d8                __aeabi_ui2d
                0x080004f8                __floatsidf
                0x080004f8                __aeabi_i2d
                0x0800051c                __aeabi_f2d
                0x0800051c                __extendsfdf2
                0x08000558                __floatundidf
                0x08000558                __aeabi_ul2d
                0x08000568                __floatdidf
                0x08000568                __aeabi_l2d
 .text          0x080005c4      0x424 c:/program files (x86)/atollic/truestudio for stm32 9.0.0/armtools/bin/../lib/gcc/arm-atollic-eabi/6.3.1/armv7-m\libgcc.a(_arm_muldivdf3.o)
                0x080005c4                __aeabi_dmul
                0x080005c4                __muldf3
                0x08000818                __divdf3
                0x08000818                __aeabi_ddiv
 .text          0x080009e8      0x110 c:/program files (x86)/atollic/truestudio for stm32 9.0.0/armtools/bin/../lib/gcc/arm-atollic-eabi/6.3.1/armv7-m\libgcc.a(_arm_cmpdf2.o)
                0x080009e8                __gtdf2
                0x080009e8                __gedf2
                0x080009f0                __ltdf2
                0x080009f0                __ledf2
                0x080009f8                __nedf2
                0x080009f8                __eqdf2
                0x080009f8                __cmpdf2
                0x08000a74                __aeabi_cdrcmple
                0x08000a84                __aeabi_cdcmpeq
                0x08000a84                __aeabi_cdcmple
                0x08000a94                __aeabi_dcmpeq
                0x08000aa8                __aeabi_dcmplt
                0x08000abc                __aeabi_dcmple
                0x08000ad0                __aeabi_dcmpge
                0x08000ae4                __aeabi_dcmpgt
 .text          0x08000af8       0x2c c:/program files (x86)/atollic/truestudio for stm32 9.0.0/armtools/bin/../lib/gcc/arm-atollic-eabi/6.3.1/armv7-m\libgcc.a(_arm_unorddf2.o)
                0x08000af8                __unorddf2
                0x08000af8                __aeabi_dcmpun
 .text          0x08000b24       0x40 c:/program files (x86)/atollic/truestudio for stm32 9.0.0/armtools/bin/../lib/gcc/arm-atollic-eabi/6.3.1/armv7-m\libgcc.a(_arm_fixunsdfsi.o)
                0x08000b24                __aeabi_d2uiz
                0x08000b24                __fixunsdfsi
 .text          0x08000b64      0x2a0 c:/program files (x86)/atollic/truestudio for stm32 9.0.0/armtools/bin/../lib/gcc/arm-atollic-eabi/6.3.1/armv7-m\libgcc.a(_arm_muldivsf3.o)
                0x08000b64                __mulsf3
                0x08000b64                __aeabi_fmul
                0x08000ccc                __aeabi_fdiv
                0x08000ccc                __divsf3
 .text          0x08000e04       0x40 c:/program files (x86)/atollic/truestudio for stm32 9.0.0/armtools/bin/../lib/gcc/arm-atollic-eabi/6.3.1/armv7-m\libgcc.a(_arm_fixunssfsi.o)
                0x08000e04                __fixunssfsi
                0x08000e04                __aeabi_f2uiz
 *(.text*)
 .text.HAL_Init
                0x08000e44       0x2c Drivers\STM32F1xx_HAL_Driver\Src\stm32f1xx_hal.o
                0x08000e44                HAL_Init
 .text.HAL_IncTick
                0x08000e70       0x1c Drivers\STM32F1xx_HAL_Driver\Src\stm32f1xx_hal.o
                0x08000e70                HAL_IncTick
 .text.HAL_GetTick
                0x08000e8c       0x14 Drivers\STM32F1xx_HAL_Driver\Src\stm32f1xx_hal.o
                0x08000e8c                HAL_GetTick
 .text.HAL_Delay
                0x08000ea0       0x3a Drivers\STM32F1xx_HAL_Driver\Src\stm32f1xx_hal.o
                0x08000ea0                HAL_Delay
 *fill*         0x08000eda        0x2 
 .text.NVIC_SetPriorityGrouping
                0x08000edc       0x48 Drivers\STM32F1xx_HAL_Driver\Src\stm32f1xx_hal_cortex.o
 .text.NVIC_GetPriorityGrouping
                0x08000f24       0x1c Drivers\STM32F1xx_HAL_Driver\Src\stm32f1xx_hal_cortex.o
 .text.NVIC_EnableIRQ
                0x08000f40       0x30 Drivers\STM32F1xx_HAL_Driver\Src\stm32f1xx_hal_cortex.o
 .text.NVIC_SetPriority
                0x08000f70       0x54 Drivers\STM32F1xx_HAL_Driver\Src\stm32f1xx_hal_cortex.o
 .text.NVIC_EncodePriority
                0x08000fc4       0x60 Drivers\STM32F1xx_HAL_Driver\Src\stm32f1xx_hal_cortex.o
 .text.SysTick_Config
                0x08001024       0x44 Drivers\STM32F1xx_HAL_Driver\Src\stm32f1xx_hal_cortex.o
 .text.HAL_NVIC_SetPriorityGrouping
                0x08001068       0x16 Drivers\STM32F1xx_HAL_Driver\Src\stm32f1xx_hal_cortex.o
                0x08001068                HAL_NVIC_SetPriorityGrouping
 .text.HAL_NVIC_SetPriority
                0x0800107e       0x38 Drivers\STM32F1xx_HAL_Driver\Src\stm32f1xx_hal_cortex.o
                0x0800107e                HAL_NVIC_SetPriority
 .text.HAL_NVIC_EnableIRQ
                0x080010b6       0x1c Drivers\STM32F1xx_HAL_Driver\Src\stm32f1xx_hal_cortex.o
                0x080010b6                HAL_NVIC_EnableIRQ
 .text.HAL_SYSTICK_Config
                0x080010d2       0x18 Drivers\STM32F1xx_HAL_Driver\Src\stm32f1xx_hal_cortex.o
                0x080010d2                HAL_SYSTICK_Config
 *fill*         0x080010ea        0x2 
 .text.HAL_SYSTICK_CLKSourceConfig
                0x080010ec       0x38 Drivers\STM32F1xx_HAL_Driver\Src\stm32f1xx_hal_cortex.o
                0x080010ec                HAL_SYSTICK_CLKSourceConfig
 .text.HAL_DMA_Init
                0x08001124      0x104 Drivers\STM32F1xx_HAL_Driver\Src\stm32f1xx_hal_dma.o
                0x08001124                HAL_DMA_Init
 .text.HAL_DMA_Start_IT
                0x08001228       0xbe Drivers\STM32F1xx_HAL_Driver\Src\stm32f1xx_hal_dma.o
                0x08001228                HAL_DMA_Start_IT
 .text.HAL_DMA_Abort
                0x080012e6       0x58 Drivers\STM32F1xx_HAL_Driver\Src\stm32f1xx_hal_dma.o
                0x080012e6                HAL_DMA_Abort
 *fill*         0x0800133e        0x2 
 .text.HAL_DMA_IRQHandler
                0x08001340      0x4d0 Drivers\STM32F1xx_HAL_Driver\Src\stm32f1xx_hal_dma.o
                0x08001340                HAL_DMA_IRQHandler
 .text.DMA_SetConfig
                0x08001810       0x5a Drivers\STM32F1xx_HAL_Driver\Src\stm32f1xx_hal_dma.o
 *fill*         0x0800186a        0x2 
 .text.HAL_GPIO_Init
                0x0800186c      0x2bc Drivers\STM32F1xx_HAL_Driver\Src\stm32f1xx_hal_gpio.o
                0x0800186c                HAL_GPIO_Init
 .text.HAL_GPIO_ReadPin
                0x08001b28       0x2e Drivers\STM32F1xx_HAL_Driver\Src\stm32f1xx_hal_gpio.o
                0x08001b28                HAL_GPIO_ReadPin
 .text.HAL_GPIO_WritePin
                0x08001b56       0x30 Drivers\STM32F1xx_HAL_Driver\Src\stm32f1xx_hal_gpio.o
                0x08001b56                HAL_GPIO_WritePin
 *fill*         0x08001b86        0x2 
 .text.HAL_GPIO_EXTI_IRQHandler
                0x08001b88       0x30 Drivers\STM32F1xx_HAL_Driver\Src\stm32f1xx_hal_gpio.o
                0x08001b88                HAL_GPIO_EXTI_IRQHandler
 .text.HAL_HCD_Init
                0x08001bb8       0x9c Drivers\STM32F1xx_HAL_Driver\Src\stm32f1xx_hal_hcd.o
                0x08001bb8                HAL_HCD_Init
 .text.HAL_HCD_HC_Init
                0x08001c54      0x110 Drivers\STM32F1xx_HAL_Driver\Src\stm32f1xx_hal_hcd.o
                0x08001c54                HAL_HCD_HC_Init
 .text.HAL_HCD_HC_Halt
                0x08001d64       0x42 Drivers\STM32F1xx_HAL_Driver\Src\stm32f1xx_hal_hcd.o
                0x08001d64                HAL_HCD_HC_Halt
 *fill*         0x08001da6        0x2 
 .text.HAL_HCD_HC_SubmitRequest
                0x08001da8      0x340 Drivers\STM32F1xx_HAL_Driver\Src\stm32f1xx_hal_hcd.o
                0x08001da8                HAL_HCD_HC_SubmitRequest
 .text.HAL_HCD_IRQHandler
                0x080020e8      0x204 Drivers\STM32F1xx_HAL_Driver\Src\stm32f1xx_hal_hcd.o
                0x080020e8                HAL_HCD_IRQHandler
 .text.HAL_HCD_Start
                0x080022ec       0x46 Drivers\STM32F1xx_HAL_Driver\Src\stm32f1xx_hal_hcd.o
                0x080022ec                HAL_HCD_Start
 .text.HAL_HCD_Stop
                0x08002332       0x3a Drivers\STM32F1xx_HAL_Driver\Src\stm32f1xx_hal_hcd.o
                0x08002332                HAL_HCD_Stop
 .text.HAL_HCD_ResetPort
                0x0800236c       0x1c Drivers\STM32F1xx_HAL_Driver\Src\stm32f1xx_hal_hcd.o
                0x0800236c                HAL_HCD_ResetPort
 .text.HAL_HCD_HC_GetURBState
                0x08002388       0x28 Drivers\STM32F1xx_HAL_Driver\Src\stm32f1xx_hal_hcd.o
                0x08002388                HAL_HCD_HC_GetURBState
 .text.HAL_HCD_HC_GetXferCount
                0x080023b0       0x28 Drivers\STM32F1xx_HAL_Driver\Src\stm32f1xx_hal_hcd.o
                0x080023b0                HAL_HCD_HC_GetXferCount
 .text.HAL_HCD_GetCurrentFrame
                0x080023d8       0x1c Drivers\STM32F1xx_HAL_Driver\Src\stm32f1xx_hal_hcd.o
                0x080023d8                HAL_HCD_GetCurrentFrame
 .text.HAL_HCD_GetCurrentSpeed
                0x080023f4       0x1c Drivers\STM32F1xx_HAL_Driver\Src\stm32f1xx_hal_hcd.o
                0x080023f4                HAL_HCD_GetCurrentSpeed
 .text.HCD_HC_IN_IRQHandler
                0x08002410      0x642 Drivers\STM32F1xx_HAL_Driver\Src\stm32f1xx_hal_hcd.o
 .text.HCD_HC_OUT_IRQHandler
                0x08002a52      0x678 Drivers\STM32F1xx_HAL_Driver\Src\stm32f1xx_hal_hcd.o
 *fill*         0x080030ca        0x2 
 .text.HCD_RXQLVL_IRQHandler
                0x080030cc      0x16c Drivers\STM32F1xx_HAL_Driver\Src\stm32f1xx_hal_hcd.o
 .text.HCD_Port_IRQHandler
                0x08003238       0xfa Drivers\STM32F1xx_HAL_Driver\Src\stm32f1xx_hal_hcd.o
 *fill*         0x08003332        0x2 
 .text.HAL_PWR_EnableBkUpAccess
                0x08003334       0x18 Drivers\STM32F1xx_HAL_Driver\Src\stm32f1xx_hal_pwr.o
                0x08003334                HAL_PWR_EnableBkUpAccess
 .text.HAL_RCC_OscConfig
                0x0800334c      0x5f4 Drivers\STM32F1xx_HAL_Driver\Src\stm32f1xx_hal_rcc.o
                0x0800334c                HAL_RCC_OscConfig
 .text.HAL_RCC_ClockConfig
                0x08003940      0x1e8 Drivers\STM32F1xx_HAL_Driver\Src\stm32f1xx_hal_rcc.o
                0x08003940                HAL_RCC_ClockConfig
 .text.HAL_RCC_GetSysClockFreq
                0x08003b28      0x12c Drivers\STM32F1xx_HAL_Driver\Src\stm32f1xx_hal_rcc.o
                0x08003b28                HAL_RCC_GetSysClockFreq
 .text.HAL_RCC_GetHCLKFreq
                0x08003c54       0x14 Drivers\STM32F1xx_HAL_Driver\Src\stm32f1xx_hal_rcc.o
                0x08003c54                HAL_RCC_GetHCLKFreq
 .text.HAL_RCC_GetPCLK1Freq
                0x08003c68       0x28 Drivers\STM32F1xx_HAL_Driver\Src\stm32f1xx_hal_rcc.o
                0x08003c68                HAL_RCC_GetPCLK1Freq
 .text.HAL_RCC_GetPCLK2Freq
                0x08003c90       0x28 Drivers\STM32F1xx_HAL_Driver\Src\stm32f1xx_hal_rcc.o
                0x08003c90                HAL_RCC_GetPCLK2Freq
 .text.HAL_RCC_GetClockConfig
                0x08003cb8       0x60 Drivers\STM32F1xx_HAL_Driver\Src\stm32f1xx_hal_rcc.o
                0x08003cb8                HAL_RCC_GetClockConfig
 .text.RCC_Delay
                0x08003d18       0x3c Drivers\STM32F1xx_HAL_Driver\Src\stm32f1xx_hal_rcc.o
 .text.HAL_RCCEx_PeriphCLKConfig
                0x08003d54      0x264 Drivers\STM32F1xx_HAL_Driver\Src\stm32f1xx_hal_rcc_ex.o
                0x08003d54                HAL_RCCEx_PeriphCLKConfig
 .text.HAL_RCCEx_GetPeriphCLKFreq
                0x08003fb8      0x2cc Drivers\STM32F1xx_HAL_Driver\Src\stm32f1xx_hal_rcc_ex.o
                0x08003fb8                HAL_RCCEx_GetPeriphCLKFreq
 .text.HAL_RTC_Init
                0x08004284      0x12c Drivers\STM32F1xx_HAL_Driver\Src\stm32f1xx_hal_rtc.o
                0x08004284                HAL_RTC_Init
 .text.HAL_RTC_SetTime
                0x080043b0      0x12e Drivers\STM32F1xx_HAL_Driver\Src\stm32f1xx_hal_rtc.o
                0x080043b0                HAL_RTC_SetTime
 *fill*         0x080044de        0x2 
 .text.HAL_RTC_GetTime
                0x080044e0      0x1b0 Drivers\STM32F1xx_HAL_Driver\Src\stm32f1xx_hal_rtc.o
                0x080044e0                HAL_RTC_GetTime
 .text.HAL_RTC_SetDate
                0x08004690      0x16c Drivers\STM32F1xx_HAL_Driver\Src\stm32f1xx_hal_rtc.o
                0x08004690                HAL_RTC_SetDate
 .text.HAL_RTC_GetDate
                0x080047fc       0xa8 Drivers\STM32F1xx_HAL_Driver\Src\stm32f1xx_hal_rtc.o
                0x080047fc                HAL_RTC_GetDate
 .text.HAL_RTC_WaitForSynchro
                0x080048a4       0x5a Drivers\STM32F1xx_HAL_Driver\Src\stm32f1xx_hal_rtc.o
                0x080048a4                HAL_RTC_WaitForSynchro
 .text.RTC_ReadTimeCounter
                0x080048fe       0x60 Drivers\STM32F1xx_HAL_Driver\Src\stm32f1xx_hal_rtc.o
 .text.RTC_WriteTimeCounter
                0x0800495e       0x4e Drivers\STM32F1xx_HAL_Driver\Src\stm32f1xx_hal_rtc.o
 .text.RTC_ReadAlarmCounter
                0x080049ac       0x32 Drivers\STM32F1xx_HAL_Driver\Src\stm32f1xx_hal_rtc.o
 .text.RTC_WriteAlarmCounter
                0x080049de       0x4e Drivers\STM32F1xx_HAL_Driver\Src\stm32f1xx_hal_rtc.o
 .text.RTC_EnterInitMode
                0x08004a2c       0x50 Drivers\STM32F1xx_HAL_Driver\Src\stm32f1xx_hal_rtc.o
 .text.RTC_ExitInitMode
                0x08004a7c       0x50 Drivers\STM32F1xx_HAL_Driver\Src\stm32f1xx_hal_rtc.o
 .text.RTC_ByteToBcd2
                0x08004acc       0x3a Drivers\STM32F1xx_HAL_Driver\Src\stm32f1xx_hal_rtc.o
 .text.RTC_Bcd2ToByte
                0x08004b06       0x3a Drivers\STM32F1xx_HAL_Driver\Src\stm32f1xx_hal_rtc.o
 .text.RTC_DateUpdate
                0x08004b40      0x164 Drivers\STM32F1xx_HAL_Driver\Src\stm32f1xx_hal_rtc.o
 .text.RTC_IsLeapYear
                0x08004ca4       0x64 Drivers\STM32F1xx_HAL_Driver\Src\stm32f1xx_hal_rtc.o
 .text.RTC_WeekDayNum
                0x08004d08       0xf0 Drivers\STM32F1xx_HAL_Driver\Src\stm32f1xx_hal_rtc.o
 .text.HAL_RTCEx_BKUPWrite
                0x08004df8       0x34 Drivers\STM32F1xx_HAL_Driver\Src\stm32f1xx_hal_rtc_ex.o
                0x08004df8                HAL_RTCEx_BKUPWrite
 .text.HAL_RTCEx_BKUPRead
                0x08004e2c       0x38 Drivers\STM32F1xx_HAL_Driver\Src\stm32f1xx_hal_rtc_ex.o
                0x08004e2c                HAL_RTCEx_BKUPRead
 .text.HAL_SPI_TransmitReceive
                0x08004e64      0x33e Drivers\STM32F1xx_HAL_Driver\Src\stm32f1xx_hal_spi.o
                0x08004e64                HAL_SPI_TransmitReceive
 *fill*         0x080051a2        0x2 
 .text.HAL_SPI_Receive_DMA
                0x080051a4      0x160 Drivers\STM32F1xx_HAL_Driver\Src\stm32f1xx_hal_spi.o
                0x080051a4                HAL_SPI_Receive_DMA
 .text.HAL_SPI_TransmitReceive_DMA
                0x08005304      0x1d0 Drivers\STM32F1xx_HAL_Driver\Src\stm32f1xx_hal_spi.o
                0x08005304                HAL_SPI_TransmitReceive_DMA
 .text.HAL_SPI_DMAStop
                0x080054d4       0x4e Drivers\STM32F1xx_HAL_Driver\Src\stm32f1xx_hal_spi.o
                0x080054d4                HAL_SPI_DMAStop
 .text.HAL_SPI_TxRxCpltCallback
                0x08005522       0x12 Drivers\STM32F1xx_HAL_Driver\Src\stm32f1xx_hal_spi.o
                0x08005522                HAL_SPI_TxRxCpltCallback
 .text.HAL_SPI_RxHalfCpltCallback
                0x08005534       0x12 Drivers\STM32F1xx_HAL_Driver\Src\stm32f1xx_hal_spi.o
                0x08005534                HAL_SPI_RxHalfCpltCallback
 .text.HAL_SPI_TxRxHalfCpltCallback
                0x08005546       0x12 Drivers\STM32F1xx_HAL_Driver\Src\stm32f1xx_hal_spi.o
                0x08005546                HAL_SPI_TxRxHalfCpltCallback
 .text.HAL_SPI_ErrorCallback
                0x08005558       0x12 Drivers\STM32F1xx_HAL_Driver\Src\stm32f1xx_hal_spi.o
                0x08005558                HAL_SPI_ErrorCallback
 .text.SPI_DMAReceiveCplt
                0x0800556a       0x84 Drivers\STM32F1xx_HAL_Driver\Src\stm32f1xx_hal_spi.o
 .text.SPI_DMATransmitReceiveCplt
                0x080055ee       0x82 Drivers\STM32F1xx_HAL_Driver\Src\stm32f1xx_hal_spi.o
 .text.SPI_DMAHalfReceiveCplt
                0x08005670       0x1c Drivers\STM32F1xx_HAL_Driver\Src\stm32f1xx_hal_spi.o
 .text.SPI_DMAHalfTransmitReceiveCplt
                0x0800568c       0x1c Drivers\STM32F1xx_HAL_Driver\Src\stm32f1xx_hal_spi.o
 .text.SPI_DMAError
                0x080056a8       0x40 Drivers\STM32F1xx_HAL_Driver\Src\stm32f1xx_hal_spi.o
 .text.SPI_WaitFlagStateUntilTimeout
                0x080056e8       0xd2 Drivers\STM32F1xx_HAL_Driver\Src\stm32f1xx_hal_spi.o
 .text.SPI_CheckFlag_BSY
                0x080057ba       0x3c Drivers\STM32F1xx_HAL_Driver\Src\stm32f1xx_hal_spi.o
 .text.HAL_SPI_Init
                0x080057f6       0xc8 Drivers\STM32F1xx_HAL_Driver\Src\stm32f1xx_hal_spi_ex.o
                0x080057f6                HAL_SPI_Init
 .text.HAL_TIM_Base_Init
                0x080058be       0x56 Drivers\STM32F1xx_HAL_Driver\Src\stm32f1xx_hal_tim.o
                0x080058be                HAL_TIM_Base_Init
 .text.HAL_TIM_Base_Start_IT
                0x08005914       0x34 Drivers\STM32F1xx_HAL_Driver\Src\stm32f1xx_hal_tim.o
                0x08005914                HAL_TIM_Base_Start_IT
 .text.HAL_TIM_IRQHandler
                0x08005948      0x210 Drivers\STM32F1xx_HAL_Driver\Src\stm32f1xx_hal_tim.o
                0x08005948                HAL_TIM_IRQHandler
 .text.HAL_TIM_OC_DelayElapsedCallback
                0x08005b58       0x12 Drivers\STM32F1xx_HAL_Driver\Src\stm32f1xx_hal_tim.o
                0x08005b58                HAL_TIM_OC_DelayElapsedCallback
 .text.HAL_TIM_IC_CaptureCallback
                0x08005b6a       0x12 Drivers\STM32F1xx_HAL_Driver\Src\stm32f1xx_hal_tim.o
                0x08005b6a                HAL_TIM_IC_CaptureCallback
 .text.HAL_TIM_PWM_PulseFinishedCallback
                0x08005b7c       0x12 Drivers\STM32F1xx_HAL_Driver\Src\stm32f1xx_hal_tim.o
                0x08005b7c                HAL_TIM_PWM_PulseFinishedCallback
 .text.HAL_TIM_TriggerCallback
                0x08005b8e       0x12 Drivers\STM32F1xx_HAL_Driver\Src\stm32f1xx_hal_tim.o
                0x08005b8e                HAL_TIM_TriggerCallback
 .text.TIM_Base_SetConfig
                0x08005ba0       0xe0 Drivers\STM32F1xx_HAL_Driver\Src\stm32f1xx_hal_tim.o
                0x08005ba0                TIM_Base_SetConfig
 .text.HAL_TIMEx_CommutationCallback
                0x08005c80       0x12 Drivers\STM32F1xx_HAL_Driver\Src\stm32f1xx_hal_tim_ex.o
                0x08005c80                HAL_TIMEx_CommutationCallback
 .text.HAL_TIMEx_BreakCallback
                0x08005c92       0x12 Drivers\STM32F1xx_HAL_Driver\Src\stm32f1xx_hal_tim_ex.o
                0x08005c92                HAL_TIMEx_BreakCallback
 .text.HAL_UART_Init
                0x08005ca4       0x9a Drivers\STM32F1xx_HAL_Driver\Src\stm32f1xx_hal_uart.o
                0x08005ca4                HAL_UART_Init
 .text.HAL_UART_Transmit
                0x08005d3e      0x130 Drivers\STM32F1xx_HAL_Driver\Src\stm32f1xx_hal_uart.o
                0x08005d3e                HAL_UART_Transmit
 *fill*         0x08005e6e        0x2 
 .text.HAL_UART_Receive_DMA
                0x08005e70      0x100 Drivers\STM32F1xx_HAL_Driver\Src\stm32f1xx_hal_uart.o
                0x08005e70                HAL_UART_Receive_DMA
 .text.HAL_UART_DMAStop
                0x08005f70       0xb6 Drivers\STM32F1xx_HAL_Driver\Src\stm32f1xx_hal_uart.o
                0x08005f70                HAL_UART_DMAStop
 .text.HAL_UART_RxCpltCallback
                0x08006026       0x12 Drivers\STM32F1xx_HAL_Driver\Src\stm32f1xx_hal_uart.o
                0x08006026                HAL_UART_RxCpltCallback
 .text.HAL_UART_RxHalfCpltCallback
                0x08006038       0x12 Drivers\STM32F1xx_HAL_Driver\Src\stm32f1xx_hal_uart.o
                0x08006038                HAL_UART_RxHalfCpltCallback
 .text.HAL_UART_ErrorCallback
                0x0800604a       0x12 Drivers\STM32F1xx_HAL_Driver\Src\stm32f1xx_hal_uart.o
                0x0800604a                HAL_UART_ErrorCallback
 .text.UART_DMAReceiveCplt
                0x0800605c       0x68 Drivers\STM32F1xx_HAL_Driver\Src\stm32f1xx_hal_uart.o
 .text.UART_DMARxHalfCplt
                0x080060c4       0x1c Drivers\STM32F1xx_HAL_Driver\Src\stm32f1xx_hal_uart.o
 .text.UART_DMAError
                0x080060e0       0x94 Drivers\STM32F1xx_HAL_Driver\Src\stm32f1xx_hal_uart.o
 .text.UART_WaitOnFlagUntilTimeout
                0x08006174       0x94 Drivers\STM32F1xx_HAL_Driver\Src\stm32f1xx_hal_uart.o
 .text.UART_EndTxTransfer
                0x08006208       0x2a Drivers\STM32F1xx_HAL_Driver\Src\stm32f1xx_hal_uart.o
 .text.UART_EndRxTransfer
                0x08006232       0x3a Drivers\STM32F1xx_HAL_Driver\Src\stm32f1xx_hal_uart.o
 .text.UART_SetConfig
                0x0800626c      0x230 Drivers\STM32F1xx_HAL_Driver\Src\stm32f1xx_hal_uart.o
 .text.USB_CoreInit
                0x0800649c       0x3c Drivers\STM32F1xx_HAL_Driver\Src\stm32f1xx_ll_usb.o
                0x0800649c                USB_CoreInit
 .text.USB_EnableGlobalInt
                0x080064d8       0x20 Drivers\STM32F1xx_HAL_Driver\Src\stm32f1xx_ll_usb.o
                0x080064d8                USB_EnableGlobalInt
 .text.USB_DisableGlobalInt
                0x080064f8       0x20 Drivers\STM32F1xx_HAL_Driver\Src\stm32f1xx_ll_usb.o
                0x080064f8                USB_DisableGlobalInt
 .text.USB_SetCurrentMode
                0x08006518       0x4e Drivers\STM32F1xx_HAL_Driver\Src\stm32f1xx_ll_usb.o
                0x08006518                USB_SetCurrentMode
 *fill*         0x08006566        0x2 
 .text.USB_FlushTxFifo
                0x08006568       0x48 Drivers\STM32F1xx_HAL_Driver\Src\stm32f1xx_ll_usb.o
                0x08006568                USB_FlushTxFifo
 .text.USB_FlushRxFifo
                0x080065b0       0x40 Drivers\STM32F1xx_HAL_Driver\Src\stm32f1xx_ll_usb.o
                0x080065b0                USB_FlushRxFifo
 .text.USB_WritePacket
                0x080065f0       0x66 Drivers\STM32F1xx_HAL_Driver\Src\stm32f1xx_ll_usb.o
                0x080065f0                USB_WritePacket
 .text.USB_ReadPacket
                0x08006656       0x52 Drivers\STM32F1xx_HAL_Driver\Src\stm32f1xx_ll_usb.o
                0x08006656                USB_ReadPacket
 .text.USB_ReadInterrupts
                0x080066a8       0x28 Drivers\STM32F1xx_HAL_Driver\Src\stm32f1xx_ll_usb.o
                0x080066a8                USB_ReadInterrupts
 .text.USB_GetMode
                0x080066d0       0x1a Drivers\STM32F1xx_HAL_Driver\Src\stm32f1xx_ll_usb.o
                0x080066d0                USB_GetMode
 *fill*         0x080066ea        0x2 
 .text.USB_HostInit
                0x080066ec      0x12c Drivers\STM32F1xx_HAL_Driver\Src\stm32f1xx_ll_usb.o
                0x080066ec                USB_HostInit
 .text.USB_InitFSLSPClkSel
                0x08006818       0x72 Drivers\STM32F1xx_HAL_Driver\Src\stm32f1xx_ll_usb.o
                0x08006818                USB_InitFSLSPClkSel
 .text.USB_ResetPort
                0x0800688a       0x4e Drivers\STM32F1xx_HAL_Driver\Src\stm32f1xx_ll_usb.o
                0x0800688a                USB_ResetPort
 .text.USB_DriveVbus
                0x080068d8       0x70 Drivers\STM32F1xx_HAL_Driver\Src\stm32f1xx_ll_usb.o
                0x080068d8                USB_DriveVbus
 .text.USB_GetHostSpeed
                0x08006948       0x28 Drivers\STM32F1xx_HAL_Driver\Src\stm32f1xx_ll_usb.o
                0x08006948                USB_GetHostSpeed
 .text.USB_GetCurrentFrame
                0x08006970       0x1c Drivers\STM32F1xx_HAL_Driver\Src\stm32f1xx_ll_usb.o
                0x08006970                USB_GetCurrentFrame
 .text.USB_HC_Init
                0x0800698c      0x1c8 Drivers\STM32F1xx_HAL_Driver\Src\stm32f1xx_ll_usb.o
                0x0800698c                USB_HC_Init
 .text.USB_HC_StartXfer
                0x08006b54      0x1ec Drivers\STM32F1xx_HAL_Driver\Src\stm32f1xx_ll_usb.o
                0x08006b54                USB_HC_StartXfer
 .text.USB_HC_ReadInterrupt
                0x08006d40       0x1c Drivers\STM32F1xx_HAL_Driver\Src\stm32f1xx_ll_usb.o
                0x08006d40                USB_HC_ReadInterrupt
 .text.USB_HC_Halt
                0x08006d5c      0x212 Drivers\STM32F1xx_HAL_Driver\Src\stm32f1xx_ll_usb.o
                0x08006d5c                USB_HC_Halt
 .text.USB_StopHost
                0x08006f6e      0x10c Drivers\STM32F1xx_HAL_Driver\Src\stm32f1xx_ll_usb.o
                0x08006f6e                USB_StopHost
 *fill*         0x0800707a        0x2 
 .text.USB_CoreReset
                0x0800707c       0x64 Drivers\STM32F1xx_HAL_Driver\Src\stm32f1xx_ll_usb.o
 .text.USBH_MSC_InterfaceInit
                0x080070e0      0x278 Middlewares\ST\STM32_USB_Host_Library\Class\MSC\Src\usbh_msc.o
 .text.USBH_MSC_InterfaceDeInit
                0x08007358       0x8c Middlewares\ST\STM32_USB_Host_Library\Class\MSC\Src\usbh_msc.o
 .text.USBH_MSC_ClassRequest
                0x080073e4       0xd4 Middlewares\ST\STM32_USB_Host_Library\Class\MSC\Src\usbh_msc.o
 .text.USBH_MSC_Process
                0x080074b8      0x724 Middlewares\ST\STM32_USB_Host_Library\Class\MSC\Src\usbh_msc.o
 .text.USBH_MSC_SOFProcess
                0x08007bdc       0x14 Middlewares\ST\STM32_USB_Host_Library\Class\MSC\Src\usbh_msc.o
 .text.USBH_MSC_RdWrProcess
                0x08007bf0      0x234 Middlewares\ST\STM32_USB_Host_Library\Class\MSC\Src\usbh_msc.o
 .text.USBH_MSC_UnitIsReady
                0x08007e24       0x48 Middlewares\ST\STM32_USB_Host_Library\Class\MSC\Src\usbh_msc.o
                0x08007e24                USBH_MSC_UnitIsReady
 .text.USBH_MSC_GetLUNInfo
                0x08007e6c       0x48 Middlewares\ST\STM32_USB_Host_Library\Class\MSC\Src\usbh_msc.o
                0x08007e6c                USBH_MSC_GetLUNInfo
 .text.USBH_MSC_Read
                0x08007eb4       0xd2 Middlewares\ST\STM32_USB_Host_Library\Class\MSC\Src\usbh_msc.o
                0x08007eb4                USBH_MSC_Read
 .text.USBH_MSC_Write
                0x08007f86       0xd2 Middlewares\ST\STM32_USB_Host_Library\Class\MSC\Src\usbh_msc.o
                0x08007f86                USBH_MSC_Write
 .text.USBH_MSC_BOT_REQ_Reset
                0x08008058       0x3a Middlewares\ST\STM32_USB_Host_Library\Class\MSC\Src\usbh_msc_bot.o
                0x08008058                USBH_MSC_BOT_REQ_Reset
 .text.USBH_MSC_BOT_REQ_GetMaxLUN
                0x08008092       0x3c Middlewares\ST\STM32_USB_Host_Library\Class\MSC\Src\usbh_msc_bot.o
                0x08008092                USBH_MSC_BOT_REQ_GetMaxLUN
 *fill*         0x080080ce        0x2 
 .text.USBH_MSC_BOT_Init
                0x080080d0       0x44 Middlewares\ST\STM32_USB_Host_Library\Class\MSC\Src\usbh_msc_bot.o
                0x080080d0                USBH_MSC_BOT_Init
 .text.USBH_MSC_BOT_Process
                0x08008114      0x444 Middlewares\ST\STM32_USB_Host_Library\Class\MSC\Src\usbh_msc_bot.o
                0x08008114                USBH_MSC_BOT_Process
 .text.USBH_MSC_BOT_Abort
                0x08008558       0x58 Middlewares\ST\STM32_USB_Host_Library\Class\MSC\Src\usbh_msc_bot.o
 .text.USBH_MSC_DecodeCSW
                0x080085b0       0x88 Middlewares\ST\STM32_USB_Host_Library\Class\MSC\Src\usbh_msc_bot.o
 .text.USBH_MSC_SCSI_TestUnitReady
                0x08008638       0x86 Middlewares\ST\STM32_USB_Host_Library\Class\MSC\Src\usbh_msc_scsi.o
                0x08008638                USBH_MSC_SCSI_TestUnitReady
 .text.USBH_MSC_SCSI_ReadCapacity
                0x080086be       0xf8 Middlewares\ST\STM32_USB_Host_Library\Class\MSC\Src\usbh_msc_scsi.o
                0x080086be                USBH_MSC_SCSI_ReadCapacity
 .text.USBH_MSC_SCSI_Inquiry
                0x080087b6      0x144 Middlewares\ST\STM32_USB_Host_Library\Class\MSC\Src\usbh_msc_scsi.o
                0x080087b6                USBH_MSC_SCSI_Inquiry
 .text.USBH_MSC_SCSI_RequestSense
                0x080088fa       0xf2 Middlewares\ST\STM32_USB_Host_Library\Class\MSC\Src\usbh_msc_scsi.o
                0x080088fa                USBH_MSC_SCSI_RequestSense
 .text.USBH_MSC_SCSI_Write
                0x080089ec       0xcc Middlewares\ST\STM32_USB_Host_Library\Class\MSC\Src\usbh_msc_scsi.o
                0x080089ec                USBH_MSC_SCSI_Write
 .text.USBH_MSC_SCSI_Read
                0x08008ab8       0xcc Middlewares\ST\STM32_USB_Host_Library\Class\MSC\Src\usbh_msc_scsi.o
                0x08008ab8                USBH_MSC_SCSI_Read
 .text.USBH_Init
                0x08008b84       0xbc Middlewares\ST\STM32_USB_Host_Library\Core\Src\usbh_core.o
                0x08008b84                USBH_Init
 .text.DeInitStateMachine
                0x08008c40       0x92 Middlewares\ST\STM32_USB_Host_Library\Core\Src\usbh_core.o
 *fill*         0x08008cd2        0x2 
 .text.USBH_RegisterClass
                0x08008cd4       0x80 Middlewares\ST\STM32_USB_Host_Library\Core\Src\usbh_core.o
                0x08008cd4                USBH_RegisterClass
 .text.USBH_SelectInterface
                0x08008d54       0xd0 Middlewares\ST\STM32_USB_Host_Library\Core\Src\usbh_core.o
                0x08008d54                USBH_SelectInterface
 .text.USBH_FindInterface
                0x08008e24       0x94 Middlewares\ST\STM32_USB_Host_Library\Core\Src\usbh_core.o
                0x08008e24                USBH_FindInterface
 .text.USBH_Start
                0x08008eb8       0x20 Middlewares\ST\STM32_USB_Host_Library\Core\Src\usbh_core.o
                0x08008eb8                USBH_Start
 .text.USBH_Process
                0x08008ed8      0x394 Middlewares\ST\STM32_USB_Host_Library\Core\Src\usbh_core.o
                0x08008ed8                USBH_Process
 .text.USBH_HandleEnum
                0x0800926c      0x338 Middlewares\ST\STM32_USB_Host_Library\Core\Src\usbh_core.o
 .text.USBH_LL_SetTimer
                0x080095a4       0x1c Middlewares\ST\STM32_USB_Host_Library\Core\Src\usbh_core.o
                0x080095a4                USBH_LL_SetTimer
 .text.USBH_LL_IncTimer
                0x080095c0       0x24 Middlewares\ST\STM32_USB_Host_Library\Core\Src\usbh_core.o
                0x080095c0                USBH_LL_IncTimer
 .text.USBH_HandleSof
                0x080095e4       0x30 Middlewares\ST\STM32_USB_Host_Library\Core\Src\usbh_core.o
 .text.USBH_LL_Connect
                0x08009614       0x5c Middlewares\ST\STM32_USB_Host_Library\Core\Src\usbh_core.o
                0x08009614                USBH_LL_Connect
 .text.USBH_LL_Disconnect
                0x08009670       0x7c Middlewares\ST\STM32_USB_Host_Library\Core\Src\usbh_core.o
                0x08009670                USBH_LL_Disconnect
 .text.USBH_Process_OS
                0x080096ec       0x2a Middlewares\ST\STM32_USB_Host_Library\Core\Src\usbh_core.o
 .text.USBH_LL_NotifyURBChange
                0x08009716       0x22 Middlewares\ST\STM32_USB_Host_Library\Core\Src\usbh_core.o
                0x08009716                USBH_LL_NotifyURBChange
 .text.USBH_Get_DevDesc
                0x08009738       0x50 Middlewares\ST\STM32_USB_Host_Library\Core\Src\usbh_ctlreq.o
                0x08009738                USBH_Get_DevDesc
 .text.USBH_Get_CfgDesc
                0x08009788       0x48 Middlewares\ST\STM32_USB_Host_Library\Core\Src\usbh_ctlreq.o
                0x08009788                USBH_Get_CfgDesc
 .text.USBH_Get_StringDesc
                0x080097d0       0x56 Middlewares\ST\STM32_USB_Host_Library\Core\Src\usbh_ctlreq.o
                0x080097d0                USBH_Get_StringDesc
 .text.USBH_GetDescriptor
                0x08009826       0x6a Middlewares\ST\STM32_USB_Host_Library\Core\Src\usbh_ctlreq.o
                0x08009826                USBH_GetDescriptor
 .text.USBH_SetAddress
                0x08009890       0x48 Middlewares\ST\STM32_USB_Host_Library\Core\Src\usbh_ctlreq.o
                0x08009890                USBH_SetAddress
 .text.USBH_SetCfg
                0x080098d8       0x46 Middlewares\ST\STM32_USB_Host_Library\Core\Src\usbh_ctlreq.o
                0x080098d8                USBH_SetCfg
 .text.USBH_ClrFeature
                0x0800991e       0x48 Middlewares\ST\STM32_USB_Host_Library\Core\Src\usbh_ctlreq.o
                0x0800991e                USBH_ClrFeature
 .text.USBH_ParseDevDesc
                0x08009966       0xde Middlewares\ST\STM32_USB_Host_Library\Core\Src\usbh_ctlreq.o
 .text.USBH_ParseCfgDesc
                0x08009a44      0x14c Middlewares\ST\STM32_USB_Host_Library\Core\Src\usbh_ctlreq.o
 .text.USBH_ParseInterfaceDesc
                0x08009b90       0x5c Middlewares\ST\STM32_USB_Host_Library\Core\Src\usbh_ctlreq.o
 .text.USBH_ParseEPDesc
                0x08009bec       0x58 Middlewares\ST\STM32_USB_Host_Library\Core\Src\usbh_ctlreq.o
 .text.USBH_ParseStringDesc
                0x08009c44       0x64 Middlewares\ST\STM32_USB_Host_Library\Core\Src\usbh_ctlreq.o
 .text.USBH_GetNextDesc
                0x08009ca8       0x34 Middlewares\ST\STM32_USB_Host_Library\Core\Src\usbh_ctlreq.o
                0x08009ca8                USBH_GetNextDesc
 .text.USBH_CtlReq
                0x08009cdc       0x8c Middlewares\ST\STM32_USB_Host_Library\Core\Src\usbh_ctlreq.o
                0x08009cdc                USBH_CtlReq
 .text.USBH_HandleControl
                0x08009d68      0x3dc Middlewares\ST\STM32_USB_Host_Library\Core\Src\usbh_ctlreq.o
 .text.USBH_CtlSendSetup
                0x0800a144       0x34 Middlewares\ST\STM32_USB_Host_Library\Core\Src\usbh_ioreq.o
                0x0800a144                USBH_CtlSendSetup
 .text.USBH_CtlSendData
                0x0800a178       0x4a Middlewares\ST\STM32_USB_Host_Library\Core\Src\usbh_ioreq.o
                0x0800a178                USBH_CtlSendData
 .text.USBH_CtlReceiveData
                0x0800a1c2       0x3c Middlewares\ST\STM32_USB_Host_Library\Core\Src\usbh_ioreq.o
                0x0800a1c2                USBH_CtlReceiveData
 .text.USBH_BulkSendData
                0x0800a1fe       0x4a Middlewares\ST\STM32_USB_Host_Library\Core\Src\usbh_ioreq.o
                0x0800a1fe                USBH_BulkSendData
 .text.USBH_BulkReceiveData
                0x0800a248       0x3c Middlewares\ST\STM32_USB_Host_Library\Core\Src\usbh_ioreq.o
                0x0800a248                USBH_BulkReceiveData
 .text.USBH_OpenPipe
                0x0800a284       0x3e Middlewares\ST\STM32_USB_Host_Library\Core\Src\usbh_pipes.o
                0x0800a284                USBH_OpenPipe
 .text.USBH_ClosePipe
                0x0800a2c2       0x20 Middlewares\ST\STM32_USB_Host_Library\Core\Src\usbh_pipes.o
                0x0800a2c2                USBH_ClosePipe
 .text.USBH_AllocPipe
                0x0800a2e2       0x40 Middlewares\ST\STM32_USB_Host_Library\Core\Src\usbh_pipes.o
                0x0800a2e2                USBH_AllocPipe
 .text.USBH_FreePipe
                0x0800a322       0x3c Middlewares\ST\STM32_USB_Host_Library\Core\Src\usbh_pipes.o
                0x0800a322                USBH_FreePipe
 .text.USBH_GetFreePipe
                0x0800a35e       0x46 Middlewares\ST\STM32_USB_Host_Library\Core\Src\usbh_pipes.o
 .text.USBH_initialize
                0x0800a3a4       0x16 Middlewares\Third_Party\FatFs\src\drivers\usbh_diskio.o
                0x0800a3a4                USBH_initialize
 *fill*         0x0800a3ba        0x2 
 .text.USBH_status
                0x0800a3bc       0x38 Middlewares\Third_Party\FatFs\src\drivers\usbh_diskio.o
                0x0800a3bc                USBH_status
 .text.USBH_read
                0x0800a3f4       0xa8 Middlewares\Third_Party\FatFs\src\drivers\usbh_diskio.o
                0x0800a3f4                USBH_read
 .text.USBH_write
                0x0800a49c       0xd4 Middlewares\Third_Party\FatFs\src\drivers\usbh_diskio.o
                0x0800a49c                USBH_write
 .text.USBH_ioctl
                0x0800a570       0xd4 Middlewares\Third_Party\FatFs\src\drivers\usbh_diskio.o
                0x0800a570                USBH_ioctl
 .text.mem_cpy  0x0800a644       0x3a Middlewares\Third_Party\FatFs\src\ff.o
 .text.mem_set  0x0800a67e       0x32 Middlewares\Third_Party\FatFs\src\ff.o
 .text.mem_cmp  0x0800a6b0       0x4c Middlewares\Third_Party\FatFs\src\ff.o
 .text.chk_chr  0x0800a6fc       0x34 Middlewares\Third_Party\FatFs\src\ff.o
 .text.chk_lock
                0x0800a730       0xd8 Middlewares\Third_Party\FatFs\src\ff.o
 .text.enq_lock
                0x0800a808       0x48 Middlewares\Third_Party\FatFs\src\ff.o
 .text.inc_lock
                0x0800a850      0x16c Middlewares\Third_Party\FatFs\src\ff.o
 .text.dec_lock
                0x0800a9bc       0x88 Middlewares\Third_Party\FatFs\src\ff.o
 .text.clear_lock
                0x0800aa44       0x50 Middlewares\Third_Party\FatFs\src\ff.o
 .text.sync_window
                0x0800aa94       0x92 Middlewares\Third_Party\FatFs\src\ff.o
 .text.move_window
                0x0800ab26       0x5c Middlewares\Third_Party\FatFs\src\ff.o
 .text.sync_fs  0x0800ab82      0x15a Middlewares\Third_Party\FatFs\src\ff.o
 .text.clust2sect
                0x0800acdc       0x42 Middlewares\Third_Party\FatFs\src\ff.o
                0x0800acdc                clust2sect
 .text.get_fat  0x0800ad1e      0x16e Middlewares\Third_Party\FatFs\src\ff.o
                0x0800ad1e                get_fat
 .text.put_fat  0x0800ae8c      0x216 Middlewares\Third_Party\FatFs\src\ff.o
                0x0800ae8c                put_fat
 .text.remove_chain
                0x0800b0a2       0xb4 Middlewares\Third_Party\FatFs\src\ff.o
 .text.create_chain
                0x0800b156      0x13a Middlewares\Third_Party\FatFs\src\ff.o
 .text.clmt_clust
                0x0800b290       0x68 Middlewares\Third_Party\FatFs\src\ff.o
 .text.dir_sdi  0x0800b2f8      0x128 Middlewares\Third_Party\FatFs\src\ff.o
 .text.dir_next
                0x0800b420      0x1ee Middlewares\Third_Party\FatFs\src\ff.o
 .text.dir_alloc
                0x0800b60e       0x94 Middlewares\Third_Party\FatFs\src\ff.o
 .text.ld_clust
                0x0800b6a2       0x5a Middlewares\Third_Party\FatFs\src\ff.o
 .text.st_clust
                0x0800b6fc       0x4c Middlewares\Third_Party\FatFs\src\ff.o
 .text.dir_find
                0x0800b748       0x9e Middlewares\Third_Party\FatFs\src\ff.o
 .text.dir_register
                0x0800b7e6       0x72 Middlewares\Third_Party\FatFs\src\ff.o
 .text.create_name
                0x0800b858      0x180 Middlewares\Third_Party\FatFs\src\ff.o
 .text.follow_path
                0x0800b9d8       0xdc Middlewares\Third_Party\FatFs\src\ff.o
 .text.get_ldnumber
                0x0800bab4       0x86 Middlewares\Third_Party\FatFs\src\ff.o
 *fill*         0x0800bb3a        0x2 
 .text.check_fs
                0x0800bb3c       0xd4 Middlewares\Third_Party\FatFs\src\ff.o
 .text.find_volume
                0x0800bc10      0x594 Middlewares\Third_Party\FatFs\src\ff.o
 .text.validate
                0x0800c1a4       0x66 Middlewares\Third_Party\FatFs\src\ff.o
 *fill*         0x0800c20a        0x2 
 .text.f_mount  0x0800c20c       0x90 Middlewares\Third_Party\FatFs\src\ff.o
                0x0800c20c                f_mount
 .text.f_open   0x0800c29c      0x416 Middlewares\Third_Party\FatFs\src\ff.o
                0x0800c29c                f_open
 .text.f_write  0x0800c6b2      0x35a Middlewares\Third_Party\FatFs\src\ff.o
                0x0800c6b2                f_write
 .text.f_sync   0x0800ca0c      0x174 Middlewares\Third_Party\FatFs\src\ff.o
                0x0800ca0c                f_sync
 .text.f_close  0x0800cb80       0x50 Middlewares\Third_Party\FatFs\src\ff.o
                0x0800cb80                f_close
 .text.putc_bfd
                0x0800cbd0       0x7a Middlewares\Third_Party\FatFs\src\ff.o
 *fill*         0x0800cc4a        0x2 
 .text.f_printf
                0x0800cc4c      0x434 Middlewares\Third_Party\FatFs\src\ff.o
                0x0800cc4c                f_printf
 .text.FATFS_LinkDriverEx
                0x0800d080       0x94 Middlewares\Third_Party\FatFs\src\ff_gen_drv.o
                0x0800d080                FATFS_LinkDriverEx
 .text.FATFS_LinkDriver
                0x0800d114       0x1e Middlewares\Third_Party\FatFs\src\ff_gen_drv.o
                0x0800d114                FATFS_LinkDriver
 .text.makeFreeRtosPriority
                0x0800d132       0x2e Middlewares\Third_Party\FreeRTOS\Source\CMSIS_RTOS\cmsis_os.o
 .text.inHandlerMode
                0x0800d160       0x22 Middlewares\Third_Party\FreeRTOS\Source\CMSIS_RTOS\cmsis_os.o
 .text.osKernelStart
                0x0800d182        0xe Middlewares\Third_Party\FreeRTOS\Source\CMSIS_RTOS\cmsis_os.o
                0x0800d182                osKernelStart
 .text.osThreadCreate
                0x0800d190       0x4e Middlewares\Third_Party\FreeRTOS\Source\CMSIS_RTOS\cmsis_os.o
                0x0800d190                osThreadCreate
 .text.osDelay  0x0800d1de       0x28 Middlewares\Third_Party\FreeRTOS\Source\CMSIS_RTOS\cmsis_os.o
                0x0800d1de                osDelay
 .text.osMessageCreate
                0x0800d206       0x24 Middlewares\Third_Party\FreeRTOS\Source\CMSIS_RTOS\cmsis_os.o
                0x0800d206                osMessageCreate
 *fill*         0x0800d22a        0x2 
 .text.osMessagePut
                0x0800d22c       0x80 Middlewares\Third_Party\FreeRTOS\Source\CMSIS_RTOS\cmsis_os.o
                0x0800d22c                osMessagePut
 .text.osMessageGet
                0x0800d2ac       0xe8 Middlewares\Third_Party\FreeRTOS\Source\CMSIS_RTOS\cmsis_os.o
                0x0800d2ac                osMessageGet
 .text.osSystickHandler
                0x0800d394       0x16 Middlewares\Third_Party\FreeRTOS\Source\CMSIS_RTOS\cmsis_os.o
                0x0800d394                osSystickHandler
 .text.vListInitialise
                0x0800d3aa       0x3e Middlewares\Third_Party\FreeRTOS\Source\list.o
                0x0800d3aa                vListInitialise
 .text.vListInitialiseItem
                0x0800d3e8       0x18 Middlewares\Third_Party\FreeRTOS\Source\list.o
                0x0800d3e8                vListInitialiseItem
 .text.vListInsertEnd
                0x0800d400       0x46 Middlewares\Third_Party\FreeRTOS\Source\list.o
                0x0800d400                vListInsertEnd
 .text.vListInsert
                0x0800d446       0x70 Middlewares\Third_Party\FreeRTOS\Source\list.o
                0x0800d446                vListInsert
 .text.uxListRemove
                0x0800d4b6       0x52 Middlewares\Third_Party\FreeRTOS\Source\list.o
                0x0800d4b6                uxListRemove
 .text.pxPortInitialiseStack
                0x0800d508       0x58 Middlewares\Third_Party\FreeRTOS\Source\portable\GCC\ARM_CM3\port.o
                0x0800d508                pxPortInitialiseStack
 .text.prvTaskExitError
                0x0800d560       0x3c Middlewares\Third_Party\FreeRTOS\Source\portable\GCC\ARM_CM3\port.o
 *fill*         0x0800d59c        0x4 
 .text.SVC_Handler
                0x0800d5a0       0x28 Middlewares\Third_Party\FreeRTOS\Source\portable\GCC\ARM_CM3\port.o
                0x0800d5a0                SVC_Handler
 .text.prvPortStartFirstTask
                0x0800d5c8       0x20 Middlewares\Third_Party\FreeRTOS\Source\portable\GCC\ARM_CM3\port.o
 .text.xPortStartScheduler
                0x0800d5e8       0xbc Middlewares\Third_Party\FreeRTOS\Source\portable\GCC\ARM_CM3\port.o
                0x0800d5e8                xPortStartScheduler
 .text.vPortEnterCritical
                0x0800d6a4       0x5c Middlewares\Third_Party\FreeRTOS\Source\portable\GCC\ARM_CM3\port.o
                0x0800d6a4                vPortEnterCritical
 .text.vPortExitCritical
                0x0800d700       0x4c Middlewares\Third_Party\FreeRTOS\Source\portable\GCC\ARM_CM3\port.o
                0x0800d700                vPortExitCritical
 *fill*         0x0800d74c        0x4 
 .text.PendSV_Handler
                0x0800d750       0x48 Middlewares\Third_Party\FreeRTOS\Source\portable\GCC\ARM_CM3\port.o
                0x0800d750                PendSV_Handler
 .text.xPortSysTickHandler
                0x0800d798       0x40 Middlewares\Third_Party\FreeRTOS\Source\portable\GCC\ARM_CM3\port.o
                0x0800d798                xPortSysTickHandler
 .text.vPortSetupTimerInterrupt
                0x0800d7d8       0x34 Middlewares\Third_Party\FreeRTOS\Source\portable\GCC\ARM_CM3\port.o
                0x0800d7d8                vPortSetupTimerInterrupt
 .text.vPortValidateInterruptPriority
                0x0800d80c       0x78 Middlewares\Third_Party\FreeRTOS\Source\portable\GCC\ARM_CM3\port.o
                0x0800d80c                vPortValidateInterruptPriority
 .text.pvPortMalloc
                0x0800d884       0x24 Middlewares\Third_Party\FreeRTOS\Source\portable\MemMang\heap_3.o
                0x0800d884                pvPortMalloc
 .text.vPortFree
                0x0800d8a8       0x24 Middlewares\Third_Party\FreeRTOS\Source\portable\MemMang\heap_3.o
                0x0800d8a8                vPortFree
 .text.xQueueGenericReset
                0x0800d8cc       0xd0 Middlewares\Third_Party\FreeRTOS\Source\queue.o
                0x0800d8cc                xQueueGenericReset
 .text.xQueueGenericCreate
                0x0800d99c       0x72 Middlewares\Third_Party\FreeRTOS\Source\queue.o
                0x0800d99c                xQueueGenericCreate
 .text.prvInitialiseNewQueue
                0x0800da0e       0x3e Middlewares\Third_Party\FreeRTOS\Source\queue.o
 .text.xQueueGenericSend
                0x0800da4c      0x1f4 Middlewares\Third_Party\FreeRTOS\Source\queue.o
                0x0800da4c                xQueueGenericSend
 .text.xQueueGenericSendFromISR
                0x0800dc40      0x128 Middlewares\Third_Party\FreeRTOS\Source\queue.o
                0x0800dc40                xQueueGenericSendFromISR
 .text.xQueueGenericReceive
                0x0800dd68      0x224 Middlewares\Third_Party\FreeRTOS\Source\queue.o
                0x0800dd68                xQueueGenericReceive
 .text.xQueueReceiveFromISR
                0x0800df8c       0xfa Middlewares\Third_Party\FreeRTOS\Source\queue.o
                0x0800df8c                xQueueReceiveFromISR
 .text.prvCopyDataToQueue
                0x0800e086       0xd4 Middlewares\Third_Party\FreeRTOS\Source\queue.o
 .text.prvCopyDataFromQueue
                0x0800e15a       0x4c Middlewares\Third_Party\FreeRTOS\Source\queue.o
 .text.prvUnlockQueue
                0x0800e1a6       0xa4 Middlewares\Third_Party\FreeRTOS\Source\queue.o
 .text.prvIsQueueEmpty
                0x0800e24a       0x2c Middlewares\Third_Party\FreeRTOS\Source\queue.o
 .text.prvIsQueueFull
                0x0800e276       0x30 Middlewares\Third_Party\FreeRTOS\Source\queue.o
 .text.xTaskCreate
                0x0800e2a6       0x82 Middlewares\Third_Party\FreeRTOS\Source\tasks.o
                0x0800e2a6                xTaskCreate
 .text.prvInitialiseNewTask
                0x0800e328       0xfc Middlewares\Third_Party\FreeRTOS\Source\tasks.o
 .text.prvAddNewTaskToReadyList
                0x0800e424       0xd4 Middlewares\Third_Party\FreeRTOS\Source\tasks.o
 .text.vTaskDelete
                0x0800e4f8      0x11c Middlewares\Third_Party\FreeRTOS\Source\tasks.o
                0x0800e4f8                vTaskDelete
 .text.vTaskDelay
                0x0800e614       0x68 Middlewares\Third_Party\FreeRTOS\Source\tasks.o
                0x0800e614                vTaskDelay
 .text.vTaskStartScheduler
                0x0800e67c       0x8c Middlewares\Third_Party\FreeRTOS\Source\tasks.o
                0x0800e67c                vTaskStartScheduler
 .text.vTaskSuspendAll
                0x0800e708       0x1c Middlewares\Third_Party\FreeRTOS\Source\tasks.o
                0x0800e708                vTaskSuspendAll
 .text.xTaskResumeAll
                0x0800e724      0x138 Middlewares\Third_Party\FreeRTOS\Source\tasks.o
                0x0800e724                xTaskResumeAll
 .text.xTaskIncrementTick
                0x0800e85c      0x178 Middlewares\Third_Party\FreeRTOS\Source\tasks.o
                0x0800e85c                xTaskIncrementTick
 .text.vTaskSwitchContext
                0x0800e9d4       0xb4 Middlewares\Third_Party\FreeRTOS\Source\tasks.o
                0x0800e9d4                vTaskSwitchContext
 .text.vTaskPlaceOnEventList
                0x0800ea88       0x48 Middlewares\Third_Party\FreeRTOS\Source\tasks.o
                0x0800ea88                vTaskPlaceOnEventList
 .text.xTaskRemoveFromEventList
                0x0800ead0       0xc4 Middlewares\Third_Party\FreeRTOS\Source\tasks.o
                0x0800ead0                xTaskRemoveFromEventList
 .text.vTaskSetTimeOutState
                0x0800eb94       0x44 Middlewares\Third_Party\FreeRTOS\Source\tasks.o
                0x0800eb94                vTaskSetTimeOutState
 .text.xTaskCheckForTimeOut
                0x0800ebd8       0xbc Middlewares\Third_Party\FreeRTOS\Source\tasks.o
                0x0800ebd8                xTaskCheckForTimeOut
 .text.vTaskMissedYield
                0x0800ec94       0x18 Middlewares\Third_Party\FreeRTOS\Source\tasks.o
                0x0800ec94                vTaskMissedYield
 .text.prvIdleTask
                0x0800ecac       0x30 Middlewares\Third_Party\FreeRTOS\Source\tasks.o
 .text.prvInitialiseTaskLists
                0x0800ecdc       0x80 Middlewares\Third_Party\FreeRTOS\Source\tasks.o
 .text.prvCheckTasksWaitingTermination
                0x0800ed5c       0x78 Middlewares\Third_Party\FreeRTOS\Source\tasks.o
 .text.prvDeleteTCB
                0x0800edd4       0x20 Middlewares\Third_Party\FreeRTOS\Source\tasks.o
 .text.prvResetNextTaskUnblockTime
                0x0800edf4       0x48 Middlewares\Third_Party\FreeRTOS\Source\tasks.o
 .text.xTaskGetSchedulerState
                0x0800ee3c       0x3c Middlewares\Third_Party\FreeRTOS\Source\tasks.o
                0x0800ee3c                xTaskGetSchedulerState
 .text.vTaskPriorityInherit
                0x0800ee78       0xec Middlewares\Third_Party\FreeRTOS\Source\tasks.o
                0x0800ee78                vTaskPriorityInherit
 .text.xTaskPriorityDisinherit
                0x0800ef64      0x108 Middlewares\Third_Party\FreeRTOS\Source\tasks.o
                0x0800ef64                xTaskPriorityDisinherit
 .text.pvTaskIncrementMutexHeldCount
                0x0800f06c       0x28 Middlewares\Third_Party\FreeRTOS\Source\tasks.o
                0x0800f06c                pvTaskIncrementMutexHeldCount
 .text.prvAddCurrentTaskToDelayedList
                0x0800f094       0xcc Middlewares\Third_Party\FreeRTOS\Source\tasks.o
 .text.WIZCHIP_READ
                0x0800f160       0x98 Middlewares\ioLibrary_wiznet\Ethernet\W5500\w5500.o
                0x0800f160                WIZCHIP_READ
 .text.WIZCHIP_WRITE
                0x0800f1f8       0x9c Middlewares\ioLibrary_wiznet\Ethernet\W5500\w5500.o
                0x0800f1f8                WIZCHIP_WRITE
 .text.WIZCHIP_READ_BUF
                0x0800f294       0xc0 Middlewares\ioLibrary_wiznet\Ethernet\W5500\w5500.o
                0x0800f294                WIZCHIP_READ_BUF
 .text.WIZCHIP_WRITE_BUF
                0x0800f354       0xc0 Middlewares\ioLibrary_wiznet\Ethernet\W5500\w5500.o
                0x0800f354                WIZCHIP_WRITE_BUF
 .text.getSn_TX_FSR
                0x0800f414       0x96 Middlewares\ioLibrary_wiznet\Ethernet\W5500\w5500.o
                0x0800f414                getSn_TX_FSR
 .text.getSn_RX_RSR
                0x0800f4aa       0x96 Middlewares\ioLibrary_wiznet\Ethernet\W5500\w5500.o
                0x0800f4aa                getSn_RX_RSR
 .text.wiz_send_data
                0x0800f540       0xb8 Middlewares\ioLibrary_wiznet\Ethernet\W5500\w5500.o
                0x0800f540                wiz_send_data
 .text.wiz_recv_data
                0x0800f5f8       0xb8 Middlewares\ioLibrary_wiznet\Ethernet\W5500\w5500.o
                0x0800f5f8                wiz_recv_data
 .text.socket   0x0800f6b0      0x224 Middlewares\ioLibrary_wiznet\Ethernet\socket.o
                0x0800f6b0                socket
 .text.close    0x0800f8d4       0xdc Middlewares\ioLibrary_wiznet\Ethernet\socket.o
                0x0800f8d4                close
 .text.listen   0x0800f9b0       0xb2 Middlewares\ioLibrary_wiznet\Ethernet\socket.o
                0x0800f9b0                listen
 *fill*         0x0800fa62        0x2 
 .text.send     0x0800fa64      0x1f4 Middlewares\ioLibrary_wiznet\Ethernet\socket.o
                0x0800fa64                send
 .text.recv     0x0800fc58      0x16c Middlewares\ioLibrary_wiznet\Ethernet\socket.o
                0x0800fc58                recv
 .text.wizchip_cris_enter
                0x0800fdc4        0xc Middlewares\ioLibrary_wiznet\Ethernet\wizchip_conf.o
                0x0800fdc4                wizchip_cris_enter
 .text.wizchip_cris_exit
                0x0800fdd0        0xc Middlewares\ioLibrary_wiznet\Ethernet\wizchip_conf.o
                0x0800fdd0                wizchip_cris_exit
 .text.wizchip_cs_select
                0x0800fddc        0xc Middlewares\ioLibrary_wiznet\Ethernet\wizchip_conf.o
                0x0800fddc                wizchip_cs_select
 .text.wizchip_cs_deselect
                0x0800fde8        0xc Middlewares\ioLibrary_wiznet\Ethernet\wizchip_conf.o
                0x0800fde8                wizchip_cs_deselect
 .text.wizchip_bus_readdata
                0x0800fdf4       0x18 Middlewares\ioLibrary_wiznet\Ethernet\wizchip_conf.o
                0x0800fdf4                wizchip_bus_readdata
 .text.wizchip_bus_writedata
                0x0800fe0c       0x1c Middlewares\ioLibrary_wiznet\Ethernet\wizchip_conf.o
                0x0800fe0c                wizchip_bus_writedata
 .text.wizchip_spi_readbyte
                0x0800fe28        0xe Middlewares\ioLibrary_wiznet\Ethernet\wizchip_conf.o
                0x0800fe28                wizchip_spi_readbyte
 .text.wizchip_spi_writebyte
                0x0800fe36       0x14 Middlewares\ioLibrary_wiznet\Ethernet\wizchip_conf.o
                0x0800fe36                wizchip_spi_writebyte
 *fill*         0x0800fe4a        0x2 
 .text.reg_wizchip_cs_cbfunc
                0x0800fe4c       0x48 Middlewares\ioLibrary_wiznet\Ethernet\wizchip_conf.o
                0x0800fe4c                reg_wizchip_cs_cbfunc
 .text.reg_wizchip_spi_cbfunc
                0x0800fe94       0x54 Middlewares\ioLibrary_wiznet\Ethernet\wizchip_conf.o
                0x0800fe94                reg_wizchip_spi_cbfunc
 .text.wizchip_sw_reset
                0x0800fee8       0x98 Middlewares\ioLibrary_wiznet\Ethernet\wizchip_conf.o
                0x0800fee8                wizchip_sw_reset
 .text.wizchip_init
                0x0800ff80      0x118 Middlewares\ioLibrary_wiznet\Ethernet\wizchip_conf.o
                0x0800ff80                wizchip_init
 .text.wizchip_setnetinfo
                0x08010098       0x80 Middlewares\ioLibrary_wiznet\Ethernet\wizchip_conf.o
                0x08010098                wizchip_setnetinfo
 .text.wizchip_getnetinfo
                0x08010118       0x80 Middlewares\ioLibrary_wiznet\Ethernet\wizchip_conf.o
                0x08010118                wizchip_getnetinfo
 .text.s_read_hr
                0x08010198       0xa0 Middlewares\shvabmodbus\shv_mb_rtu.o
                0x08010198                s_read_hr
 .text.s_write_hr
                0x08010238       0xc8 Middlewares\shvabmodbus\shv_mb_rtu.o
                0x08010238                s_write_hr
 .text.s_exception_handler
                0x08010300       0x48 Middlewares\shvabmodbus\shv_mb_rtu.o
                0x08010300                s_exception_handler
 .text.s_check_crc16
                0x08010348       0x68 Middlewares\shvabmodbus\shv_mb_rtu.o
 .text.s_modbus_rt_func_03_read_hr
                0x080103b0      0x15c Middlewares\shvabmodbus\shv_mb_rtu.o
 .text.s_modbus_rt_func_06_write_sreg
                0x0801050c      0x134 Middlewares\shvabmodbus\shv_mb_rtu.o
 .text.s_modbus_rt_func_16_write_mregs
                0x08010640      0x178 Middlewares\shvabmodbus\shv_mb_rtu.o
 .text.modbus_rt_process_request
                0x080107b8       0xac Middlewares\shvabmodbus\shv_mb_rtu.o
                0x080107b8                modbus_rt_process_request
 .text.s_read_hr
                0x08010864       0xa0 Middlewares\shvabmodbus\shv_mb_tcp.o
 .text.s_write_hr
                0x08010904       0xc8 Middlewares\shvabmodbus\shv_mb_tcp.o
 .text.s_exception_handler
                0x080109cc       0x48 Middlewares\shvabmodbus\shv_mb_tcp.o
 .text.s_modbus_tcp_func_03_read_hr
                0x08010a14      0x184 Middlewares\shvabmodbus\shv_mb_tcp.o
 .text.s_modbus_tcp_func_06_write_sreg
                0x08010b98      0x194 Middlewares\shvabmodbus\shv_mb_tcp.o
 .text.s_modbus_tcp_func_16_write_mregs
                0x08010d2c      0x1a8 Middlewares\shvabmodbus\shv_mb_tcp.o
 .text.modbus_tcp_process_request
                0x08010ed4       0x98 Middlewares\shvabmodbus\shv_mb_tcp.o
                0x08010ed4                modbus_tcp_process_request
 .text.eth_send_tcp_data
                0x08010f6c       0x22 Middlewares\shvabmodbus\shv_mb_w5500_port.o
                0x08010f6c                eth_send_tcp_data
 *fill*         0x08010f8e        0x2 
 .text.modbus_init_w5500
                0x08010f90       0xd8 Middlewares\shvabmodbus\shv_mb_w5500_port.o
                0x08010f90                modbus_init_w5500
 .text.modbus_reinit_w5500
                0x08011068       0x34 Middlewares\shvabmodbus\shv_mb_w5500_port.o
                0x08011068                modbus_reinit_w5500
 .text.vEthTask
                0x0801109c       0xdc Middlewares\shvabmodbus\shv_mb_w5500_port.o
                0x0801109c                vEthTask
 .text.shv_modbus_fill_parameters_from_spi
                0x08011178      0x19c Middlewares\shvabmodbus\shv_modbus_misc.o
                0x08011178                shv_modbus_fill_parameters_from_spi
 .text.modbus_init_registers
                0x08011314      0x138 Middlewares\shvabmodbus\shv_modbus_regmap.o
                0x08011314                modbus_init_registers
 .text.init_uart
                0x0801144c       0x24 Middlewares\shvabmodbus\shv_modbus_uart1_port.o
                0x0801144c                init_uart
 .text.reinit_uart
                0x08011470       0x1c Middlewares\shvabmodbus\shv_modbus_uart1_port.o
                0x08011470                reinit_uart
 .text.reload_dma
                0x0801148c       0x6c Middlewares\shvabmodbus\shv_modbus_uart1_port.o
                0x0801148c                reload_dma
 .text.TIM3_Update_Handler
                0x080114f8      0x190 Middlewares\shvabmodbus\shv_modbus_uart1_port.o
                0x080114f8                TIM3_Update_Handler
 .text.MX_FATFS_Init
                0x08011688       0x24 Src\fatfs.o
                0x08011688                MX_FATFS_Init
 .text.main     0x080116ac      0x1d8 Src\main.o
                0x080116ac                main
 .text.SystemClock_Config
                0x08011884       0xf4 Src\main.o
                0x08011884                SystemClock_Config
 .text.MX_RTC_Init
                0x08011978       0xa0 Src\main.o
 .text.MX_SPI1_Init
                0x08011a18       0x78 Src\main.o
 .text.MX_SPI2_Init
                0x08011a90       0x74 Src\main.o
 .text.MX_SPI3_Init
                0x08011b04       0x78 Src\main.o
 .text.MX_TIM3_Init
                0x08011b7c       0x68 Src\main.o
 .text.MX_USART1_UART_Init
                0x08011be4       0x5c Src\main.o
 .text.MX_USART2_UART_Init
                0x08011c40       0x60 Src\main.o
 .text.MX_USART3_UART_Init
                0x08011ca0       0x60 Src\main.o
 .text.MX_DMA_Init
                0x08011d00       0x6c Src\main.o
 .text.MX_GPIO_Init
                0x08011d6c      0x1d0 Src\main.o
 .text.HAL_GPIO_EXTI_Callback
                0x08011f3c       0x1e Src\main.o
                0x08011f3c                HAL_GPIO_EXTI_Callback
 *fill*         0x08011f5a        0x2 
 .text.HAL_SPI_RxCpltCallback
                0x08011f5c       0x24 Src\main.o
                0x08011f5c                HAL_SPI_RxCpltCallback
 .text.StartDefaultTask
                0x08011f80       0x74 Src\main.o
                0x08011f80                StartDefaultTask
 .text.HAL_TIM_PeriodElapsedCallback
                0x08011ff4       0x34 Src\main.o
                0x08011ff4                HAL_TIM_PeriodElapsedCallback
 .text._Error_Handler
                0x08012028        0xc Src\main.o
                0x08012028                _Error_Handler
 .text.HAL_MspInit
                0x08012034       0xa0 Src\stm32f1xx_hal_msp.o
                0x08012034                HAL_MspInit
 .text.HAL_RTC_MspInit
                0x080120d4       0x48 Src\stm32f1xx_hal_msp.o
                0x080120d4                HAL_RTC_MspInit
 .text.HAL_SPI_MspInit
                0x0801211c      0x19c Src\stm32f1xx_hal_msp.o
                0x0801211c                HAL_SPI_MspInit
 .text.HAL_TIM_Base_MspInit
                0x080122b8       0x3c Src\stm32f1xx_hal_msp.o
                0x080122b8                HAL_TIM_Base_MspInit
 .text.HAL_UART_MspInit
                0x080122f4      0x264 Src\stm32f1xx_hal_msp.o
                0x080122f4                HAL_UART_MspInit
 .text.HAL_InitTick
                0x08012558       0xb0 Src\stm32f1xx_hal_timebase_TIM.o
                0x08012558                HAL_InitTick
 .text.NMI_Handler
                0x08012608        0xc Src\stm32f1xx_it.o
                0x08012608                NMI_Handler
 .text.HardFault_Handler
                0x08012614        0x6 Src\stm32f1xx_it.o
                0x08012614                HardFault_Handler
 .text.MemManage_Handler
                0x0801261a        0x6 Src\stm32f1xx_it.o
                0x0801261a                MemManage_Handler
 .text.BusFault_Handler
                0x08012620        0x6 Src\stm32f1xx_it.o
                0x08012620                BusFault_Handler
 .text.UsageFault_Handler
                0x08012626        0x6 Src\stm32f1xx_it.o
                0x08012626                UsageFault_Handler
 .text.DebugMon_Handler
                0x0801262c        0xc Src\stm32f1xx_it.o
                0x0801262c                DebugMon_Handler
 .text.SysTick_Handler
                0x08012638        0xc Src\stm32f1xx_it.o
                0x08012638                SysTick_Handler
 .text.DMA1_Channel2_IRQHandler
                0x08012644       0x14 Src\stm32f1xx_it.o
                0x08012644                DMA1_Channel2_IRQHandler
 .text.DMA1_Channel3_IRQHandler
                0x08012658       0x14 Src\stm32f1xx_it.o
                0x08012658                DMA1_Channel3_IRQHandler
 .text.DMA1_Channel4_IRQHandler
                0x0801266c       0x14 Src\stm32f1xx_it.o
                0x0801266c                DMA1_Channel4_IRQHandler
 .text.DMA1_Channel5_IRQHandler
                0x08012680       0x14 Src\stm32f1xx_it.o
                0x08012680                DMA1_Channel5_IRQHandler
 .text.TIM3_IRQHandler
                0x08012694       0x14 Src\stm32f1xx_it.o
                0x08012694                TIM3_IRQHandler
 .text.TIM7_IRQHandler
                0x080126a8       0x14 Src\stm32f1xx_it.o
                0x080126a8                TIM7_IRQHandler
 .text.OTG_FS_IRQHandler
                0x080126bc       0x2c Src\stm32f1xx_it.o
                0x080126bc                OTG_FS_IRQHandler
 .text.EXTI15_10_IRQHandler
                0x080126e8       0x10 Src\stm32f1xx_it.o
                0x080126e8                EXTI15_10_IRQHandler
 .text.SystemInit
                0x080126f8       0x7c Src\system_stm32f1xx.o
                0x080126f8                SystemInit
 .text.MX_USB_HOST_Init
                0x08012774       0x2c Src\usb_host.o
                0x08012774                MX_USB_HOST_Init
 .text.USBH_UserProcess
                0x080127a0       0xb0 Src\usb_host.o
 .text.HAL_HCD_MspInit
                0x08012850       0x64 Src\usbh_conf.o
                0x08012850                HAL_HCD_MspInit
 .text.HAL_HCD_SOF_Callback
                0x080128b4       0x1c Src\usbh_conf.o
                0x080128b4                HAL_HCD_SOF_Callback
 .text.HAL_HCD_Connect_Callback
                0x080128d0       0x1c Src\usbh_conf.o
                0x080128d0                HAL_HCD_Connect_Callback
 .text.HAL_HCD_Disconnect_Callback
                0x080128ec       0x1c Src\usbh_conf.o
                0x080128ec                HAL_HCD_Disconnect_Callback
 .text.HAL_HCD_HC_NotifyURBChange_Callback
                0x08012908       0x24 Src\usbh_conf.o
                0x08012908                HAL_HCD_HC_NotifyURBChange_Callback
 .text.USBH_LL_Init
                0x0801292c       0x74 Src\usbh_conf.o
                0x0801292c                USBH_LL_Init
 .text.USBH_LL_Start
                0x080129a0       0x64 Src\usbh_conf.o
                0x080129a0                USBH_LL_Start
 .text.USBH_LL_Stop
                0x08012a04       0x64 Src\usbh_conf.o
                0x08012a04                USBH_LL_Stop
 .text.USBH_LL_GetSpeed
                0x08012a68       0x4a Src\usbh_conf.o
                0x08012a68                USBH_LL_GetSpeed
 *fill*         0x08012ab2        0x2 
 .text.USBH_LL_ResetPort
                0x08012ab4       0x64 Src\usbh_conf.o
                0x08012ab4                USBH_LL_ResetPort
 .text.USBH_LL_GetLastXferSize
                0x08012b18       0x26 Src\usbh_conf.o
                0x08012b18                USBH_LL_GetLastXferSize
 *fill*         0x08012b3e        0x2 
 .text.USBH_LL_OpenPipe
                0x08012b40       0x8c Src\usbh_conf.o
                0x08012b40                USBH_LL_OpenPipe
 .text.USBH_LL_ClosePipe
                0x08012bcc       0x6c Src\usbh_conf.o
                0x08012bcc                USBH_LL_ClosePipe
 .text.USBH_LL_SubmitURB
                0x08012c38       0x90 Src\usbh_conf.o
                0x08012c38                USBH_LL_SubmitURB
 .text.USBH_LL_GetURBState
                0x08012cc8       0x26 Src\usbh_conf.o
                0x08012cc8                USBH_LL_GetURBState
 .text.USBH_LL_DriverVBUS
                0x08012cee       0x2e Src\usbh_conf.o
                0x08012cee                USBH_LL_DriverVBUS
 .text.USBH_LL_SetToggle
                0x08012d1c       0x64 Src\usbh_conf.o
                0x08012d1c                USBH_LL_SetToggle
 .text.USBH_LL_GetToggle
                0x08012d80       0x64 Src\usbh_conf.o
                0x08012d80                USBH_LL_GetToggle
 .text.USBH_Delay
                0x08012de4       0x16 Src\usbh_conf.o
                0x08012de4                USBH_Delay
 *fill*         0x08012dfa        0x2 
 .text.MX_DriverVbusFS
                0x08012dfc       0x38 Src\usbh_platform.o
                0x08012dfc                MX_DriverVbusFS
 .text.archive_get_pack_offset
                0x08012e34       0x2c mpii_src\archive.o
                0x08012e34                archive_get_pack_offset
 .text.archive_get_data
                0x08012e60       0x64 mpii_src\archive.o
                0x08012e60                archive_get_data
 .text.archive_read_settings
                0x08012ec4       0x64 mpii_src\archive.o
                0x08012ec4                archive_read_settings
 .text.s_eeprom_select
                0x08012f28       0x68 mpii_src\eeprom.o
 .text.s_get_selected_eeprom
                0x08012f90       0x50 mpii_src\eeprom.o
 .text.s_eeprom_timeout_handler
                0x08012fe0       0x58 mpii_src\eeprom.o
 .text.s_eeprom_clear_timeout_error
                0x08013038       0x58 mpii_src\eeprom.o
 .text.s_eeprom_send_byte
                0x08013090       0x44 mpii_src\eeprom.o
 .text.s_eeprom_read_byte
                0x080130d4       0x10 mpii_src\eeprom.o
 .text.eeprom_read_page
                0x080130e4       0x8c mpii_src\eeprom.o
                0x080130e4                eeprom_read_page
 .text.oled_cs_set
                0x08013170       0x18 mpii_src\lcd_oled.o
 .text.oled_cs_reset
                0x08013188       0x18 mpii_src\lcd_oled.o
 .text.oled_scl_set
                0x080131a0       0x18 mpii_src\lcd_oled.o
 .text.oled_scl_reset
                0x080131b8       0x18 mpii_src\lcd_oled.o
 .text.oled_mosi_set
                0x080131d0       0x18 mpii_src\lcd_oled.o
 .text.oled_mosi_reset
                0x080131e8       0x18 mpii_src\lcd_oled.o
 .text.oled_send_cmd
                0x08013200       0x60 mpii_src\lcd_oled.o
 .text.oled_send_data
                0x08013260       0x66 mpii_src\lcd_oled.o
 .text.oled_lcd_init
                0x080132c6       0x3e mpii_src\lcd_oled.o
                0x080132c6                oled_lcd_init
 .text.oled_print_upper
                0x08013304       0x6a mpii_src\lcd_oled.o
                0x08013304                oled_print_upper
 *fill*         0x0801336e        0x2 
 .text.oled_print_lower_and_time
                0x08013370       0xbc mpii_src\lcd_oled.o
                0x08013370                oled_print_lower_and_time
 .text.oled_print_lower
                0x0801342c       0x46 mpii_src\lcd_oled.o
                0x0801342c                oled_print_lower
 .text.oled_clr_all
                0x08013472        0xe mpii_src\lcd_oled.o
                0x08013472                oled_clr_all
 .text.nss_interrupt_handler
                0x08013480       0x20 mpii_src\spi_comm_madc.o
                0x08013480                nss_interrupt_handler
 .text.spi_comm_dma_irq_handler
                0x080134a0       0x2c mpii_src\spi_comm_madc.o
                0x080134a0                spi_comm_dma_irq_handler
 .text.s_w5500_init
                0x080134cc       0x5c mpii_src\spi_w5500.o
 .text.s_w5500_deselect_chip
                0x08013528       0x18 mpii_src\spi_w5500.o
 .text.s_w5500_select_chip
                0x08013540       0x18 mpii_src\spi_w5500.o
 .text.s_w5500_send_byte
                0x08013558       0x2c mpii_src\spi_w5500.o
 .text.s_w5500_read_byte
                0x08013584       0x10 mpii_src\spi_w5500.o
 .text.w5500_init
                0x08013594       0x6c mpii_src\spi_w5500.o
                0x08013594                w5500_init
 .text.reg_check_time
                0x08013600       0xac mpii_src\task_hr_handler.o
 .text.reg_check_ip
                0x080136ac      0x1dc mpii_src\task_hr_handler.o
 .text.reg_check_rtu_addr
                0x08013888       0x3c mpii_src\task_hr_handler.o
 .text.task_hr_handler
                0x080138c4       0x1e mpii_src\task_hr_handler.o
                0x080138c4                task_hr_handler
 *fill*         0x080138e2        0x2 
 .text.s_display_data
                0x080138e4      0x3c8 mpii_src\task_oled.o
 .text.task_oled
                0x08013cac      0x14c mpii_src\task_oled.o
                0x08013cac                task_oled
 .text.disk_initialize
                0x08013df8       0x16 mpii_src\usbh_diskio.o
                0x08013df8                disk_initialize
 *fill*         0x08013e0e        0x2 
 .text.disk_status
                0x08013e10       0x38 mpii_src\usbh_diskio.o
                0x08013e10                disk_status
 .text.disk_read
                0x08013e48      0x134 mpii_src\usbh_diskio.o
                0x08013e48                disk_read
 .text.disk_write
                0x08013f7c      0x158 mpii_src\usbh_diskio.o
                0x08013f7c                disk_write
 .text.disk_ioctl
                0x080140d4       0xd4 mpii_src\usbh_diskio.o
                0x080140d4                disk_ioctl
 .text.get_fattime
                0x080141a8        0xe mpii_src\usbh_diskio.o
                0x080141a8                get_fattime
 *fill*         0x080141b6        0x2 
 .text.write_to_usb
                0x080141b8      0x1b8 mpii_src\write_to_usb.o
 .text.usb_write_archive_task
                0x08014370       0x2c mpii_src\write_to_usb.o
                0x08014370                usb_write_archive_task
 .text.Reset_Handler
                0x0801439c       0x48 startup\startup_stm32f107xc.o
                0x0801439c                Reset_Handler
 .text.Default_Handler
                0x080143e4        0x2 startup\startup_stm32f107xc.o
                0x080143e4                RTC_Alarm_IRQHandler
                0x080143e4                EXTI2_IRQHandler
                0x080143e4                TIM1_CC_IRQHandler
                0x080143e4                TIM6_IRQHandler
                0x080143e4                PVD_IRQHandler
                0x080143e4                CAN2_RX1_IRQHandler
                0x080143e4                EXTI3_IRQHandler
                0x080143e4                EXTI0_IRQHandler
                0x080143e4                I2C2_EV_IRQHandler
                0x080143e4                CAN1_RX0_IRQHandler
                0x080143e4                CAN2_SCE_IRQHandler
                0x080143e4                ADC1_2_IRQHandler
                0x080143e4                SPI1_IRQHandler
                0x080143e4                TAMPER_IRQHandler
                0x080143e4                CAN2_RX0_IRQHandler
                0x080143e4                DMA2_Channel2_IRQHandler
                0x080143e4                USART3_IRQHandler
                0x080143e4                RTC_IRQHandler
                0x080143e4                DMA1_Channel7_IRQHandler
                0x080143e4                CAN1_RX1_IRQHandler
                0x080143e4                UART5_IRQHandler
                0x080143e4                TIM4_IRQHandler
                0x080143e4                DMA2_Channel1_IRQHandler
                0x080143e4                I2C1_EV_IRQHandler
                0x080143e4                DMA1_Channel6_IRQHandler
                0x080143e4                UART4_IRQHandler
                0x080143e4                DMA2_Channel4_IRQHandler
                0x080143e4                RCC_IRQHandler
                0x080143e4                TIM1_TRG_COM_IRQHandler
                0x080143e4                DMA1_Channel1_IRQHandler
                0x080143e4                Default_Handler
                0x080143e4                CAN2_TX_IRQHandler
                0x080143e4                TIM5_IRQHandler
                0x080143e4                EXTI9_5_IRQHandler
                0x080143e4                ETH_WKUP_IRQHandler
                0x080143e4                SPI2_IRQHandler
                0x080143e4                CAN1_TX_IRQHandler
                0x080143e4                DMA2_Channel5_IRQHandler
                0x080143e4                EXTI4_IRQHandler
                0x080143e4                ETH_IRQHandler
                0x080143e4                TIM1_UP_IRQHandler
                0x080143e4                WWDG_IRQHandler
                0x080143e4                TIM2_IRQHandler
                0x080143e4                OTG_FS_WKUP_IRQHandler
                0x080143e4                TIM1_BRK_IRQHandler
                0x080143e4                EXTI1_IRQHandler
                0x080143e4                USART2_IRQHandler
                0x080143e4                I2C2_ER_IRQHandler
                0x080143e4                CAN1_SCE_IRQHandler
                0x080143e4                FLASH_IRQHandler
                0x080143e4                USART1_IRQHandler
                0x080143e4                SPI3_IRQHandler
                0x080143e4                I2C1_ER_IRQHandler
                0x080143e4                DMA2_Channel3_IRQHandler
 *fill*         0x080143e6        0x2 
 .text.__libc_init_array
                0x080143e8       0x48 c:/program files (x86)/atollic/truestudio for stm32 9.0.0/armtools/bin/../lib/gcc/arm-atollic-eabi/6.3.1/../../../../arm-atollic-eabi/lib/armv7-m\libc_nano.a(lib_a-init.o)
                0x080143e8                __libc_init_array
 .text.localtime
                0x08014430       0x24 c:/program files (x86)/atollic/truestudio for stm32 9.0.0/armtools/bin/../lib/gcc/arm-atollic-eabi/6.3.1/../../../../arm-atollic-eabi/lib/armv7-m\libc_nano.a(lib_a-lcltime.o)
                0x08014430                localtime
 .text.localtime_r
                0x08014454      0x1c8 c:/program files (x86)/atollic/truestudio for stm32 9.0.0/armtools/bin/../lib/gcc/arm-atollic-eabi/6.3.1/../../../../arm-atollic-eabi/lib/armv7-m\libc_nano.a(lib_a-lcltime_r.o)
                0x08014454                localtime_r
 .text.__locale_ctype_ptr_l
                0x0801461c        0x6 c:/program files (x86)/atollic/truestudio for stm32 9.0.0/armtools/bin/../lib/gcc/arm-atollic-eabi/6.3.1/../../../../arm-atollic-eabi/lib/armv7-m\libc_nano.a(lib_a-locale.o)
                0x0801461c                __locale_ctype_ptr_l
 *fill*         0x08014622        0x2 
 .text.__locale_ctype_ptr
                0x08014624       0x1c c:/program files (x86)/atollic/truestudio for stm32 9.0.0/armtools/bin/../lib/gcc/arm-atollic-eabi/6.3.1/../../../../arm-atollic-eabi/lib/armv7-m\libc_nano.a(lib_a-locale.o)
                0x08014624                __locale_ctype_ptr
 .text.malloc   0x08014640       0x10 c:/program files (x86)/atollic/truestudio for stm32 9.0.0/armtools/bin/../lib/gcc/arm-atollic-eabi/6.3.1/../../../../arm-atollic-eabi/lib/armv7-m\libc_nano.a(lib_a-malloc.o)
                0x08014640                malloc
 .text.free     0x08014650       0x10 c:/program files (x86)/atollic/truestudio for stm32 9.0.0/armtools/bin/../lib/gcc/arm-atollic-eabi/6.3.1/../../../../arm-atollic-eabi/lib/armv7-m\libc_nano.a(lib_a-malloc.o)
                0x08014650                free
 .text.__ascii_mbtowc
                0x08014660       0x24 c:/program files (x86)/atollic/truestudio for stm32 9.0.0/armtools/bin/../lib/gcc/arm-atollic-eabi/6.3.1/../../../../arm-atollic-eabi/lib/armv7-m\libc_nano.a(lib_a-mbtowc_r.o)
                0x08014660                __ascii_mbtowc
 .text.memcpy   0x08014684       0x16 c:/program files (x86)/atollic/truestudio for stm32 9.0.0/armtools/bin/../lib/gcc/arm-atollic-eabi/6.3.1/../../../../arm-atollic-eabi/lib/armv7-m\libc_nano.a(lib_a-memcpy-stub.o)
                0x08014684                memcpy
 .text.memset   0x0801469a       0x10 c:/program files (x86)/atollic/truestudio for stm32 9.0.0/armtools/bin/../lib/gcc/arm-atollic-eabi/6.3.1/../../../../arm-atollic-eabi/lib/armv7-m\libc_nano.a(lib_a-memset.o)
                0x0801469a                memset
 *fill*         0x080146aa        0x2 
 .text._free_r  0x080146ac       0x98 c:/program files (x86)/atollic/truestudio for stm32 9.0.0/armtools/bin/../lib/gcc/arm-atollic-eabi/6.3.1/../../../../arm-atollic-eabi/lib/armv7-m\libc_nano.a(lib_a-nano-freer.o)
                0x080146ac                _free_r
 .text._malloc_r
                0x08014744       0xbc c:/program files (x86)/atollic/truestudio for stm32 9.0.0/armtools/bin/../lib/gcc/arm-atollic-eabi/6.3.1/../../../../arm-atollic-eabi/lib/armv7-m\libc_nano.a(lib_a-nano-mallocr.o)
                0x08014744                _malloc_r
 .text.printf   0x08014800       0x30 c:/program files (x86)/atollic/truestudio for stm32 9.0.0/armtools/bin/../lib/gcc/arm-atollic-eabi/6.3.1/../../../../arm-atollic-eabi/lib/armv7-m\libc_nano.a(lib_a-printf.o)
                0x08014800                iprintf
                0x08014800                printf
 .text.putchar  0x08014830       0x28 c:/program files (x86)/atollic/truestudio for stm32 9.0.0/armtools/bin/../lib/gcc/arm-atollic-eabi/6.3.1/../../../../arm-atollic-eabi/lib/armv7-m\libc_nano.a(lib_a-putchar.o)
                0x08014830                putchar
 .text._sbrk_r  0x08014858       0x20 c:/program files (x86)/atollic/truestudio for stm32 9.0.0/armtools/bin/../lib/gcc/arm-atollic-eabi/6.3.1/../../../../arm-atollic-eabi/lib/armv7-m\libc_nano.a(lib_a-sbrkr.o)
                0x08014858                _sbrk_r
 .text.sprintf  0x08014878       0x48 c:/program files (x86)/atollic/truestudio for stm32 9.0.0/armtools/bin/../lib/gcc/arm-atollic-eabi/6.3.1/../../../../arm-atollic-eabi/lib/armv7-m\libc_nano.a(lib_a-sprintf.o)
                0x08014878                siprintf
                0x08014878                sprintf
 .text.sscanf   0x080148c0       0x54 c:/program files (x86)/atollic/truestudio for stm32 9.0.0/armtools/bin/../lib/gcc/arm-atollic-eabi/6.3.1/../../../../arm-atollic-eabi/lib/armv7-m\libc_nano.a(lib_a-sscanf.o)
                0x080148c0                siscanf
                0x080148c0                sscanf
 .text.__sread  0x08014914       0x22 c:/program files (x86)/atollic/truestudio for stm32 9.0.0/armtools/bin/../lib/gcc/arm-atollic-eabi/6.3.1/../../../../arm-atollic-eabi/lib/armv7-m\libc_nano.a(lib_a-stdio.o)
                0x08014914                __sread
 .text.__seofread
                0x08014936        0x4 c:/program files (x86)/atollic/truestudio for stm32 9.0.0/armtools/bin/../lib/gcc/arm-atollic-eabi/6.3.1/../../../../arm-atollic-eabi/lib/armv7-m\libc_nano.a(lib_a-stdio.o)
                0x08014936                __seofread
 .text.__swrite
                0x0801493a       0x38 c:/program files (x86)/atollic/truestudio for stm32 9.0.0/armtools/bin/../lib/gcc/arm-atollic-eabi/6.3.1/../../../../arm-atollic-eabi/lib/armv7-m\libc_nano.a(lib_a-stdio.o)
                0x0801493a                __swrite
 .text.__sseek  0x08014972       0x24 c:/program files (x86)/atollic/truestudio for stm32 9.0.0/armtools/bin/../lib/gcc/arm-atollic-eabi/6.3.1/../../../../arm-atollic-eabi/lib/armv7-m\libc_nano.a(lib_a-stdio.o)
                0x08014972                __sseek
 .text.__sclose
                0x08014996        0x8 c:/program files (x86)/atollic/truestudio for stm32 9.0.0/armtools/bin/../lib/gcc/arm-atollic-eabi/6.3.1/../../../../arm-atollic-eabi/lib/armv7-m\libc_nano.a(lib_a-stdio.o)
                0x08014996                __sclose
 .text.strcpy   0x0801499e       0x10 c:/program files (x86)/atollic/truestudio for stm32 9.0.0/armtools/bin/../lib/gcc/arm-atollic-eabi/6.3.1/../../../../arm-atollic-eabi/lib/armv7-m\libc_nano.a(lib_a-strcpy.o)
                0x0801499e                strcpy
 .text.strncmp  0x080149ae       0x24 c:/program files (x86)/atollic/truestudio for stm32 9.0.0/armtools/bin/../lib/gcc/arm-atollic-eabi/6.3.1/../../../../arm-atollic-eabi/lib/armv7-m\libc_nano.a(lib_a-strncmp.o)
                0x080149ae                strncmp
 .text._strtol_l.isra.0
                0x080149d2      0x100 c:/program files (x86)/atollic/truestudio for stm32 9.0.0/armtools/bin/../lib/gcc/arm-atollic-eabi/6.3.1/../../../../arm-atollic-eabi/lib/armv7-m\libc_nano.a(lib_a-strtol.o)
 *fill*         0x08014ad2        0x2 
 .text._strtol_r
                0x08014ad4       0x24 c:/program files (x86)/atollic/truestudio for stm32 9.0.0/armtools/bin/../lib/gcc/arm-atollic-eabi/6.3.1/../../../../arm-atollic-eabi/lib/armv7-m\libc_nano.a(lib_a-strtol.o)
                0x08014ad4                _strtol_r
 .text.__tzcalc_limits
                0x08014af8      0x150 c:/program files (x86)/atollic/truestudio for stm32 9.0.0/armtools/bin/../lib/gcc/arm-atollic-eabi/6.3.1/../../../../arm-atollic-eabi/lib/armv7-m\libc_nano.a(lib_a-tzcalc_limits.o)
                0x08014af8                __tzcalc_limits
 .text.__tz_lock
                0x08014c48        0x2 c:/program files (x86)/atollic/truestudio for stm32 9.0.0/armtools/bin/../lib/gcc/arm-atollic-eabi/6.3.1/../../../../arm-atollic-eabi/lib/armv7-m\libc_nano.a(lib_a-tzlock.o)
                0x08014c48                __tz_lock
 .text.__tz_unlock
                0x08014c4a        0x2 c:/program files (x86)/atollic/truestudio for stm32 9.0.0/armtools/bin/../lib/gcc/arm-atollic-eabi/6.3.1/../../../../arm-atollic-eabi/lib/armv7-m\libc_nano.a(lib_a-tzlock.o)
                0x08014c4a                __tz_unlock
 .text._tzset_unlocked
                0x08014c4c        0xc c:/program files (x86)/atollic/truestudio for stm32 9.0.0/armtools/bin/../lib/gcc/arm-atollic-eabi/6.3.1/../../../../arm-atollic-eabi/lib/armv7-m\libc_nano.a(lib_a-tzset.o)
                0x08014c4c                _tzset_unlocked
 .text._tzset_unlocked_r
                0x08014c58      0x304 c:/program files (x86)/atollic/truestudio for stm32 9.0.0/armtools/bin/../lib/gcc/arm-atollic-eabi/6.3.1/../../../../arm-atollic-eabi/lib/armv7-m\libc_nano.a(lib_a-tzset_r.o)
                0x08014c58                _tzset_unlocked_r
 .text.__swbuf_r
                0x08014f5c       0xa4 c:/program files (x86)/atollic/truestudio for stm32 9.0.0/armtools/bin/../lib/gcc/arm-atollic-eabi/6.3.1/../../../../arm-atollic-eabi/lib/armv7-m\libc_nano.a(lib_a-wbuf.o)
                0x08014f5c                __swbuf_r
 .text.__ascii_wctomb
                0x08015000       0x1a c:/program files (x86)/atollic/truestudio for stm32 9.0.0/armtools/bin/../lib/gcc/arm-atollic-eabi/6.3.1/../../../../arm-atollic-eabi/lib/armv7-m\libc_nano.a(lib_a-wctomb_r.o)
                0x08015000                __ascii_wctomb
 *fill*         0x0801501a        0x2 
 .text._write_r